[0.007s][info][gc,init] CardTable entry size: 512
[0.007s][info][gc     ] Using G1
[0.014s][info][gc,init] Version: 21.0.10+7-Ubuntu-124.04 (release)
[0.014s][info][gc,init] CPUs: 2 total, 2 available
[0.014s][info][gc,init] Memory: 3902M
[0.014s][info][gc,init] Large Page Support: Disabled
[0.014s][info][gc,init] NUMA Support: Disabled
[0.014s][info][gc,init] Compressed Oops: Enabled (32-bit)
[0.014s][info][gc,init] Heap Region Size: 1M
[0.014s][info][gc,init] Heap Min Capacity: 256M
[0.014s][info][gc,init] Heap Initial Capacity: 256M
[0.014s][info][gc,init] Heap Max Capacity: 256M
[0.014s][info][gc,init] Pre-touch: Disabled
[0.014s][info][gc,init] Parallel Workers: 2
[0.014s][info][gc,init] Concurrent Workers: 1
[0.014s][info][gc,init] Concurrent Refinement Workers: 2
[0.014s][info][gc,init] Periodic GC: Disabled
[0.028s][info][gc,metaspace] CDS archive(s) mapped at: [0x0000001000000000-0x0000001000cb0000-0x0000001000cb0000), size 13303808, SharedBaseAddress: 0x0000001000000000, ArchiveRelocationMode: 1.
[0.028s][info][gc,metaspace] Compressed class space mapped at: 0x0000001001000000-0x0000001041000000, reserved size: 1073741824
[0.028s][info][gc,metaspace] Narrow klass base: 0x0000001000000000, Narrow klass shift: 0, Narrow klass range: 0x100000000
[0.205s][info][gc,start    ] GC(0) Pause Young (Concurrent Start) (G1 Humongous Allocation)
[0.206s][info][gc,task     ] GC(0) Using 2 workers of 2 for evacuation
[0.209s][info][gc,phases   ] GC(0)   Pre Evacuate Collection Set: 0.19ms
[0.209s][info][gc,phases   ] GC(0)   Merge Heap Roots: 0.12ms
[0.209s][info][gc,phases   ] GC(0)   Evacuate Collection Set: 1.83ms
[0.209s][info][gc,phases   ] GC(0)   Post Evacuate Collection Set: 0.55ms
[0.209s][info][gc,phases   ] GC(0)   Other: 0.32ms
[0.209s][info][gc,heap     ] GC(0) Eden regions: 6->0(10)
[0.209s][info][gc,heap     ] GC(0) Survivor regions: 0->2(2)
[0.209s][info][gc,heap     ] GC(0) Old regions: 2->4
[0.209s][info][gc,heap     ] GC(0) Humongous regions: 113->9
[0.209s][info][gc,metaspace] GC(0) Metaspace: 356K(576K)->356K(576K) NonClass: 335K(448K)->335K(448K) Class: 21K(128K)->21K(128K)
[0.209s][info][gc          ] GC(0) Pause Young (Concurrent Start) (G1 Humongous Allocation) 119M->13M(256M) 3.250ms
[0.209s][info][gc,cpu      ] GC(0) User=0.00s Sys=0.00s Real=0.01s
[0.209s][info][gc          ] GC(1) Concurrent Undo Cycle
[0.209s][info][gc,marking  ] GC(1) Concurrent Clear Claimed Marks
[0.209s][info][gc,marking  ] GC(1) Concurrent Clear Claimed Marks 0.004ms
[0.209s][info][gc,marking  ] GC(1) Concurrent Cleanup for Next Mark
[0.209s][info][gc,marking  ] GC(1) Concurrent Cleanup for Next Mark 0.057ms
[0.209s][info][gc          ] GC(1) Concurrent Undo Cycle 0.090ms
[0.313s][info][gc,start    ] GC(2) Pause Young (Concurrent Start) (G1 Humongous Allocation)
[0.314s][info][gc,task     ] GC(2) Using 2 workers of 2 for evacuation
[0.323s][info][gc,phases   ] GC(2)   Pre Evacuate Collection Set: 1.91ms
[0.323s][info][gc,phases   ] GC(2)   Merge Heap Roots: 0.21ms
[0.323s][info][gc,phases   ] GC(2)   Evacuate Collection Set: 6.16ms
[0.323s][info][gc,phases   ] GC(2)   Post Evacuate Collection Set: 0.74ms
[0.323s][info][gc,phases   ] GC(2)   Other: 0.60ms
[0.323s][info][gc,heap     ] GC(2) Eden regions: 1->0(11)
[0.323s][info][gc,heap     ] GC(2) Survivor regions: 2->1(2)
[0.323s][info][gc,heap     ] GC(2) Old regions: 4->6
[0.323s][info][gc,heap     ] GC(2) Humongous regions: 111->12
[0.323s][info][gc,metaspace] GC(2) Metaspace: 356K(576K)->356K(576K) NonClass: 335K(448K)->335K(448K) Class: 21K(128K)->21K(128K)
[0.324s][info][gc          ] GC(2) Pause Young (Concurrent Start) (G1 Humongous Allocation) 115M->16M(256M) 10.038ms
[0.324s][info][gc,cpu      ] GC(2) User=0.01s Sys=0.01s Real=0.01s
[0.324s][info][gc          ] GC(3) Concurrent Undo Cycle
[0.324s][info][gc,marking  ] GC(3) Concurrent Clear Claimed Marks
[0.324s][info][gc,marking  ] GC(3) Concurrent Clear Claimed Marks 0.011ms
[0.324s][info][gc,marking  ] GC(3) Concurrent Cleanup for Next Mark
[0.324s][info][gc,marking  ] GC(3) Concurrent Cleanup for Next Mark 0.067ms
[0.324s][info][gc          ] GC(3) Concurrent Undo Cycle 0.177ms
[0.427s][info][gc,start    ] GC(4) Pause Young (Concurrent Start) (G1 Humongous Allocation)
[0.427s][info][gc,task     ] GC(4) Using 2 workers of 2 for evacuation
[0.429s][info][gc,phases   ] GC(4)   Pre Evacuate Collection Set: 0.49ms
[0.429s][info][gc,phases   ] GC(4)   Merge Heap Roots: 0.10ms
[0.429s][info][gc,phases   ] GC(4)   Evacuate Collection Set: 0.66ms
[0.429s][info][gc,phases   ] GC(4)   Post Evacuate Collection Set: 0.48ms
[0.429s][info][gc,phases   ] GC(4)   Other: 0.15ms
[0.429s][info][gc,heap     ] GC(4) Eden regions: 0->0(11)
[0.429s][info][gc,heap     ] GC(4) Survivor regions: 1->1(2)
[0.429s][info][gc,heap     ] GC(4) Old regions: 6->6
[0.429s][info][gc,heap     ] GC(4) Humongous regions: 109->12
[0.429s][info][gc,metaspace] GC(4) Metaspace: 356K(576K)->356K(576K) NonClass: 335K(448K)->335K(448K) Class: 21K(128K)->21K(128K)
[0.429s][info][gc          ] GC(4) Pause Young (Concurrent Start) (G1 Humongous Allocation) 113M->16M(256M) 2.229ms
[0.429s][info][gc,cpu      ] GC(4) User=0.00s Sys=0.00s Real=0.00s
[0.429s][info][gc          ] GC(5) Concurrent Undo Cycle
[0.429s][info][gc,marking  ] GC(5) Concurrent Clear Claimed Marks
[0.429s][info][gc,marking  ] GC(5) Concurrent Clear Claimed Marks 0.007ms
[0.429s][info][gc,marking  ] GC(5) Concurrent Cleanup for Next Mark
[0.431s][info][gc,marking  ] GC(5) Concurrent Cleanup for Next Mark 1.805ms
[0.431s][info][gc          ] GC(5) Concurrent Undo Cycle 2.022ms
[0.436s][info][gc,start    ] GC(6) Pause Young (Concurrent Start) (G1 Humongous Allocation)
[0.436s][info][gc,task     ] GC(6) Using 2 workers of 2 for evacuation
[0.446s][info][gc,phases   ] GC(6)   Pre Evacuate Collection Set: 0.44ms
[0.446s][info][gc,phases   ] GC(6)   Merge Heap Roots: 0.13ms
[0.446s][info][gc,phases   ] GC(6)   Evacuate Collection Set: 8.55ms
[0.446s][info][gc,phases   ] GC(6)   Post Evacuate Collection Set: 0.67ms
[0.446s][info][gc,phases   ] GC(6)   Other: 0.21ms
[0.446s][info][gc,heap     ] GC(6) Eden regions: 1->0(11)
[0.446s][info][gc,heap     ] GC(6) Survivor regions: 1->1(2)
[0.446s][info][gc,heap     ] GC(6) Old regions: 6->6
[0.446s][info][gc,heap     ] GC(6) Humongous regions: 109->15
[0.446s][info][gc,metaspace] GC(6) Metaspace: 356K(576K)->356K(576K) NonClass: 335K(448K)->335K(448K) Class: 21K(128K)->21K(128K)
[0.446s][info][gc          ] GC(6) Pause Young (Concurrent Start) (G1 Humongous Allocation) 113M->19M(256M) 10.259ms
[0.446s][info][gc,cpu      ] GC(6) User=0.01s Sys=0.00s Real=0.01s
[0.446s][info][gc          ] GC(7) Concurrent Undo Cycle
[0.447s][info][gc,marking  ] GC(7) Concurrent Clear Claimed Marks
[0.447s][info][gc,marking  ] GC(7) Concurrent Clear Claimed Marks 0.008ms
[0.447s][info][gc,marking  ] GC(7) Concurrent Cleanup for Next Mark
[0.447s][info][gc,marking  ] GC(7) Concurrent Cleanup for Next Mark 0.089ms
[0.447s][info][gc          ] GC(7) Concurrent Undo Cycle 0.136ms
[0.556s][info][gc,start    ] GC(8) Pause Young (Concurrent Start) (G1 Humongous Allocation)
[0.557s][info][gc,task     ] GC(8) Using 2 workers of 2 for evacuation
[0.560s][info][gc,phases   ] GC(8)   Pre Evacuate Collection Set: 0.97ms
[0.560s][info][gc,phases   ] GC(8)   Merge Heap Roots: 0.10ms
[0.560s][info][gc,phases   ] GC(8)   Evacuate Collection Set: 0.90ms
[0.560s][info][gc,phases   ] GC(8)   Post Evacuate Collection Set: 0.58ms
[0.560s][info][gc,phases   ] GC(8)   Other: 0.26ms
[0.560s][info][gc,heap     ] GC(8) Eden regions: 1->0(11)
[0.560s][info][gc,heap     ] GC(8) Survivor regions: 1->1(2)
[0.560s][info][gc,heap     ] GC(8) Old regions: 6->6
[0.560s][info][gc,heap     ] GC(8) Humongous regions: 109->18
[0.560s][info][gc,metaspace] GC(8) Metaspace: 356K(576K)->356K(576K) NonClass: 335K(448K)->335K(448K) Class: 21K(128K)->21K(128K)
[0.560s][info][gc          ] GC(8) Pause Young (Concurrent Start) (G1 Humongous Allocation) 113M->22M(256M) 4.058ms
[0.560s][info][gc,cpu      ] GC(8) User=0.00s Sys=0.00s Real=0.01s
[0.560s][info][gc          ] GC(9) Concurrent Undo Cycle
[0.560s][info][gc,marking  ] GC(9) Concurrent Clear Claimed Marks
[0.560s][info][gc,marking  ] GC(9) Concurrent Clear Claimed Marks 0.064ms
[0.560s][info][gc,marking  ] GC(9) Concurrent Cleanup for Next Mark
[0.560s][info][gc,marking  ] GC(9) Concurrent Cleanup for Next Mark 0.073ms
[0.560s][info][gc          ] GC(9) Concurrent Undo Cycle 0.179ms
[0.677s][info][gc,start    ] GC(10) Pause Young (Concurrent Start) (G1 Humongous Allocation)
[0.678s][info][gc,task     ] GC(10) Using 2 workers of 2 for evacuation
[0.682s][info][gc,phases   ] GC(10)   Pre Evacuate Collection Set: 1.68ms
[0.682s][info][gc,phases   ] GC(10)   Merge Heap Roots: 0.11ms
[0.682s][info][gc,phases   ] GC(10)   Evacuate Collection Set: 0.99ms
[0.682s][info][gc,phases   ] GC(10)   Post Evacuate Collection Set: 0.90ms
[0.682s][info][gc,phases   ] GC(10)   Other: 0.29ms
[0.682s][info][gc,heap     ] GC(10) Eden regions: 1->0(11)
[0.682s][info][gc,heap     ] GC(10) Survivor regions: 1->1(2)
[0.682s][info][gc,heap     ] GC(10) Old regions: 6->6
[0.682s][info][gc,heap     ] GC(10) Humongous regions: 109->21
[0.682s][info][gc,metaspace] GC(10) Metaspace: 356K(576K)->356K(576K) NonClass: 335K(448K)->335K(448K) Class: 21K(128K)->21K(128K)
[0.682s][info][gc          ] GC(10) Pause Young (Concurrent Start) (G1 Humongous Allocation) 113M->25M(256M) 4.601ms
[0.682s][info][gc          ] GC(11) Concurrent Undo Cycle
[0.682s][info][gc,marking  ] GC(11) Concurrent Clear Claimed Marks
[0.682s][info][gc,marking  ] GC(11) Concurrent Clear Claimed Marks 0.010ms
[0.682s][info][gc,marking  ] GC(11) Concurrent Cleanup for Next Mark
[0.682s][info][gc,cpu      ] GC(10) User=0.01s Sys=0.00s Real=0.00s
[0.683s][info][gc,marking  ] GC(11) Concurrent Cleanup for Next Mark 0.855ms
[0.683s][info][gc          ] GC(11) Concurrent Undo Cycle 0.930ms
[0.791s][info][gc,start    ] GC(12) Pause Young (Concurrent Start) (G1 Humongous Allocation)
[0.791s][info][gc,task     ] GC(12) Using 2 workers of 2 for evacuation
[0.794s][info][gc,phases   ] GC(12)   Pre Evacuate Collection Set: 0.56ms
[0.794s][info][gc,phases   ] GC(12)   Merge Heap Roots: 0.17ms
[0.794s][info][gc,phases   ] GC(12)   Evacuate Collection Set: 0.65ms
[0.794s][info][gc,phases   ] GC(12)   Post Evacuate Collection Set: 0.85ms
[0.794s][info][gc,phases   ] GC(12)   Other: 0.55ms
[0.794s][info][gc,heap     ] GC(12) Eden regions: 1->0(11)
[0.794s][info][gc,heap     ] GC(12) Survivor regions: 1->1(2)
[0.794s][info][gc,heap     ] GC(12) Old regions: 6->6
[0.794s][info][gc,heap     ] GC(12) Humongous regions: 109->24
[0.794s][info][gc,metaspace] GC(12) Metaspace: 356K(576K)->356K(576K) NonClass: 335K(448K)->335K(448K) Class: 21K(128K)->21K(128K)
[0.794s][info][gc          ] GC(12) Pause Young (Concurrent Start) (G1 Humongous Allocation) 113M->28M(256M) 3.210ms
[0.794s][info][gc,cpu      ] GC(12) User=0.00s Sys=0.00s Real=0.00s
[0.794s][info][gc          ] GC(13) Concurrent Undo Cycle
[0.794s][info][gc,marking  ] GC(13) Concurrent Clear Claimed Marks
[0.794s][info][gc,marking  ] GC(13) Concurrent Clear Claimed Marks 0.010ms
[0.794s][info][gc,marking  ] GC(13) Concurrent Cleanup for Next Mark
[0.795s][info][gc,marking  ] GC(13) Concurrent Cleanup for Next Mark 0.719ms
[0.795s][info][gc          ] GC(13) Concurrent Undo Cycle 0.871ms
[0.902s][info][gc,start    ] GC(14) Pause Young (Concurrent Start) (G1 Humongous Allocation)
[0.902s][info][gc,task     ] GC(14) Using 2 workers of 2 for evacuation
[0.905s][info][gc,phases   ] GC(14)   Pre Evacuate Collection Set: 0.96ms
[0.905s][info][gc,phases   ] GC(14)   Merge Heap Roots: 0.11ms
[0.905s][info][gc,phases   ] GC(14)   Evacuate Collection Set: 0.91ms
[0.905s][info][gc,phases   ] GC(14)   Post Evacuate Collection Set: 0.67ms
[0.905s][info][gc,phases   ] GC(14)   Other: 0.30ms
[0.905s][info][gc,heap     ] GC(14) Eden regions: 1->0(11)
[0.905s][info][gc,heap     ] GC(14) Survivor regions: 1->1(2)
[0.905s][info][gc,heap     ] GC(14) Old regions: 6->6
[0.905s][info][gc,heap     ] GC(14) Humongous regions: 109->27
[0.906s][info][gc,metaspace] GC(14) Metaspace: 356K(576K)->356K(576K) NonClass: 335K(448K)->335K(448K) Class: 21K(128K)->21K(128K)
[0.906s][info][gc          ] GC(14) Pause Young (Concurrent Start) (G1 Humongous Allocation) 113M->31M(256M) 3.302ms
[0.906s][info][gc,cpu      ] GC(14) User=0.00s Sys=0.00s Real=0.00s
[0.906s][info][gc          ] GC(15) Concurrent Undo Cycle
[0.906s][info][gc,marking  ] GC(15) Concurrent Clear Claimed Marks
[0.906s][info][gc,marking  ] GC(15) Concurrent Clear Claimed Marks 0.011ms
[0.906s][info][gc,marking  ] GC(15) Concurrent Cleanup for Next Mark
[0.906s][info][gc,marking  ] GC(15) Concurrent Cleanup for Next Mark 0.138ms
[0.906s][info][gc          ] GC(15) Concurrent Undo Cycle 0.190ms
[1.020s][info][gc,start    ] GC(16) Pause Young (Concurrent Start) (G1 Humongous Allocation)
[1.021s][info][gc,task     ] GC(16) Using 2 workers of 2 for evacuation
[1.025s][info][gc,phases   ] GC(16)   Pre Evacuate Collection Set: 1.38ms
[1.025s][info][gc,phases   ] GC(16)   Merge Heap Roots: 0.09ms
[1.025s][info][gc,phases   ] GC(16)   Evacuate Collection Set: 1.39ms
[1.025s][info][gc,phases   ] GC(16)   Post Evacuate Collection Set: 0.89ms
[1.025s][info][gc,phases   ] GC(16)   Other: 0.22ms
[1.025s][info][gc,heap     ] GC(16) Eden regions: 1->0(11)
[1.025s][info][gc,heap     ] GC(16) Survivor regions: 1->1(2)
[1.025s][info][gc,heap     ] GC(16) Old regions: 6->6
[1.025s][info][gc,heap     ] GC(16) Humongous regions: 109->30
[1.025s][info][gc,metaspace] GC(16) Metaspace: 356K(576K)->356K(576K) NonClass: 335K(448K)->335K(448K) Class: 21K(128K)->21K(128K)
[1.025s][info][gc          ] GC(16) Pause Young (Concurrent Start) (G1 Humongous Allocation) 113M->34M(256M) 4.314ms
[1.025s][info][gc,cpu      ] GC(16) User=0.00s Sys=0.00s Real=0.00s
[1.025s][info][gc          ] GC(17) Concurrent Undo Cycle
[1.025s][info][gc,marking  ] GC(17) Concurrent Clear Claimed Marks
[1.025s][info][gc,marking  ] GC(17) Concurrent Clear Claimed Marks 0.028ms
[1.025s][info][gc,marking  ] GC(17) Concurrent Cleanup for Next Mark
[1.025s][info][gc,marking  ] GC(17) Concurrent Cleanup for Next Mark 0.114ms
[1.025s][info][gc          ] GC(17) Concurrent Undo Cycle 0.240ms
[1.029s][info][gc,start    ] GC(18) Pause Young (Concurrent Start) (G1 Humongous Allocation)
[1.029s][info][gc,task     ] GC(18) Using 2 workers of 2 for evacuation
[1.033s][info][gc,phases   ] GC(18)   Pre Evacuate Collection Set: 0.67ms
[1.033s][info][gc,phases   ] GC(18)   Merge Heap Roots: 0.09ms
[1.033s][info][gc,phases   ] GC(18)   Evacuate Collection Set: 1.04ms
[1.033s][info][gc,phases   ] GC(18)   Post Evacuate Collection Set: 2.02ms
[1.033s][info][gc,phases   ] GC(18)   Other: 0.27ms
[1.033s][info][gc,heap     ] GC(18) Eden regions: 0->0(11)
[1.033s][info][gc,heap     ] GC(18) Survivor regions: 1->1(2)
[1.033s][info][gc,heap     ] GC(18) Old regions: 6->6
[1.033s][info][gc,heap     ] GC(18) Humongous regions: 109->30
[1.033s][info][gc,metaspace] GC(18) Metaspace: 356K(576K)->356K(576K) NonClass: 335K(448K)->335K(448K) Class: 21K(128K)->21K(128K)
[1.034s][info][gc          ] GC(18) Pause Young (Concurrent Start) (G1 Humongous Allocation) 113M->34M(256M) 4.390ms
[1.034s][info][gc,cpu      ] GC(18) User=0.00s Sys=0.00s Real=0.00s
[1.034s][info][gc          ] GC(19) Concurrent Undo Cycle
[1.034s][info][gc,marking  ] GC(19) Concurrent Clear Claimed Marks
[1.034s][info][gc,marking  ] GC(19) Concurrent Clear Claimed Marks 0.009ms
[1.034s][info][gc,marking  ] GC(19) Concurrent Cleanup for Next Mark
[1.034s][info][gc,marking  ] GC(19) Concurrent Cleanup for Next Mark 0.086ms
[1.034s][info][gc          ] GC(19) Concurrent Undo Cycle 0.134ms
[1.144s][info][gc,start    ] GC(20) Pause Young (Concurrent Start) (G1 Humongous Allocation)
[1.144s][info][gc,task     ] GC(20) Using 2 workers of 2 for evacuation
[1.146s][info][gc,phases   ] GC(20)   Pre Evacuate Collection Set: 0.52ms
[1.146s][info][gc,phases   ] GC(20)   Merge Heap Roots: 0.04ms
[1.146s][info][gc,phases   ] GC(20)   Evacuate Collection Set: 0.63ms
[1.146s][info][gc,phases   ] GC(20)   Post Evacuate Collection Set: 0.58ms
[1.146s][info][gc,phases   ] GC(20)   Other: 0.14ms
[1.146s][info][gc,heap     ] GC(20) Eden regions: 1->0(11)
[1.146s][info][gc,heap     ] GC(20) Survivor regions: 1->1(2)
[1.146s][info][gc,heap     ] GC(20) Old regions: 6->6
[1.146s][info][gc,heap     ] GC(20) Humongous regions: 109->33
[1.146s][info][gc,metaspace] GC(20) Metaspace: 356K(576K)->356K(576K) NonClass: 335K(448K)->335K(448K) Class: 21K(128K)->21K(128K)
[1.146s][info][gc          ] GC(20) Pause Young (Concurrent Start) (G1 Humongous Allocation) 113M->37M(256M) 2.679ms
[1.146s][info][gc,cpu      ] GC(20) User=0.01s Sys=0.00s Real=0.01s
[1.146s][info][gc          ] GC(21) Concurrent Undo Cycle
[1.146s][info][gc,marking  ] GC(21) Concurrent Clear Claimed Marks
[1.146s][info][gc,marking  ] GC(21) Concurrent Clear Claimed Marks 0.010ms
[1.146s][info][gc,marking  ] GC(21) Concurrent Cleanup for Next Mark
[1.147s][info][gc,marking  ] GC(21) Concurrent Cleanup for Next Mark 0.081ms
[1.147s][info][gc          ] GC(21) Concurrent Undo Cycle 0.129ms
[1.252s][info][gc,start    ] GC(22) Pause Young (Concurrent Start) (G1 Humongous Allocation)
[1.252s][info][gc,task     ] GC(22) Using 2 workers of 2 for evacuation
[1.256s][info][gc,phases   ] GC(22)   Pre Evacuate Collection Set: 0.29ms
[1.256s][info][gc,phases   ] GC(22)   Merge Heap Roots: 0.33ms
[1.256s][info][gc,phases   ] GC(22)   Evacuate Collection Set: 1.40ms
[1.256s][info][gc,phases   ] GC(22)   Post Evacuate Collection Set: 1.16ms
[1.256s][info][gc,phases   ] GC(22)   Other: 0.21ms
[1.256s][info][gc,heap     ] GC(22) Eden regions: 1->0(12)
[1.256s][info][gc,heap     ] GC(22) Survivor regions: 1->1(2)
[1.256s][info][gc,heap     ] GC(22) Old regions: 6->6
[1.256s][info][gc,heap     ] GC(22) Humongous regions: 109->36
[1.256s][info][gc,metaspace] GC(22) Metaspace: 356K(576K)->356K(576K) NonClass: 335K(448K)->335K(448K) Class: 21K(128K)->21K(128K)
[1.256s][info][gc          ] GC(22) Pause Young (Concurrent Start) (G1 Humongous Allocation) 113M->40M(256M) 3.690ms
[1.256s][info][gc,cpu      ] GC(22) User=0.00s Sys=0.00s Real=0.00s
[1.257s][info][gc          ] GC(23) Concurrent Undo Cycle
[1.257s][info][gc,marking  ] GC(23) Concurrent Clear Claimed Marks
[1.257s][info][gc,marking  ] GC(23) Concurrent Clear Claimed Marks 0.008ms
[1.257s][info][gc,marking  ] GC(23) Concurrent Cleanup for Next Mark
[1.258s][info][gc,marking  ] GC(23) Concurrent Cleanup for Next Mark 0.246ms
[1.258s][info][gc          ] GC(23) Concurrent Undo Cycle 0.367ms
[1.362s][info][gc,start    ] GC(24) Pause Young (Concurrent Start) (G1 Humongous Allocation)
[1.362s][info][gc,task     ] GC(24) Using 2 workers of 2 for evacuation
[1.372s][info][gc,phases   ] GC(24)   Pre Evacuate Collection Set: 0.88ms
[1.372s][info][gc,phases   ] GC(24)   Merge Heap Roots: 0.08ms
[1.372s][info][gc,phases   ] GC(24)   Evacuate Collection Set: 4.87ms
[1.372s][info][gc,phases   ] GC(24)   Post Evacuate Collection Set: 3.54ms
[1.372s][info][gc,phases   ] GC(24)   Other: 0.82ms
[1.372s][info][gc,heap     ] GC(24) Eden regions: 1->0(21)
[1.372s][info][gc,heap     ] GC(24) Survivor regions: 1->1(2)
[1.372s][info][gc,heap     ] GC(24) Old regions: 6->6
[1.372s][info][gc,heap     ] GC(24) Humongous regions: 109->39
[1.372s][info][gc,metaspace] GC(24) Metaspace: 356K(576K)->356K(576K) NonClass: 335K(448K)->335K(448K) Class: 21K(128K)->21K(128K)
[1.372s][info][gc          ] GC(24) Pause Young (Concurrent Start) (G1 Humongous Allocation) 113M->43M(256M) 10.662ms
[1.372s][info][gc,cpu      ] GC(24) User=0.00s Sys=0.00s Real=0.01s
[1.374s][info][gc          ] GC(25) Concurrent Undo Cycle
[1.374s][info][gc,marking  ] GC(25) Concurrent Clear Claimed Marks
[1.374s][info][gc,marking  ] GC(25) Concurrent Clear Claimed Marks 0.013ms
[1.374s][info][gc,marking  ] GC(25) Concurrent Cleanup for Next Mark
[1.374s][info][gc,marking  ] GC(25) Concurrent Cleanup for Next Mark 0.081ms
[1.374s][info][gc          ] GC(25) Concurrent Undo Cycle 0.147ms
[1.379s][info][gc,start    ] GC(26) Pause Young (Concurrent Start) (G1 Humongous Allocation)
[1.379s][info][gc,task     ] GC(26) Using 2 workers of 2 for evacuation
[1.382s][info][gc,phases   ] GC(26)   Pre Evacuate Collection Set: 0.73ms
[1.382s][info][gc,phases   ] GC(26)   Merge Heap Roots: 0.12ms
[1.382s][info][gc,phases   ] GC(26)   Evacuate Collection Set: 0.84ms
[1.382s][info][gc,phases   ] GC(26)   Post Evacuate Collection Set: 0.76ms
[1.382s][info][gc,phases   ] GC(26)   Other: 0.25ms
[1.382s][info][gc,heap     ] GC(26) Eden regions: 0->0(26)
[1.382s][info][gc,heap     ] GC(26) Survivor regions: 1->1(3)
[1.382s][info][gc,heap     ] GC(26) Old regions: 6->6
[1.382s][info][gc,heap     ] GC(26) Humongous regions: 109->39
[1.382s][info][gc,metaspace] GC(26) Metaspace: 356K(576K)->356K(576K) NonClass: 335K(448K)->335K(448K) Class: 21K(128K)->21K(128K)
[1.382s][info][gc          ] GC(26) Pause Young (Concurrent Start) (G1 Humongous Allocation) 113M->43M(256M) 3.129ms
[1.382s][info][gc,cpu      ] GC(26) User=0.00s Sys=0.00s Real=0.00s
[1.382s][info][gc          ] GC(27) Concurrent Undo Cycle
[1.382s][info][gc,marking  ] GC(27) Concurrent Clear Claimed Marks
[1.382s][info][gc,marking  ] GC(27) Concurrent Clear Claimed Marks 0.010ms
[1.382s][info][gc,marking  ] GC(27) Concurrent Cleanup for Next Mark
[1.383s][info][gc,marking  ] GC(27) Concurrent Cleanup for Next Mark 0.860ms
[1.383s][info][gc          ] GC(27) Concurrent Undo Cycle 0.928ms
[1.488s][info][gc,start    ] GC(28) Pause Young (Concurrent Start) (G1 Humongous Allocation)
[1.488s][info][gc,task     ] GC(28) Using 2 workers of 2 for evacuation
[1.491s][info][gc,phases   ] GC(28)   Pre Evacuate Collection Set: 0.89ms
[1.491s][info][gc,phases   ] GC(28)   Merge Heap Roots: 0.35ms
[1.491s][info][gc,phases   ] GC(28)   Evacuate Collection Set: 0.76ms
[1.491s][info][gc,phases   ] GC(28)   Post Evacuate Collection Set: 0.82ms
[1.491s][info][gc,phases   ] GC(28)   Other: 0.36ms
[1.491s][info][gc,heap     ] GC(28) Eden regions: 1->0(47)
[1.491s][info][gc,heap     ] GC(28) Survivor regions: 1->1(4)
[1.491s][info][gc,heap     ] GC(28) Old regions: 6->6
[1.491s][info][gc,heap     ] GC(28) Humongous regions: 109->42
[1.491s][info][gc,metaspace] GC(28) Metaspace: 356K(576K)->356K(576K) NonClass: 335K(448K)->335K(448K) Class: 21K(128K)->21K(128K)
[1.491s][info][gc          ] GC(28) Pause Young (Concurrent Start) (G1 Humongous Allocation) 113M->46M(256M) 3.457ms
[1.491s][info][gc,cpu      ] GC(28) User=0.00s Sys=0.01s Real=0.00s
[1.493s][info][gc          ] GC(29) Concurrent Undo Cycle
[1.493s][info][gc,marking  ] GC(29) Concurrent Clear Claimed Marks
[1.493s][info][gc,marking  ] GC(29) Concurrent Clear Claimed Marks 0.006ms
[1.493s][info][gc,marking  ] GC(29) Concurrent Cleanup for Next Mark
[1.493s][info][gc,marking  ] GC(29) Concurrent Cleanup for Next Mark 0.068ms
[1.493s][info][gc          ] GC(29) Concurrent Undo Cycle 0.115ms
[1.597s][info][gc,start    ] GC(30) Pause Young (Concurrent Start) (G1 Humongous Allocation)
[1.597s][info][gc,task     ] GC(30) Using 2 workers of 2 for evacuation
[1.601s][info][gc,phases   ] GC(30)   Pre Evacuate Collection Set: 1.25ms
[1.602s][info][gc,phases   ] GC(30)   Merge Heap Roots: 0.23ms
[1.602s][info][gc,phases   ] GC(30)   Evacuate Collection Set: 1.55ms
[1.602s][info][gc,phases   ] GC(30)   Post Evacuate Collection Set: 0.95ms
[1.602s][info][gc,phases   ] GC(30)   Other: 0.51ms
[1.602s][info][gc,heap     ] GC(30) Eden regions: 1->0(67)
[1.602s][info][gc,heap     ] GC(30) Survivor regions: 1->1(6)
[1.602s][info][gc,heap     ] GC(30) Old regions: 6->6
[1.602s][info][gc,heap     ] GC(30) Humongous regions: 109->45
[1.602s][info][gc,metaspace] GC(30) Metaspace: 356K(576K)->356K(576K) NonClass: 335K(448K)->335K(448K) Class: 21K(128K)->21K(128K)
[1.602s][info][gc          ] GC(30) Pause Young (Concurrent Start) (G1 Humongous Allocation) 113M->49M(256M) 5.049ms
[1.602s][info][gc,cpu      ] GC(30) User=0.00s Sys=0.00s Real=0.00s
[1.605s][info][gc          ] GC(31) Concurrent Undo Cycle
[1.605s][info][gc,marking  ] GC(31) Concurrent Clear Claimed Marks
[1.605s][info][gc,marking  ] GC(31) Concurrent Clear Claimed Marks 0.015ms
[1.605s][info][gc,marking  ] GC(31) Concurrent Cleanup for Next Mark
[1.605s][info][gc,marking  ] GC(31) Concurrent Cleanup for Next Mark 0.095ms
[1.605s][info][gc          ] GC(31) Concurrent Undo Cycle 0.214ms
[1.605s][info][gc,start    ] GC(32) Pause Young (Concurrent Start) (G1 Humongous Allocation)
[1.605s][info][gc,task     ] GC(32) Using 2 workers of 2 for evacuation
[1.609s][info][gc,phases   ] GC(32)   Pre Evacuate Collection Set: 1.52ms
[1.609s][info][gc,phases   ] GC(32)   Merge Heap Roots: 0.11ms
[1.609s][info][gc,phases   ] GC(32)   Evacuate Collection Set: 0.93ms
[1.609s][info][gc,phases   ] GC(32)   Post Evacuate Collection Set: 0.62ms
[1.609s][info][gc,phases   ] GC(32)   Other: 0.12ms
[1.609s][info][gc,heap     ] GC(32) Eden regions: 0->0(74)
[1.609s][info][gc,heap     ] GC(32) Survivor regions: 1->1(9)
[1.609s][info][gc,heap     ] GC(32) Old regions: 6->6
[1.609s][info][gc,heap     ] GC(32) Humongous regions: 113->45
[1.609s][info][gc,metaspace] GC(32) Metaspace: 356K(576K)->356K(576K) NonClass: 335K(448K)->335K(448K) Class: 21K(128K)->21K(128K)
[1.609s][info][gc          ] GC(32) Pause Young (Concurrent Start) (G1 Humongous Allocation) 117M->49M(256M) 3.501ms
[1.609s][info][gc,cpu      ] GC(32) User=0.00s Sys=0.00s Real=0.01s
[1.609s][info][gc          ] GC(33) Concurrent Undo Cycle
[1.609s][info][gc,marking  ] GC(33) Concurrent Clear Claimed Marks
[1.609s][info][gc,marking  ] GC(33) Concurrent Clear Claimed Marks 0.006ms
[1.609s][info][gc,marking  ] GC(33) Concurrent Cleanup for Next Mark
[1.609s][info][gc,marking  ] GC(33) Concurrent Cleanup for Next Mark 0.051ms
[1.609s][info][gc          ] GC(33) Concurrent Undo Cycle 0.084ms
[1.724s][info][gc,start    ] GC(34) Pause Young (Concurrent Start) (G1 Humongous Allocation)
[1.724s][info][gc,task     ] GC(34) Using 2 workers of 2 for evacuation
[1.726s][info][gc,phases   ] GC(34)   Pre Evacuate Collection Set: 0.31ms
[1.726s][info][gc,phases   ] GC(34)   Merge Heap Roots: 0.09ms
[1.726s][info][gc,phases   ] GC(34)   Evacuate Collection Set: 0.40ms
[1.726s][info][gc,phases   ] GC(34)   Post Evacuate Collection Set: 0.35ms
[1.726s][info][gc,phases   ] GC(34)   Other: 0.19ms
[1.726s][info][gc,heap     ] GC(34) Eden regions: 1->0(108)
[1.726s][info][gc,heap     ] GC(34) Survivor regions: 1->1(10)
[1.726s][info][gc,heap     ] GC(34) Old regions: 6->6
[1.726s][info][gc,heap     ] GC(34) Humongous regions: 109->48
[1.726s][info][gc,metaspace] GC(34) Metaspace: 356K(576K)->356K(576K) NonClass: 335K(448K)->335K(448K) Class: 21K(128K)->21K(128K)
[1.726s][info][gc          ] GC(34) Pause Young (Concurrent Start) (G1 Humongous Allocation) 113M->52M(256M) 1.620ms
[1.726s][info][gc,cpu      ] GC(34) User=0.00s Sys=0.00s Real=0.00s
[1.726s][info][gc          ] GC(35) Concurrent Undo Cycle
[1.726s][info][gc,marking  ] GC(35) Concurrent Clear Claimed Marks
[1.726s][info][gc,marking  ] GC(35) Concurrent Clear Claimed Marks 0.005ms
[1.726s][info][gc,marking  ] GC(35) Concurrent Cleanup for Next Mark
[1.726s][info][gc,marking  ] GC(35) Concurrent Cleanup for Next Mark 0.038ms
[1.726s][info][gc          ] GC(35) Concurrent Undo Cycle 0.070ms
[1.829s][info][gc,start    ] GC(36) Pause Young (Concurrent Start) (G1 Humongous Allocation)
[1.829s][info][gc,task     ] GC(36) Using 2 workers of 2 for evacuation
[1.830s][info][gc,phases   ] GC(36)   Pre Evacuate Collection Set: 0.34ms
[1.830s][info][gc,phases   ] GC(36)   Merge Heap Roots: 0.02ms
[1.830s][info][gc,phases   ] GC(36)   Evacuate Collection Set: 0.54ms
[1.830s][info][gc,phases   ] GC(36)   Post Evacuate Collection Set: 0.43ms
[1.830s][info][gc,phases   ] GC(36)   Other: 0.08ms
[1.830s][info][gc,heap     ] GC(36) Eden regions: 1->0(152)
[1.830s][info][gc,heap     ] GC(36) Survivor regions: 1->1(14)
[1.830s][info][gc,heap     ] GC(36) Old regions: 6->6
[1.830s][info][gc,heap     ] GC(36) Humongous regions: 109->51
[1.830s][info][gc,metaspace] GC(36) Metaspace: 356K(576K)->356K(576K) NonClass: 335K(448K)->335K(448K) Class: 21K(128K)->21K(128K)
[1.830s][info][gc          ] GC(36) Pause Young (Concurrent Start) (G1 Humongous Allocation) 113M->55M(256M) 1.718ms
[1.830s][info][gc,cpu      ] GC(36) User=0.00s Sys=0.00s Real=0.00s
[1.830s][info][gc          ] GC(37) Concurrent Undo Cycle
[1.830s][info][gc,marking  ] GC(37) Concurrent Clear Claimed Marks
[1.830s][info][gc,marking  ] GC(37) Concurrent Clear Claimed Marks 0.027ms
[1.830s][info][gc,marking  ] GC(37) Concurrent Cleanup for Next Mark
[1.830s][info][gc,marking  ] GC(37) Concurrent Cleanup for Next Mark 0.045ms
[1.830s][info][gc          ] GC(37) Concurrent Undo Cycle 0.105ms
[1.831s][info][gc,start    ] GC(38) Pause Young (Concurrent Start) (G1 Humongous Allocation)
[1.831s][info][gc,task     ] GC(38) Using 2 workers of 2 for evacuation
[1.832s][info][gc,phases   ] GC(38)   Pre Evacuate Collection Set: 0.19ms
[1.832s][info][gc,phases   ] GC(38)   Merge Heap Roots: 0.06ms
[1.832s][info][gc,phases   ] GC(38)   Evacuate Collection Set: 0.31ms
[1.832s][info][gc,phases   ] GC(38)   Post Evacuate Collection Set: 0.26ms
[1.832s][info][gc,phases   ] GC(38)   Other: 0.11ms
[1.832s][info][gc,heap     ] GC(38) Eden regions: 0->0(152)
[1.832s][info][gc,heap     ] GC(38) Survivor regions: 1->1(20)
[1.832s][info][gc,heap     ] GC(38) Old regions: 6->6
[1.832s][info][gc,heap     ] GC(38) Humongous regions: 109->51
[1.832s][info][gc,metaspace] GC(38) Metaspace: 356K(576K)->356K(576K) NonClass: 335K(448K)->335K(448K) Class: 21K(128K)->21K(128K)
[1.832s][info][gc          ] GC(38) Pause Young (Concurrent Start) (G1 Humongous Allocation) 113M->55M(256M) 1.017ms
[1.832s][info][gc,cpu      ] GC(38) User=0.00s Sys=0.00s Real=0.00s
[1.832s][info][gc          ] GC(39) Concurrent Undo Cycle
[1.832s][info][gc,marking  ] GC(39) Concurrent Clear Claimed Marks
[1.832s][info][gc,marking  ] GC(39) Concurrent Clear Claimed Marks 0.004ms
[1.832s][info][gc,marking  ] GC(39) Concurrent Cleanup for Next Mark
[1.833s][info][gc,marking  ] GC(39) Concurrent Cleanup for Next Mark 0.057ms
[1.833s][info][gc          ] GC(39) Concurrent Undo Cycle 0.087ms
[1.937s][info][gc,start    ] GC(40) Pause Young (Concurrent Start) (G1 Humongous Allocation)
[1.937s][info][gc,task     ] GC(40) Using 2 workers of 2 for evacuation
[1.938s][info][gc,phases   ] GC(40)   Pre Evacuate Collection Set: 0.37ms
[1.938s][info][gc,phases   ] GC(40)   Merge Heap Roots: 0.07ms
[1.938s][info][gc,phases   ] GC(40)   Evacuate Collection Set: 0.72ms
[1.938s][info][gc,phases   ] GC(40)   Post Evacuate Collection Set: 0.40ms
[1.938s][info][gc,phases   ] GC(40)   Other: 0.16ms
[1.938s][info][gc,heap     ] GC(40) Eden regions: 1->0(152)
[1.938s][info][gc,heap     ] GC(40) Survivor regions: 1->1(20)
[1.938s][info][gc,heap     ] GC(40) Old regions: 6->6
[1.938s][info][gc,heap     ] GC(40) Humongous regions: 109->54
[1.938s][info][gc,metaspace] GC(40) Metaspace: 356K(576K)->356K(576K) NonClass: 335K(448K)->335K(448K) Class: 21K(128K)->21K(128K)
[1.938s][info][gc          ] GC(40) Pause Young (Concurrent Start) (G1 Humongous Allocation) 113M->58M(256M) 1.923ms
[1.938s][info][gc,cpu      ] GC(40) User=0.00s Sys=0.00s Real=0.00s
[1.939s][info][gc          ] GC(41) Concurrent Undo Cycle
[1.939s][info][gc,marking  ] GC(41) Concurrent Clear Claimed Marks
[1.939s][info][gc,marking  ] GC(41) Concurrent Clear Claimed Marks 0.006ms
[1.939s][info][gc,marking  ] GC(41) Concurrent Cleanup for Next Mark
[1.939s][info][gc,marking  ] GC(41) Concurrent Cleanup for Next Mark 0.044ms
[1.939s][info][gc          ] GC(41) Concurrent Undo Cycle 0.080ms
[1.940s][info][gc,start    ] GC(42) Pause Young (Concurrent Start) (G1 Humongous Allocation)
[1.940s][info][gc,task     ] GC(42) Using 2 workers of 2 for evacuation
[1.941s][info][gc,phases   ] GC(42)   Pre Evacuate Collection Set: 0.21ms
[1.941s][info][gc,phases   ] GC(42)   Merge Heap Roots: 0.08ms
[1.941s][info][gc,phases   ] GC(42)   Evacuate Collection Set: 0.41ms
[1.941s][info][gc,phases   ] GC(42)   Post Evacuate Collection Set: 0.59ms
[1.941s][info][gc,phases   ] GC(42)   Other: 0.16ms
[1.941s][info][gc,heap     ] GC(42) Eden regions: 0->0(152)
[1.941s][info][gc,heap     ] GC(42) Survivor regions: 1->1(20)
[1.941s][info][gc,heap     ] GC(42) Old regions: 6->6
[1.941s][info][gc,heap     ] GC(42) Humongous regions: 109->54
[1.941s][info][gc,metaspace] GC(42) Metaspace: 356K(576K)->356K(576K) NonClass: 335K(448K)->335K(448K) Class: 21K(128K)->21K(128K)
[1.942s][info][gc          ] GC(42) Pause Young (Concurrent Start) (G1 Humongous Allocation) 113M->58M(256M) 1.607ms
[1.942s][info][gc,cpu      ] GC(42) User=0.00s Sys=0.01s Real=0.00s
[1.942s][info][gc          ] GC(43) Concurrent Undo Cycle
[1.942s][info][gc,marking  ] GC(43) Concurrent Clear Claimed Marks
[1.942s][info][gc,marking  ] GC(43) Concurrent Clear Claimed Marks 0.006ms
[1.942s][info][gc,marking  ] GC(43) Concurrent Cleanup for Next Mark
[1.942s][info][gc,marking  ] GC(43) Concurrent Cleanup for Next Mark 0.569ms
[1.942s][info][gc          ] GC(43) Concurrent Undo Cycle 0.617ms
[2.044s][info][gc,start    ] GC(44) Pause Young (Concurrent Start) (G1 Humongous Allocation)
[2.044s][info][gc,task     ] GC(44) Using 2 workers of 2 for evacuation
[2.047s][info][gc,phases   ] GC(44)   Pre Evacuate Collection Set: 0.37ms
[2.047s][info][gc,phases   ] GC(44)   Merge Heap Roots: 0.21ms
[2.047s][info][gc,phases   ] GC(44)   Evacuate Collection Set: 0.57ms
[2.047s][info][gc,phases   ] GC(44)   Post Evacuate Collection Set: 0.77ms
[2.047s][info][gc,phases   ] GC(44)   Other: 0.20ms
[2.047s][info][gc,heap     ] GC(44) Eden regions: 1->0(152)
[2.047s][info][gc,heap     ] GC(44) Survivor regions: 1->1(20)
[2.047s][info][gc,heap     ] GC(44) Old regions: 6->6
[2.047s][info][gc,heap     ] GC(44) Humongous regions: 109->57
[2.047s][info][gc,metaspace] GC(44) Metaspace: 356K(576K)->356K(576K) NonClass: 335K(448K)->335K(448K) Class: 21K(128K)->21K(128K)
[2.047s][info][gc          ] GC(44) Pause Young (Concurrent Start) (G1 Humongous Allocation) 113M->61M(256M) 2.406ms
[2.047s][info][gc,cpu      ] GC(44) User=0.00s Sys=0.00s Real=0.01s
[2.047s][info][gc          ] GC(45) Concurrent Undo Cycle
[2.047s][info][gc,marking  ] GC(45) Concurrent Clear Claimed Marks
[2.047s][info][gc,marking  ] GC(45) Concurrent Clear Claimed Marks 0.010ms
[2.047s][info][gc,marking  ] GC(45) Concurrent Cleanup for Next Mark
[2.047s][info][gc,marking  ] GC(45) Concurrent Cleanup for Next Mark 0.118ms
[2.047s][info][gc          ] GC(45) Concurrent Undo Cycle 0.193ms
[2.051s][info][gc,start    ] GC(46) Pause Young (Concurrent Start) (G1 Humongous Allocation)
[2.051s][info][gc,task     ] GC(46) Using 2 workers of 2 for evacuation
[2.055s][info][gc,phases   ] GC(46)   Pre Evacuate Collection Set: 1.35ms
[2.055s][info][gc,phases   ] GC(46)   Merge Heap Roots: 0.18ms
[2.055s][info][gc,phases   ] GC(46)   Evacuate Collection Set: 1.21ms
[2.055s][info][gc,phases   ] GC(46)   Post Evacuate Collection Set: 1.12ms
[2.055s][info][gc,phases   ] GC(46)   Other: 0.25ms
[2.055s][info][gc,heap     ] GC(46) Eden regions: 0->0(152)
[2.055s][info][gc,heap     ] GC(46) Survivor regions: 1->1(20)
[2.055s][info][gc,heap     ] GC(46) Old regions: 6->6
[2.055s][info][gc,heap     ] GC(46) Humongous regions: 109->57
[2.055s][info][gc,metaspace] GC(46) Metaspace: 356K(576K)->356K(576K) NonClass: 335K(448K)->335K(448K) Class: 21K(128K)->21K(128K)
[2.055s][info][gc          ] GC(46) Pause Young (Concurrent Start) (G1 Humongous Allocation) 113M->61M(256M) 4.304ms
[2.055s][info][gc,cpu      ] GC(46) User=0.00s Sys=0.00s Real=0.00s
[2.055s][info][gc          ] GC(47) Concurrent Undo Cycle
[2.055s][info][gc,marking  ] GC(47) Concurrent Clear Claimed Marks
[2.055s][info][gc,marking  ] GC(47) Concurrent Clear Claimed Marks 0.008ms
[2.055s][info][gc,marking  ] GC(47) Concurrent Cleanup for Next Mark
[2.055s][info][gc,marking  ] GC(47) Concurrent Cleanup for Next Mark 0.090ms
[2.055s][info][gc          ] GC(47) Concurrent Undo Cycle 0.151ms
[2.162s][info][gc,start    ] GC(48) Pause Young (Concurrent Start) (G1 Humongous Allocation)
[2.162s][info][gc,task     ] GC(48) Using 2 workers of 2 for evacuation
[2.169s][info][gc,phases   ] GC(48)   Pre Evacuate Collection Set: 0.55ms
[2.169s][info][gc,phases   ] GC(48)   Merge Heap Roots: 0.23ms
[2.169s][info][gc,phases   ] GC(48)   Evacuate Collection Set: 5.15ms
[2.169s][info][gc,phases   ] GC(48)   Post Evacuate Collection Set: 0.62ms
[2.169s][info][gc,phases   ] GC(48)   Other: 0.30ms
[2.169s][info][gc,heap     ] GC(48) Eden regions: 1->0(152)
[2.169s][info][gc,heap     ] GC(48) Survivor regions: 1->1(20)
[2.169s][info][gc,heap     ] GC(48) Old regions: 6->6
[2.169s][info][gc,heap     ] GC(48) Humongous regions: 109->60
[2.169s][info][gc,metaspace] GC(48) Metaspace: 356K(576K)->356K(576K) NonClass: 335K(448K)->335K(448K) Class: 21K(128K)->21K(128K)
[2.169s][info][gc          ] GC(48) Pause Young (Concurrent Start) (G1 Humongous Allocation) 113M->64M(256M) 7.150ms
[2.169s][info][gc,cpu      ] GC(48) User=0.00s Sys=0.00s Real=0.01s
[2.169s][info][gc          ] GC(49) Concurrent Undo Cycle
[2.169s][info][gc,marking  ] GC(49) Concurrent Clear Claimed Marks
[2.169s][info][gc,marking  ] GC(49) Concurrent Clear Claimed Marks 0.007ms
[2.169s][info][gc,marking  ] GC(49) Concurrent Cleanup for Next Mark
[2.170s][info][gc,marking  ] GC(49) Concurrent Cleanup for Next Mark 1.522ms
[2.170s][info][gc          ] GC(49) Concurrent Undo Cycle 1.597ms
[2.171s][info][gc,start    ] GC(50) Pause Young (Concurrent Start) (G1 Humongous Allocation)
[2.171s][info][gc,task     ] GC(50) Using 2 workers of 2 for evacuation
[2.172s][info][gc,phases   ] GC(50)   Pre Evacuate Collection Set: 0.24ms
[2.172s][info][gc,phases   ] GC(50)   Merge Heap Roots: 0.07ms
[2.172s][info][gc,phases   ] GC(50)   Evacuate Collection Set: 0.42ms
[2.172s][info][gc,phases   ] GC(50)   Post Evacuate Collection Set: 0.54ms
[2.172s][info][gc,phases   ] GC(50)   Other: 0.12ms
[2.172s][info][gc,heap     ] GC(50) Eden regions: 0->0(152)
[2.172s][info][gc,heap     ] GC(50) Survivor regions: 1->1(20)
[2.172s][info][gc,heap     ] GC(50) Old regions: 6->6
[2.172s][info][gc,heap     ] GC(50) Humongous regions: 117->60
[2.172s][info][gc,metaspace] GC(50) Metaspace: 356K(576K)->356K(576K) NonClass: 335K(448K)->335K(448K) Class: 21K(128K)->21K(128K)
[2.172s][info][gc          ] GC(50) Pause Young (Concurrent Start) (G1 Humongous Allocation) 121M->64M(256M) 1.496ms
[2.172s][info][gc,cpu      ] GC(50) User=0.00s Sys=0.00s Real=0.00s
[2.172s][info][gc          ] GC(51) Concurrent Undo Cycle
[2.172s][info][gc,marking  ] GC(51) Concurrent Clear Claimed Marks
[2.172s][info][gc,marking  ] GC(51) Concurrent Clear Claimed Marks 0.005ms
[2.172s][info][gc,marking  ] GC(51) Concurrent Cleanup for Next Mark
[2.172s][info][gc,marking  ] GC(51) Concurrent Cleanup for Next Mark 0.309ms
[2.172s][info][gc          ] GC(51) Concurrent Undo Cycle 0.342ms
[2.279s][info][gc,start    ] GC(52) Pause Young (Concurrent Start) (G1 Humongous Allocation)
[2.279s][info][gc,task     ] GC(52) Using 2 workers of 2 for evacuation
[2.282s][info][gc,phases   ] GC(52)   Pre Evacuate Collection Set: 0.68ms
[2.282s][info][gc,phases   ] GC(52)   Merge Heap Roots: 0.17ms
[2.282s][info][gc,phases   ] GC(52)   Evacuate Collection Set: 0.83ms
[2.282s][info][gc,phases   ] GC(52)   Post Evacuate Collection Set: 0.56ms
[2.282s][info][gc,phases   ] GC(52)   Other: 0.22ms
[2.282s][info][gc,heap     ] GC(52) Eden regions: 1->0(152)
[2.282s][info][gc,heap     ] GC(52) Survivor regions: 1->1(20)
[2.282s][info][gc,heap     ] GC(52) Old regions: 6->6
[2.282s][info][gc,heap     ] GC(52) Humongous regions: 109->63
[2.282s][info][gc,metaspace] GC(52) Metaspace: 356K(576K)->356K(576K) NonClass: 335K(448K)->335K(448K) Class: 21K(128K)->21K(128K)
[2.282s][info][gc          ] GC(52) Pause Young (Concurrent Start) (G1 Humongous Allocation) 113M->67M(256M) 2.812ms
[2.282s][info][gc,cpu      ] GC(52) User=0.00s Sys=0.00s Real=0.00s
[2.282s][info][gc          ] GC(53) Concurrent Undo Cycle
[2.282s][info][gc,marking  ] GC(53) Concurrent Clear Claimed Marks
[2.282s][info][gc,marking  ] GC(53) Concurrent Clear Claimed Marks 0.008ms
[2.282s][info][gc,marking  ] GC(53) Concurrent Cleanup for Next Mark
[2.284s][info][gc,marking  ] GC(53) Concurrent Cleanup for Next Mark 2.330ms
[2.284s][info][gc          ] GC(53) Concurrent Undo Cycle 2.401ms
[2.284s][info][gc,start    ] GC(54) Pause Young (Concurrent Start) (G1 Humongous Allocation)
[2.284s][info][gc,task     ] GC(54) Using 2 workers of 2 for evacuation
[2.288s][info][gc,phases   ] GC(54)   Pre Evacuate Collection Set: 0.60ms
[2.288s][info][gc,phases   ] GC(54)   Merge Heap Roots: 0.13ms
[2.288s][info][gc,phases   ] GC(54)   Evacuate Collection Set: 0.46ms
[2.288s][info][gc,phases   ] GC(54)   Post Evacuate Collection Set: 1.91ms
[2.288s][info][gc,phases   ] GC(54)   Other: 0.29ms
[2.288s][info][gc,heap     ] GC(54) Eden regions: 0->0(152)
[2.288s][info][gc,heap     ] GC(54) Survivor regions: 1->1(20)
[2.288s][info][gc,heap     ] GC(54) Old regions: 6->6
[2.288s][info][gc,heap     ] GC(54) Humongous regions: 120->63
[2.288s][info][gc,metaspace] GC(54) Metaspace: 356K(576K)->356K(576K) NonClass: 335K(448K)->335K(448K) Class: 21K(128K)->21K(128K)
[2.288s][info][gc          ] GC(54) Pause Young (Concurrent Start) (G1 Humongous Allocation) 124M->67M(256M) 3.631ms
[2.288s][info][gc          ] GC(55) Concurrent Undo Cycle
[2.288s][info][gc,marking  ] GC(55) Concurrent Clear Claimed Marks
[2.288s][info][gc,marking  ] GC(55) Concurrent Clear Claimed Marks 0.043ms
[2.288s][info][gc,marking  ] GC(55) Concurrent Cleanup for Next Mark
[2.288s][info][gc,cpu      ] GC(54) User=0.00s Sys=0.00s Real=0.01s
[2.288s][info][gc,marking  ] GC(55) Concurrent Cleanup for Next Mark 0.090ms
[2.288s][info][gc          ] GC(55) Concurrent Undo Cycle 0.165ms
[2.396s][info][gc,start    ] GC(56) Pause Young (Concurrent Start) (G1 Humongous Allocation)
[2.396s][info][gc,task     ] GC(56) Using 2 workers of 2 for evacuation
[2.405s][info][gc,phases   ] GC(56)   Pre Evacuate Collection Set: 1.44ms
[2.405s][info][gc,phases   ] GC(56)   Merge Heap Roots: 0.33ms
[2.405s][info][gc,phases   ] GC(56)   Evacuate Collection Set: 5.82ms
[2.405s][info][gc,phases   ] GC(56)   Post Evacuate Collection Set: 0.60ms
[2.405s][info][gc,phases   ] GC(56)   Other: 0.65ms
[2.405s][info][gc,heap     ] GC(56) Eden regions: 1->0(11)
[2.405s][info][gc,heap     ] GC(56) Survivor regions: 1->1(20)
[2.405s][info][gc,heap     ] GC(56) Old regions: 6->6
[2.405s][info][gc,heap     ] GC(56) Humongous regions: 109->66
[2.405s][info][gc,metaspace] GC(56) Metaspace: 356K(576K)->356K(576K) NonClass: 335K(448K)->335K(448K) Class: 21K(128K)->21K(128K)
[2.405s][info][gc          ] GC(56) Pause Young (Concurrent Start) (G1 Humongous Allocation) 113M->70M(256M) 9.699ms
[2.405s][info][gc,cpu      ] GC(56) User=0.01s Sys=0.00s Real=0.01s
[2.405s][info][gc          ] GC(57) Concurrent Undo Cycle
[2.405s][info][gc,marking  ] GC(57) Concurrent Clear Claimed Marks
[2.405s][info][gc,marking  ] GC(57) Concurrent Clear Claimed Marks 0.013ms
[2.405s][info][gc,marking  ] GC(57) Concurrent Cleanup for Next Mark
[2.406s][info][gc,marking  ] GC(57) Concurrent Cleanup for Next Mark 0.069ms
[2.406s][info][gc          ] GC(57) Concurrent Undo Cycle 0.126ms
[2.410s][info][gc,start    ] GC(58) Pause Young (Concurrent Start) (G1 Humongous Allocation)
[2.410s][info][gc,task     ] GC(58) Using 2 workers of 2 for evacuation
[2.413s][info][gc,phases   ] GC(58)   Pre Evacuate Collection Set: 0.67ms
[2.413s][info][gc,phases   ] GC(58)   Merge Heap Roots: 0.10ms
[2.413s][info][gc,phases   ] GC(58)   Evacuate Collection Set: 0.98ms
[2.413s][info][gc,phases   ] GC(58)   Post Evacuate Collection Set: 0.80ms
[2.413s][info][gc,phases   ] GC(58)   Other: 0.19ms
[2.413s][info][gc,heap     ] GC(58) Eden regions: 0->0(11)
[2.413s][info][gc,heap     ] GC(58) Survivor regions: 1->1(2)
[2.413s][info][gc,heap     ] GC(58) Old regions: 6->6
[2.413s][info][gc,heap     ] GC(58) Humongous regions: 109->66
[2.413s][info][gc,metaspace] GC(58) Metaspace: 356K(576K)->356K(576K) NonClass: 335K(448K)->335K(448K) Class: 21K(128K)->21K(128K)
[2.413s][info][gc          ] GC(58) Pause Young (Concurrent Start) (G1 Humongous Allocation) 113M->70M(256M) 3.286ms
[2.413s][info][gc,cpu      ] GC(58) User=0.00s Sys=0.00s Real=0.00s
[2.414s][info][gc          ] GC(59) Concurrent Undo Cycle
[2.414s][info][gc,marking  ] GC(59) Concurrent Clear Claimed Marks
[2.414s][info][gc,marking  ] GC(59) Concurrent Clear Claimed Marks 0.009ms
[2.414s][info][gc,marking  ] GC(59) Concurrent Cleanup for Next Mark
[2.415s][info][gc,marking  ] GC(59) Concurrent Cleanup for Next Mark 1.573ms
[2.415s][info][gc          ] GC(59) Concurrent Undo Cycle 1.733ms
[2.517s][info][gc,start    ] GC(60) Pause Young (Concurrent Start) (G1 Humongous Allocation)
[2.518s][info][gc,task     ] GC(60) Using 2 workers of 2 for evacuation
[2.520s][info][gc,phases   ] GC(60)   Pre Evacuate Collection Set: 0.32ms
[2.520s][info][gc,phases   ] GC(60)   Merge Heap Roots: 0.03ms
[2.520s][info][gc,phases   ] GC(60)   Evacuate Collection Set: 0.93ms
[2.520s][info][gc,phases   ] GC(60)   Post Evacuate Collection Set: 0.77ms
[2.520s][info][gc,phases   ] GC(60)   Other: 0.12ms
[2.520s][info][gc,heap     ] GC(60) Eden regions: 1->0(11)
[2.520s][info][gc,heap     ] GC(60) Survivor regions: 1->1(2)
[2.520s][info][gc,heap     ] GC(60) Old regions: 6->6
[2.520s][info][gc,heap     ] GC(60) Humongous regions: 109->69
[2.520s][info][gc,metaspace] GC(60) Metaspace: 356K(576K)->356K(576K) NonClass: 335K(448K)->335K(448K) Class: 21K(128K)->21K(128K)
[2.520s][info][gc          ] GC(60) Pause Young (Concurrent Start) (G1 Humongous Allocation) 113M->73M(256M) 2.462ms
[2.520s][info][gc,cpu      ] GC(60) User=0.01s Sys=0.00s Real=0.00s
[2.520s][info][gc          ] GC(61) Concurrent Undo Cycle
[2.520s][info][gc,marking  ] GC(61) Concurrent Clear Claimed Marks
[2.520s][info][gc,marking  ] GC(61) Concurrent Clear Claimed Marks 0.010ms
[2.520s][info][gc,marking  ] GC(61) Concurrent Cleanup for Next Mark
[2.520s][info][gc,marking  ] GC(61) Concurrent Cleanup for Next Mark 0.053ms
[2.520s][info][gc          ] GC(61) Concurrent Undo Cycle 0.142ms
[2.522s][info][gc,start    ] GC(62) Pause Young (Concurrent Start) (G1 Humongous Allocation)
[2.522s][info][gc,task     ] GC(62) Using 2 workers of 2 for evacuation
[2.525s][info][gc,phases   ] GC(62)   Pre Evacuate Collection Set: 0.34ms
[2.525s][info][gc,phases   ] GC(62)   Merge Heap Roots: 1.09ms
[2.525s][info][gc,phases   ] GC(62)   Evacuate Collection Set: 1.32ms
[2.525s][info][gc,phases   ] GC(62)   Post Evacuate Collection Set: 0.65ms
[2.525s][info][gc,phases   ] GC(62)   Other: 0.27ms
[2.525s][info][gc,heap     ] GC(62) Eden regions: 0->0(11)
[2.525s][info][gc,heap     ] GC(62) Survivor regions: 1->1(2)
[2.525s][info][gc,heap     ] GC(62) Old regions: 6->6
[2.525s][info][gc,heap     ] GC(62) Humongous regions: 109->69
[2.525s][info][gc,metaspace] GC(62) Metaspace: 356K(576K)->356K(576K) NonClass: 335K(448K)->335K(448K) Class: 21K(128K)->21K(128K)
[2.525s][info][gc          ] GC(62) Pause Young (Concurrent Start) (G1 Humongous Allocation) 113M->73M(256M) 3.832ms
[2.525s][info][gc,cpu      ] GC(62) User=0.00s Sys=0.00s Real=0.00s
[2.527s][info][gc          ] GC(63) Concurrent Undo Cycle
[2.527s][info][gc,marking  ] GC(63) Concurrent Clear Claimed Marks
[2.527s][info][gc,marking  ] GC(63) Concurrent Clear Claimed Marks 0.006ms
[2.527s][info][gc,marking  ] GC(63) Concurrent Cleanup for Next Mark
[2.527s][info][gc,marking  ] GC(63) Concurrent Cleanup for Next Mark 0.037ms
[2.527s][info][gc          ] GC(63) Concurrent Undo Cycle 0.075ms
[2.528s][info][gc,start    ] GC(64) Pause Young (Concurrent Start) (G1 Humongous Allocation)
[2.528s][info][gc,task     ] GC(64) Using 2 workers of 2 for evacuation
[2.530s][info][gc,phases   ] GC(64)   Pre Evacuate Collection Set: 0.89ms
[2.530s][info][gc,phases   ] GC(64)   Merge Heap Roots: 0.10ms
[2.530s][info][gc,phases   ] GC(64)   Evacuate Collection Set: 0.65ms
[2.530s][info][gc,phases   ] GC(64)   Post Evacuate Collection Set: 0.37ms
[2.530s][info][gc,phases   ] GC(64)   Other: 0.29ms
[2.530s][info][gc,heap     ] GC(64) Eden regions: 0->0(11)
[2.530s][info][gc,heap     ] GC(64) Survivor regions: 1->1(2)
[2.530s][info][gc,heap     ] GC(64) Old regions: 6->6
[2.530s][info][gc,heap     ] GC(64) Humongous regions: 109->69
[2.530s][info][gc,metaspace] GC(64) Metaspace: 356K(576K)->356K(576K) NonClass: 335K(448K)->335K(448K) Class: 21K(128K)->21K(128K)
[2.530s][info][gc          ] GC(64) Pause Young (Concurrent Start) (G1 Humongous Allocation) 113M->73M(256M) 2.425ms
[2.530s][info][gc,cpu      ] GC(64) User=0.00s Sys=0.01s Real=0.00s
[2.530s][info][gc          ] GC(65) Concurrent Undo Cycle
[2.530s][info][gc,marking  ] GC(65) Concurrent Clear Claimed Marks
[2.530s][info][gc,marking  ] GC(65) Concurrent Clear Claimed Marks 0.006ms
[2.530s][info][gc,marking  ] GC(65) Concurrent Cleanup for Next Mark
[2.530s][info][gc,marking  ] GC(65) Concurrent Cleanup for Next Mark 0.043ms
[2.530s][info][gc          ] GC(65) Concurrent Undo Cycle 0.111ms
[2.640s][info][gc,start    ] GC(66) Pause Young (Concurrent Start) (G1 Humongous Allocation)
[2.641s][info][gc,task     ] GC(66) Using 2 workers of 2 for evacuation
[2.644s][info][gc,phases   ] GC(66)   Pre Evacuate Collection Set: 1.68ms
[2.644s][info][gc,phases   ] GC(66)   Merge Heap Roots: 0.20ms
[2.644s][info][gc,phases   ] GC(66)   Evacuate Collection Set: 0.45ms
[2.644s][info][gc,phases   ] GC(66)   Post Evacuate Collection Set: 0.48ms
[2.644s][info][gc,phases   ] GC(66)   Other: 0.35ms
[2.644s][info][gc,heap     ] GC(66) Eden regions: 1->0(11)
[2.644s][info][gc,heap     ] GC(66) Survivor regions: 1->1(2)
[2.644s][info][gc,heap     ] GC(66) Old regions: 6->6
[2.644s][info][gc,heap     ] GC(66) Humongous regions: 109->72
[2.644s][info][gc,metaspace] GC(66) Metaspace: 356K(576K)->356K(576K) NonClass: 335K(448K)->335K(448K) Class: 21K(128K)->21K(128K)
[2.644s][info][gc          ] GC(66) Pause Young (Concurrent Start) (G1 Humongous Allocation) 113M->76M(256M) 3.512ms
[2.644s][info][gc,cpu      ] GC(66) User=0.00s Sys=0.00s Real=0.00s
[2.644s][info][gc          ] GC(67) Concurrent Undo Cycle
[2.644s][info][gc,marking  ] GC(67) Concurrent Clear Claimed Marks
[2.644s][info][gc,marking  ] GC(67) Concurrent Clear Claimed Marks 0.007ms
[2.644s][info][gc,marking  ] GC(67) Concurrent Cleanup for Next Mark
[2.644s][info][gc,marking  ] GC(67) Concurrent Cleanup for Next Mark 0.047ms
[2.644s][info][gc          ] GC(67) Concurrent Undo Cycle 0.088ms
[2.645s][info][gc,start    ] GC(68) Pause Young (Concurrent Start) (G1 Humongous Allocation)
[2.645s][info][gc,task     ] GC(68) Using 2 workers of 2 for evacuation
[2.646s][info][gc,phases   ] GC(68)   Pre Evacuate Collection Set: 0.24ms
[2.646s][info][gc,phases   ] GC(68)   Merge Heap Roots: 0.09ms
[2.646s][info][gc,phases   ] GC(68)   Evacuate Collection Set: 0.23ms
[2.646s][info][gc,phases   ] GC(68)   Post Evacuate Collection Set: 0.54ms
[2.646s][info][gc,phases   ] GC(68)   Other: 0.14ms
[2.646s][info][gc,heap     ] GC(68) Eden regions: 0->0(11)
[2.646s][info][gc,heap     ] GC(68) Survivor regions: 1->1(2)
[2.646s][info][gc,heap     ] GC(68) Old regions: 6->6
[2.646s][info][gc,heap     ] GC(68) Humongous regions: 109->72
[2.646s][info][gc,metaspace] GC(68) Metaspace: 356K(576K)->356K(576K) NonClass: 335K(448K)->335K(448K) Class: 21K(128K)->21K(128K)
[2.646s][info][gc          ] GC(68) Pause Young (Concurrent Start) (G1 Humongous Allocation) 113M->76M(256M) 1.334ms
[2.646s][info][gc,cpu      ] GC(68) User=0.00s Sys=0.00s Real=0.01s
[2.646s][info][gc          ] GC(69) Concurrent Undo Cycle
[2.646s][info][gc,marking  ] GC(69) Concurrent Clear Claimed Marks
[2.646s][info][gc,marking  ] GC(69) Concurrent Clear Claimed Marks 0.005ms
[2.646s][info][gc,marking  ] GC(69) Concurrent Cleanup for Next Mark
[2.646s][info][gc,marking  ] GC(69) Concurrent Cleanup for Next Mark 0.047ms
[2.646s][info][gc          ] GC(69) Concurrent Undo Cycle 0.087ms
[2.749s][info][gc,start    ] GC(70) Pause Young (Concurrent Start) (G1 Humongous Allocation)
[2.749s][info][gc,task     ] GC(70) Using 2 workers of 2 for evacuation
[2.754s][info][gc,phases   ] GC(70)   Pre Evacuate Collection Set: 1.42ms
[2.754s][info][gc,phases   ] GC(70)   Merge Heap Roots: 0.42ms
[2.754s][info][gc,phases   ] GC(70)   Evacuate Collection Set: 1.00ms
[2.754s][info][gc,phases   ] GC(70)   Post Evacuate Collection Set: 1.10ms
[2.754s][info][gc,phases   ] GC(70)   Other: 0.35ms
[2.754s][info][gc,heap     ] GC(70) Eden regions: 1->0(11)
[2.754s][info][gc,heap     ] GC(70) Survivor regions: 1->1(2)
[2.754s][info][gc,heap     ] GC(70) Old regions: 6->6
[2.754s][info][gc,heap     ] GC(70) Humongous regions: 109->75
[2.754s][info][gc,metaspace] GC(70) Metaspace: 356K(576K)->356K(576K) NonClass: 335K(448K)->335K(448K) Class: 21K(128K)->21K(128K)
[2.754s][info][gc          ] GC(70) Pause Young (Concurrent Start) (G1 Humongous Allocation) 113M->79M(256M) 5.137ms
[2.754s][info][gc,cpu      ] GC(70) User=0.00s Sys=0.00s Real=0.00s
[2.754s][info][gc          ] GC(71) Concurrent Undo Cycle
[2.754s][info][gc,marking  ] GC(71) Concurrent Clear Claimed Marks
[2.754s][info][gc,marking  ] GC(71) Concurrent Clear Claimed Marks 0.012ms
[2.754s][info][gc,marking  ] GC(71) Concurrent Cleanup for Next Mark
[2.754s][info][gc,marking  ] GC(71) Concurrent Cleanup for Next Mark 0.095ms
[2.754s][info][gc          ] GC(71) Concurrent Undo Cycle 0.161ms
[2.756s][info][gc,start    ] GC(72) Pause Young (Concurrent Start) (G1 Humongous Allocation)
[2.756s][info][gc,task     ] GC(72) Using 2 workers of 2 for evacuation
[2.763s][info][gc,phases   ] GC(72)   Pre Evacuate Collection Set: 0.54ms
[2.763s][info][gc,phases   ] GC(72)   Merge Heap Roots: 0.56ms
[2.763s][info][gc,phases   ] GC(72)   Evacuate Collection Set: 4.34ms
[2.763s][info][gc,phases   ] GC(72)   Post Evacuate Collection Set: 0.87ms
[2.763s][info][gc,phases   ] GC(72)   Other: 0.24ms
[2.763s][info][gc,heap     ] GC(72) Eden regions: 0->0(16)
[2.763s][info][gc,heap     ] GC(72) Survivor regions: 1->1(2)
[2.763s][info][gc,heap     ] GC(72) Old regions: 6->6
[2.763s][info][gc,heap     ] GC(72) Humongous regions: 109->75
[2.763s][info][gc,metaspace] GC(72) Metaspace: 356K(576K)->356K(576K) NonClass: 335K(448K)->335K(448K) Class: 21K(128K)->21K(128K)
[2.763s][info][gc          ] GC(72) Pause Young (Concurrent Start) (G1 Humongous Allocation) 113M->79M(256M) 6.810ms
[2.763s][info][gc          ] GC(73) Concurrent Undo Cycle
[2.763s][info][gc,marking  ] GC(73) Concurrent Clear Claimed Marks
[2.763s][info][gc,marking  ] GC(73) Concurrent Clear Claimed Marks 0.008ms
[2.763s][info][gc,marking  ] GC(73) Concurrent Cleanup for Next Mark
[2.763s][info][gc,cpu      ] GC(72) User=0.00s Sys=0.00s Real=0.01s
[2.765s][info][gc,marking  ] GC(73) Concurrent Cleanup for Next Mark 1.474ms
[2.765s][info][gc          ] GC(73) Concurrent Undo Cycle 1.568ms
[2.768s][info][gc,start    ] GC(74) Pause Young (Concurrent Start) (G1 Humongous Allocation)
[2.768s][info][gc,task     ] GC(74) Using 2 workers of 2 for evacuation
[2.770s][info][gc,phases   ] GC(74)   Pre Evacuate Collection Set: 0.33ms
[2.770s][info][gc,phases   ] GC(74)   Merge Heap Roots: 0.16ms
[2.770s][info][gc,phases   ] GC(74)   Evacuate Collection Set: 0.44ms
[2.770s][info][gc,phases   ] GC(74)   Post Evacuate Collection Set: 0.56ms
[2.770s][info][gc,phases   ] GC(74)   Other: 0.30ms
[2.770s][info][gc,heap     ] GC(74) Eden regions: 0->0(24)
[2.770s][info][gc,heap     ] GC(74) Survivor regions: 1->1(3)
[2.770s][info][gc,heap     ] GC(74) Old regions: 6->6
[2.770s][info][gc,heap     ] GC(74) Humongous regions: 109->75
[2.770s][info][gc,metaspace] GC(74) Metaspace: 356K(576K)->356K(576K) NonClass: 335K(448K)->335K(448K) Class: 21K(128K)->21K(128K)
[2.770s][info][gc          ] GC(74) Pause Young (Concurrent Start) (G1 Humongous Allocation) 113M->79M(256M) 2.000ms
[2.770s][info][gc,cpu      ] GC(74) User=0.00s Sys=0.00s Real=0.00s
[2.770s][info][gc          ] GC(75) Concurrent Undo Cycle
[2.770s][info][gc,marking  ] GC(75) Concurrent Clear Claimed Marks
[2.770s][info][gc,marking  ] GC(75) Concurrent Clear Claimed Marks 0.007ms
[2.770s][info][gc,marking  ] GC(75) Concurrent Cleanup for Next Mark
[2.770s][info][gc,marking  ] GC(75) Concurrent Cleanup for Next Mark 0.061ms
[2.770s][info][gc          ] GC(75) Concurrent Undo Cycle 0.104ms
[2.874s][info][gc,start    ] GC(76) Pause Young (Concurrent Start) (G1 Humongous Allocation)
[2.874s][info][gc,task     ] GC(76) Using 2 workers of 2 for evacuation
[2.878s][info][gc,phases   ] GC(76)   Pre Evacuate Collection Set: 1.13ms
[2.878s][info][gc,phases   ] GC(76)   Merge Heap Roots: 0.27ms
[2.878s][info][gc,phases   ] GC(76)   Evacuate Collection Set: 0.71ms
[2.878s][info][gc,phases   ] GC(76)   Post Evacuate Collection Set: 1.01ms
[2.878s][info][gc,phases   ] GC(76)   Other: 0.55ms
[2.878s][info][gc,heap     ] GC(76) Eden regions: 1->0(45)
[2.878s][info][gc,heap     ] GC(76) Survivor regions: 1->1(4)
[2.878s][info][gc,heap     ] GC(76) Old regions: 6->6
[2.878s][info][gc,heap     ] GC(76) Humongous regions: 110->78
[2.878s][info][gc,metaspace] GC(76) Metaspace: 360K(576K)->360K(576K) NonClass: 339K(448K)->339K(448K) Class: 21K(128K)->21K(128K)
[2.878s][info][gc          ] GC(76) Pause Young (Concurrent Start) (G1 Humongous Allocation) 114M->82M(256M) 4.000ms
[2.878s][info][gc,cpu      ] GC(76) User=0.01s Sys=0.01s Real=0.01s
[2.878s][info][gc          ] GC(77) Concurrent Undo Cycle
[2.878s][info][gc,marking  ] GC(77) Concurrent Clear Claimed Marks
[2.878s][info][gc,marking  ] GC(77) Concurrent Clear Claimed Marks 0.010ms
[2.878s][info][gc,marking  ] GC(77) Concurrent Cleanup for Next Mark
[2.878s][info][gc,marking  ] GC(77) Concurrent Cleanup for Next Mark 0.080ms
[2.878s][info][gc          ] GC(77) Concurrent Undo Cycle 0.140ms
[2.879s][info][gc,start    ] GC(78) Pause Young (Concurrent Start) (G1 Humongous Allocation)
[2.879s][info][gc,task     ] GC(78) Using 2 workers of 2 for evacuation
[2.881s][info][gc,phases   ] GC(78)   Pre Evacuate Collection Set: 0.43ms
[2.881s][info][gc,phases   ] GC(78)   Merge Heap Roots: 0.12ms
[2.881s][info][gc,phases   ] GC(78)   Evacuate Collection Set: 0.53ms
[2.881s][info][gc,phases   ] GC(78)   Post Evacuate Collection Set: 0.63ms
[2.881s][info][gc,phases   ] GC(78)   Other: 0.19ms
[2.881s][info][gc,heap     ] GC(78) Eden regions: 0->0(59)
[2.881s][info][gc,heap     ] GC(78) Survivor regions: 1->1(6)
[2.881s][info][gc,heap     ] GC(78) Old regions: 6->6
[2.881s][info][gc,heap     ] GC(78) Humongous regions: 109->78
[2.881s][info][gc,metaspace] GC(78) Metaspace: 360K(576K)->360K(576K) NonClass: 339K(448K)->339K(448K) Class: 21K(128K)->21K(128K)
[2.882s][info][gc          ] GC(78) Pause Young (Concurrent Start) (G1 Humongous Allocation) 113M->82M(256M) 2.085ms
[2.882s][info][gc,cpu      ] GC(78) User=0.00s Sys=0.00s Real=0.00s
[2.882s][info][gc          ] GC(79) Concurrent Undo Cycle
[2.882s][info][gc,marking  ] GC(79) Concurrent Clear Claimed Marks
[2.882s][info][gc,marking  ] GC(79) Concurrent Clear Claimed Marks 0.007ms
[2.882s][info][gc,marking  ] GC(79) Concurrent Cleanup for Next Mark
[2.882s][info][gc,marking  ] GC(79) Concurrent Cleanup for Next Mark 0.227ms
[2.882s][info][gc          ] GC(79) Concurrent Undo Cycle 0.277ms
[2.883s][info][gc,start    ] GC(80) Pause Young (Concurrent Start) (G1 Humongous Allocation)
[2.883s][info][gc,task     ] GC(80) Using 2 workers of 2 for evacuation
[2.885s][info][gc,phases   ] GC(80)   Pre Evacuate Collection Set: 0.46ms
[2.885s][info][gc,phases   ] GC(80)   Merge Heap Roots: 0.15ms
[2.885s][info][gc,phases   ] GC(80)   Evacuate Collection Set: 0.65ms
[2.885s][info][gc,phases   ] GC(80)   Post Evacuate Collection Set: 0.73ms
[2.885s][info][gc,phases   ] GC(80)   Other: 0.26ms
[2.885s][info][gc,heap     ] GC(80) Eden regions: 0->0(76)
[2.885s][info][gc,heap     ] GC(80) Survivor regions: 1->1(8)
[2.885s][info][gc,heap     ] GC(80) Old regions: 6->6
[2.885s][info][gc,heap     ] GC(80) Humongous regions: 109->78
[2.885s][info][gc,metaspace] GC(80) Metaspace: 360K(576K)->360K(576K) NonClass: 339K(448K)->339K(448K) Class: 21K(128K)->21K(128K)
[2.885s][info][gc          ] GC(80) Pause Young (Concurrent Start) (G1 Humongous Allocation) 113M->82M(256M) 2.651ms
[2.885s][info][gc,cpu      ] GC(80) User=0.00s Sys=0.00s Real=0.00s
[2.887s][info][gc          ] GC(81) Concurrent Undo Cycle
[2.887s][info][gc,marking  ] GC(81) Concurrent Clear Claimed Marks
[2.887s][info][gc,marking  ] GC(81) Concurrent Clear Claimed Marks 0.008ms
[2.887s][info][gc,marking  ] GC(81) Concurrent Cleanup for Next Mark
[2.887s][info][gc,marking  ] GC(81) Concurrent Cleanup for Next Mark 0.059ms
[2.887s][info][gc          ] GC(81) Concurrent Undo Cycle 0.121ms
[2.889s][info][gc,start    ] GC(82) Pause Young (Concurrent Start) (G1 Humongous Allocation)
[2.889s][info][gc,task     ] GC(82) Using 2 workers of 2 for evacuation
[2.891s][info][gc,phases   ] GC(82)   Pre Evacuate Collection Set: 0.49ms
[2.891s][info][gc,phases   ] GC(82)   Merge Heap Roots: 0.17ms
[2.891s][info][gc,phases   ] GC(82)   Evacuate Collection Set: 0.43ms
[2.891s][info][gc,phases   ] GC(82)   Post Evacuate Collection Set: 0.79ms
[2.891s][info][gc,phases   ] GC(82)   Other: 0.34ms
[2.891s][info][gc,heap     ] GC(82) Eden regions: 0->0(94)
[2.891s][info][gc,heap     ] GC(82) Survivor regions: 1->1(10)
[2.891s][info][gc,heap     ] GC(82) Old regions: 6->6
[2.891s][info][gc,heap     ] GC(82) Humongous regions: 109->78
[2.892s][info][gc,metaspace] GC(82) Metaspace: 360K(576K)->360K(576K) NonClass: 339K(448K)->339K(448K) Class: 21K(128K)->21K(128K)
[2.892s][info][gc          ] GC(82) Pause Young (Concurrent Start) (G1 Humongous Allocation) 113M->82M(256M) 2.500ms
[2.892s][info][gc,cpu      ] GC(82) User=0.01s Sys=0.00s Real=0.00s
[2.892s][info][gc          ] GC(83) Concurrent Undo Cycle
[2.892s][info][gc,marking  ] GC(83) Concurrent Clear Claimed Marks
[2.892s][info][gc,marking  ] GC(83) Concurrent Clear Claimed Marks 0.007ms
[2.892s][info][gc,marking  ] GC(83) Concurrent Cleanup for Next Mark
[2.892s][info][gc,marking  ] GC(83) Concurrent Cleanup for Next Mark 0.062ms
[2.892s][info][gc          ] GC(83) Concurrent Undo Cycle 0.113ms
[2.999s][info][gc,start    ] GC(84) Pause Young (Concurrent Start) (G1 Humongous Allocation)
[2.999s][info][gc,task     ] GC(84) Using 2 workers of 2 for evacuation
[3.002s][info][gc,phases   ] GC(84)   Pre Evacuate Collection Set: 0.74ms
[3.002s][info][gc,phases   ] GC(84)   Merge Heap Roots: 0.17ms
[3.002s][info][gc,phases   ] GC(84)   Evacuate Collection Set: 0.75ms
[3.002s][info][gc,phases   ] GC(84)   Post Evacuate Collection Set: 0.84ms
[3.002s][info][gc,phases   ] GC(84)   Other: 0.28ms
[3.002s][info][gc,heap     ] GC(84) Eden regions: 1->0(140)
[3.002s][info][gc,heap     ] GC(84) Survivor regions: 1->1(12)
[3.002s][info][gc,heap     ] GC(84) Old regions: 6->6
[3.002s][info][gc,heap     ] GC(84) Humongous regions: 109->81
[3.002s][info][gc,metaspace] GC(84) Metaspace: 360K(576K)->360K(576K) NonClass: 339K(448K)->339K(448K) Class: 21K(128K)->21K(128K)
[3.002s][info][gc          ] GC(84) Pause Young (Concurrent Start) (G1 Humongous Allocation) 113M->85M(256M) 3.211ms
[3.002s][info][gc,cpu      ] GC(84) User=0.00s Sys=0.00s Real=0.00s
[3.002s][info][gc          ] GC(85) Concurrent Undo Cycle
[3.002s][info][gc,marking  ] GC(85) Concurrent Clear Claimed Marks
[3.002s][info][gc,marking  ] GC(85) Concurrent Clear Claimed Marks 0.010ms
[3.002s][info][gc,marking  ] GC(85) Concurrent Cleanup for Next Mark
[3.003s][info][gc,marking  ] GC(85) Concurrent Cleanup for Next Mark 0.125ms
[3.003s][info][gc          ] GC(85) Concurrent Undo Cycle 0.205ms
[3.005s][info][gc,start    ] GC(86) Pause Young (Concurrent Start) (G1 Humongous Allocation)
[3.005s][info][gc,task     ] GC(86) Using 2 workers of 2 for evacuation
[3.007s][info][gc,phases   ] GC(86)   Pre Evacuate Collection Set: 0.23ms
[3.007s][info][gc,phases   ] GC(86)   Merge Heap Roots: 0.14ms
[3.007s][info][gc,phases   ] GC(86)   Evacuate Collection Set: 0.40ms
[3.007s][info][gc,phases   ] GC(86)   Post Evacuate Collection Set: 0.73ms
[3.007s][info][gc,phases   ] GC(86)   Other: 0.17ms
[3.007s][info][gc,heap     ] GC(86) Eden regions: 0->0(152)
[3.007s][info][gc,heap     ] GC(86) Survivor regions: 1->1(18)
[3.007s][info][gc,heap     ] GC(86) Old regions: 6->6
[3.007s][info][gc,heap     ] GC(86) Humongous regions: 109->81
[3.007s][info][gc,metaspace] GC(86) Metaspace: 360K(576K)->360K(576K) NonClass: 339K(448K)->339K(448K) Class: 21K(128K)->21K(128K)
[3.007s][info][gc          ] GC(86) Pause Young (Concurrent Start) (G1 Humongous Allocation) 113M->85M(256M) 1.799ms
[3.007s][info][gc,cpu      ] GC(86) User=0.00s Sys=0.00s Real=0.01s
[3.007s][info][gc          ] GC(87) Concurrent Undo Cycle
[3.007s][info][gc,marking  ] GC(87) Concurrent Clear Claimed Marks
[3.007s][info][gc,marking  ] GC(87) Concurrent Clear Claimed Marks 0.007ms
[3.007s][info][gc,marking  ] GC(87) Concurrent Cleanup for Next Mark
[3.007s][info][gc,marking  ] GC(87) Concurrent Cleanup for Next Mark 0.036ms
[3.007s][info][gc          ] GC(87) Concurrent Undo Cycle 0.119ms
[3.007s][info][gc,start    ] GC(88) Pause Young (Concurrent Start) (G1 Humongous Allocation)
[3.007s][info][gc,task     ] GC(88) Using 2 workers of 2 for evacuation
[3.010s][info][gc,phases   ] GC(88)   Pre Evacuate Collection Set: 0.30ms
[3.010s][info][gc,phases   ] GC(88)   Merge Heap Roots: 0.12ms
[3.010s][info][gc,phases   ] GC(88)   Evacuate Collection Set: 0.38ms
[3.010s][info][gc,phases   ] GC(88)   Post Evacuate Collection Set: 1.02ms
[3.010s][info][gc,phases   ] GC(88)   Other: 0.24ms
[3.010s][info][gc,heap     ] GC(88) Eden regions: 0->0(152)
[3.010s][info][gc,heap     ] GC(88) Survivor regions: 1->1(20)
[3.010s][info][gc,heap     ] GC(88) Old regions: 6->6
[3.010s][info][gc,heap     ] GC(88) Humongous regions: 109->81
[3.010s][info][gc,metaspace] GC(88) Metaspace: 360K(576K)->360K(576K) NonClass: 339K(448K)->339K(448K) Class: 21K(128K)->21K(128K)
[3.010s][info][gc          ] GC(88) Pause Young (Concurrent Start) (G1 Humongous Allocation) 113M->85M(256M) 2.212ms
[3.010s][info][gc,cpu      ] GC(88) User=0.00s Sys=0.00s Real=0.00s
[3.010s][info][gc          ] GC(89) Concurrent Undo Cycle
[3.010s][info][gc,marking  ] GC(89) Concurrent Clear Claimed Marks
[3.010s][info][gc,marking  ] GC(89) Concurrent Clear Claimed Marks 0.007ms
[3.010s][info][gc,marking  ] GC(89) Concurrent Cleanup for Next Mark
[3.010s][info][gc,marking  ] GC(89) Concurrent Cleanup for Next Mark 0.037ms
[3.010s][info][gc          ] GC(89) Concurrent Undo Cycle 0.077ms
[3.113s][info][gc,start    ] GC(90) Pause Young (Concurrent Start) (G1 Humongous Allocation)
[3.113s][info][gc,task     ] GC(90) Using 2 workers of 2 for evacuation
[3.116s][info][gc,phases   ] GC(90)   Pre Evacuate Collection Set: 0.56ms
[3.116s][info][gc,phases   ] GC(90)   Merge Heap Roots: 0.15ms
[3.116s][info][gc,phases   ] GC(90)   Evacuate Collection Set: 1.25ms
[3.116s][info][gc,phases   ] GC(90)   Post Evacuate Collection Set: 0.90ms
[3.116s][info][gc,phases   ] GC(90)   Other: 0.14ms
[3.116s][info][gc,heap     ] GC(90) Eden regions: 1->0(151)
[3.116s][info][gc,heap     ] GC(90) Survivor regions: 1->1(20)
[3.116s][info][gc,heap     ] GC(90) Old regions: 6->6
[3.116s][info][gc,heap     ] GC(90) Humongous regions: 109->84
[3.116s][info][gc,metaspace] GC(90) Metaspace: 360K(576K)->360K(576K) NonClass: 339K(448K)->339K(448K) Class: 21K(128K)->21K(128K)
[3.116s][info][gc          ] GC(90) Pause Young (Concurrent Start) (G1 Humongous Allocation) 113M->88M(256M) 3.357ms
[3.116s][info][gc,cpu      ] GC(90) User=0.01s Sys=0.00s Real=0.00s
[3.116s][info][gc          ] GC(91) Concurrent Undo Cycle
[3.116s][info][gc,marking  ] GC(91) Concurrent Clear Claimed Marks
[3.116s][info][gc,marking  ] GC(91) Concurrent Clear Claimed Marks 0.015ms
[3.116s][info][gc,marking  ] GC(91) Concurrent Cleanup for Next Mark
[3.116s][info][gc,marking  ] GC(91) Concurrent Cleanup for Next Mark 0.097ms
[3.116s][info][gc          ] GC(91) Concurrent Undo Cycle 0.221ms
[3.117s][info][gc,start    ] GC(92) Pause Young (Concurrent Start) (G1 Humongous Allocation)
[3.117s][info][gc,task     ] GC(92) Using 2 workers of 2 for evacuation
[3.124s][info][gc,phases   ] GC(92)   Pre Evacuate Collection Set: 0.27ms
[3.125s][info][gc,phases   ] GC(92)   Merge Heap Roots: 0.09ms
[3.125s][info][gc,phases   ] GC(92)   Evacuate Collection Set: 0.70ms
[3.125s][info][gc,phases   ] GC(92)   Post Evacuate Collection Set: 5.94ms
[3.125s][info][gc,phases   ] GC(92)   Other: 0.24ms
[3.125s][info][gc,heap     ] GC(92) Eden regions: 0->0(151)
[3.125s][info][gc,heap     ] GC(92) Survivor regions: 1->1(19)
[3.125s][info][gc,heap     ] GC(92) Old regions: 6->6
[3.125s][info][gc,heap     ] GC(92) Humongous regions: 109->84
[3.125s][info][gc,metaspace] GC(92) Metaspace: 360K(576K)->360K(576K) NonClass: 339K(448K)->339K(448K) Class: 21K(128K)->21K(128K)
[3.125s][info][gc          ] GC(92) Pause Young (Concurrent Start) (G1 Humongous Allocation) 113M->88M(256M) 7.551ms
[3.127s][info][gc          ] GC(93) Concurrent Undo Cycle
[3.127s][info][gc,marking  ] GC(93) Concurrent Clear Claimed Marks
[3.127s][info][gc,marking  ] GC(93) Concurrent Clear Claimed Marks 0.015ms
[3.127s][info][gc,marking  ] GC(93) Concurrent Cleanup for Next Mark
[3.127s][info][gc,cpu      ] GC(92) User=0.00s Sys=0.00s Real=0.00s
[3.127s][info][gc,marking  ] GC(93) Concurrent Cleanup for Next Mark 0.164ms
[3.127s][info][gc          ] GC(93) Concurrent Undo Cycle 0.351ms
[3.133s][info][gc,start    ] GC(94) Pause Young (Concurrent Start) (G1 Humongous Allocation)
[3.134s][info][gc,task     ] GC(94) Using 2 workers of 2 for evacuation
[3.136s][info][gc,phases   ] GC(94)   Pre Evacuate Collection Set: 0.72ms
[3.136s][info][gc,phases   ] GC(94)   Merge Heap Roots: 0.08ms
[3.136s][info][gc,phases   ] GC(94)   Evacuate Collection Set: 0.58ms
[3.136s][info][gc,phases   ] GC(94)   Post Evacuate Collection Set: 0.61ms
[3.136s][info][gc,phases   ] GC(94)   Other: 0.18ms
[3.136s][info][gc,heap     ] GC(94) Eden regions: 0->0(151)
[3.136s][info][gc,heap     ] GC(94) Survivor regions: 1->1(19)
[3.136s][info][gc,heap     ] GC(94) Old regions: 6->6
[3.136s][info][gc,heap     ] GC(94) Humongous regions: 109->84
[3.136s][info][gc,metaspace] GC(94) Metaspace: 360K(576K)->360K(576K) NonClass: 339K(448K)->339K(448K) Class: 21K(128K)->21K(128K)
[3.136s][info][gc          ] GC(94) Pause Young (Concurrent Start) (G1 Humongous Allocation) 113M->88M(256M) 2.432ms
[3.136s][info][gc,cpu      ] GC(94) User=0.00s Sys=0.00s Real=0.00s
[3.136s][info][gc          ] GC(95) Concurrent Undo Cycle
[3.136s][info][gc,marking  ] GC(95) Concurrent Clear Claimed Marks
[3.136s][info][gc,marking  ] GC(95) Concurrent Clear Claimed Marks 0.007ms
[3.136s][info][gc,marking  ] GC(95) Concurrent Cleanup for Next Mark
[3.138s][info][gc,marking  ] GC(95) Concurrent Cleanup for Next Mark 2.292ms
[3.138s][info][gc          ] GC(95) Concurrent Undo Cycle 2.367ms
[3.138s][info][gc,start    ] GC(96) Pause Young (Concurrent Start) (G1 Humongous Allocation)
[3.138s][info][gc,task     ] GC(96) Using 2 workers of 2 for evacuation
[3.140s][info][gc,phases   ] GC(96)   Pre Evacuate Collection Set: 0.37ms
[3.140s][info][gc,phases   ] GC(96)   Merge Heap Roots: 0.07ms
[3.140s][info][gc,phases   ] GC(96)   Evacuate Collection Set: 0.38ms
[3.140s][info][gc,phases   ] GC(96)   Post Evacuate Collection Set: 0.38ms
[3.140s][info][gc,phases   ] GC(96)   Other: 0.10ms
[3.140s][info][gc,heap     ] GC(96) Eden regions: 0->0(151)
[3.140s][info][gc,heap     ] GC(96) Survivor regions: 1->1(19)
[3.140s][info][gc,heap     ] GC(96) Old regions: 6->6
[3.140s][info][gc,heap     ] GC(96) Humongous regions: 128->84
[3.140s][info][gc,metaspace] GC(96) Metaspace: 360K(576K)->360K(576K) NonClass: 339K(448K)->339K(448K) Class: 21K(128K)->21K(128K)
[3.140s][info][gc          ] GC(96) Pause Young (Concurrent Start) (G1 Humongous Allocation) 132M->88M(256M) 1.390ms
[3.140s][info][gc,cpu      ] GC(96) User=0.01s Sys=0.00s Real=0.00s
[3.140s][info][gc          ] GC(97) Concurrent Undo Cycle
[3.140s][info][gc,marking  ] GC(97) Concurrent Clear Claimed Marks
[3.140s][info][gc,marking  ] GC(97) Concurrent Clear Claimed Marks 0.004ms
[3.140s][info][gc,marking  ] GC(97) Concurrent Cleanup for Next Mark
[3.140s][info][gc,marking  ] GC(97) Concurrent Cleanup for Next Mark 0.138ms
[3.140s][info][gc          ] GC(97) Concurrent Undo Cycle 0.171ms
[3.243s][info][gc,start    ] GC(98) Pause Young (Concurrent Start) (G1 Humongous Allocation)
[3.243s][info][gc,task     ] GC(98) Using 2 workers of 2 for evacuation
[3.248s][info][gc,phases   ] GC(98)   Pre Evacuate Collection Set: 2.61ms
[3.248s][info][gc,phases   ] GC(98)   Merge Heap Roots: 0.04ms
[3.248s][info][gc,phases   ] GC(98)   Evacuate Collection Set: 1.35ms
[3.248s][info][gc,phases   ] GC(98)   Post Evacuate Collection Set: 0.93ms
[3.248s][info][gc,phases   ] GC(98)   Other: 0.22ms
[3.248s][info][gc,heap     ] GC(98) Eden regions: 1->0(148)
[3.248s][info][gc,heap     ] GC(98) Survivor regions: 1->1(19)
[3.248s][info][gc,heap     ] GC(98) Old regions: 6->6
[3.248s][info][gc,heap     ] GC(98) Humongous regions: 109->87
[3.249s][info][gc,metaspace] GC(98) Metaspace: 360K(576K)->360K(576K) NonClass: 339K(448K)->339K(448K) Class: 21K(128K)->21K(128K)
[3.249s][info][gc          ] GC(98) Pause Young (Concurrent Start) (G1 Humongous Allocation) 113M->91M(256M) 5.656ms
[3.249s][info][gc,cpu      ] GC(98) User=0.00s Sys=0.00s Real=0.01s
[3.249s][info][gc          ] GC(99) Concurrent Undo Cycle
[3.249s][info][gc,marking  ] GC(99) Concurrent Clear Claimed Marks
[3.249s][info][gc,marking  ] GC(99) Concurrent Clear Claimed Marks 0.011ms
[3.249s][info][gc,marking  ] GC(99) Concurrent Cleanup for Next Mark
[3.249s][info][gc,marking  ] GC(99) Concurrent Cleanup for Next Mark 0.081ms
[3.249s][info][gc          ] GC(99) Concurrent Undo Cycle 0.143ms
[3.250s][info][gc,start    ] GC(100) Pause Young (Concurrent Start) (G1 Humongous Allocation)
[3.250s][info][gc,task     ] GC(100) Using 2 workers of 2 for evacuation
[3.252s][info][gc,phases   ] GC(100)   Pre Evacuate Collection Set: 0.43ms
[3.252s][info][gc,phases   ] GC(100)   Merge Heap Roots: 0.09ms
[3.252s][info][gc,phases   ] GC(100)   Evacuate Collection Set: 0.55ms
[3.252s][info][gc,phases   ] GC(100)   Post Evacuate Collection Set: 0.74ms
[3.252s][info][gc,phases   ] GC(100)   Other: 0.17ms
[3.252s][info][gc,heap     ] GC(100) Eden regions: 0->0(148)
[3.252s][info][gc,heap     ] GC(100) Survivor regions: 1->1(19)
[3.252s][info][gc,heap     ] GC(100) Old regions: 6->6
[3.252s][info][gc,heap     ] GC(100) Humongous regions: 109->87
[3.252s][info][gc,metaspace] GC(100) Metaspace: 360K(576K)->360K(576K) NonClass: 339K(448K)->339K(448K) Class: 21K(128K)->21K(128K)
[3.252s][info][gc          ] GC(100) Pause Young (Concurrent Start) (G1 Humongous Allocation) 113M->91M(256M) 2.131ms
[3.252s][info][gc,cpu      ] GC(100) User=0.00s Sys=0.00s Real=0.00s
[3.252s][info][gc          ] GC(101) Concurrent Undo Cycle
[3.252s][info][gc,marking  ] GC(101) Concurrent Clear Claimed Marks
[3.252s][info][gc,marking  ] GC(101) Concurrent Clear Claimed Marks 0.008ms
[3.252s][info][gc,marking  ] GC(101) Concurrent Cleanup for Next Mark
[3.252s][info][gc,marking  ] GC(101) Concurrent Cleanup for Next Mark 0.069ms
[3.252s][info][gc          ] GC(101) Concurrent Undo Cycle 0.307ms
[3.253s][info][gc,start    ] GC(102) Pause Young (Concurrent Start) (G1 Humongous Allocation)
[3.253s][info][gc,task     ] GC(102) Using 2 workers of 2 for evacuation
[3.262s][info][gc,phases   ] GC(102)   Pre Evacuate Collection Set: 0.51ms
[3.263s][info][gc,phases   ] GC(102)   Merge Heap Roots: 0.16ms
[3.263s][info][gc,phases   ] GC(102)   Evacuate Collection Set: 7.89ms
[3.263s][info][gc,phases   ] GC(102)   Post Evacuate Collection Set: 1.05ms
[3.263s][info][gc,phases   ] GC(102)   Other: 0.23ms
[3.263s][info][gc,heap     ] GC(102) Eden regions: 0->0(148)
[3.263s][info][gc,heap     ] GC(102) Survivor regions: 1->1(19)
[3.263s][info][gc,heap     ] GC(102) Old regions: 6->6
[3.263s][info][gc,heap     ] GC(102) Humongous regions: 109->87
[3.263s][info][gc,metaspace] GC(102) Metaspace: 360K(576K)->360K(576K) NonClass: 339K(448K)->339K(448K) Class: 21K(128K)->21K(128K)
[3.263s][info][gc          ] GC(102) Pause Young (Concurrent Start) (G1 Humongous Allocation) 113M->91M(256M) 10.070ms
[3.263s][info][gc,cpu      ] GC(102) User=0.00s Sys=0.01s Real=0.01s
[3.263s][info][gc          ] GC(103) Concurrent Undo Cycle
[3.263s][info][gc,marking  ] GC(103) Concurrent Clear Claimed Marks
[3.263s][info][gc,marking  ] GC(103) Concurrent Clear Claimed Marks 0.010ms
[3.263s][info][gc,marking  ] GC(103) Concurrent Cleanup for Next Mark
[3.263s][info][gc,marking  ] GC(103) Concurrent Cleanup for Next Mark 0.067ms
[3.263s][info][gc          ] GC(103) Concurrent Undo Cycle 0.118ms
[3.264s][info][gc,start    ] GC(104) Pause Young (Concurrent Start) (G1 Humongous Allocation)
[3.264s][info][gc,task     ] GC(104) Using 2 workers of 2 for evacuation
[3.266s][info][gc,phases   ] GC(104)   Pre Evacuate Collection Set: 0.70ms
[3.266s][info][gc,phases   ] GC(104)   Merge Heap Roots: 0.10ms
[3.266s][info][gc,phases   ] GC(104)   Evacuate Collection Set: 1.02ms
[3.266s][info][gc,phases   ] GC(104)   Post Evacuate Collection Set: 0.47ms
[3.266s][info][gc,phases   ] GC(104)   Other: 0.17ms
[3.266s][info][gc,heap     ] GC(104) Eden regions: 0->0(148)
[3.266s][info][gc,heap     ] GC(104) Survivor regions: 1->1(19)
[3.266s][info][gc,heap     ] GC(104) Old regions: 6->6
[3.266s][info][gc,heap     ] GC(104) Humongous regions: 109->87
[3.266s][info][gc,metaspace] GC(104) Metaspace: 360K(576K)->360K(576K) NonClass: 339K(448K)->339K(448K) Class: 21K(128K)->21K(128K)
[3.266s][info][gc          ] GC(104) Pause Young (Concurrent Start) (G1 Humongous Allocation) 113M->91M(256M) 2.668ms
[3.266s][info][gc          ] GC(105) Concurrent Undo Cycle
[3.266s][info][gc,marking  ] GC(105) Concurrent Clear Claimed Marks
[3.266s][info][gc,marking  ] GC(105) Concurrent Clear Claimed Marks 0.006ms
[3.266s][info][gc,marking  ] GC(105) Concurrent Cleanup for Next Mark
[3.266s][info][gc,cpu      ] GC(104) User=0.00s Sys=0.00s Real=0.01s
[3.266s][info][gc,marking  ] GC(105) Concurrent Cleanup for Next Mark 0.068ms
[3.267s][info][gc          ] GC(105) Concurrent Undo Cycle 0.290ms
[3.372s][info][gc,start    ] GC(106) Pause Young (Concurrent Start) (G1 Humongous Allocation)
[3.372s][info][gc,task     ] GC(106) Using 2 workers of 2 for evacuation
[3.377s][info][gc,phases   ] GC(106)   Pre Evacuate Collection Set: 0.67ms
[3.377s][info][gc,phases   ] GC(106)   Merge Heap Roots: 0.04ms
[3.377s][info][gc,phases   ] GC(106)   Evacuate Collection Set: 2.76ms
[3.377s][info][gc,phases   ] GC(106)   Post Evacuate Collection Set: 0.93ms
[3.377s][info][gc,phases   ] GC(106)   Other: 0.19ms
[3.377s][info][gc,heap     ] GC(106) Eden regions: 1->0(145)
[3.377s][info][gc,heap     ] GC(106) Survivor regions: 1->1(19)
[3.377s][info][gc,heap     ] GC(106) Old regions: 6->6
[3.377s][info][gc,heap     ] GC(106) Humongous regions: 109->90
[3.377s][info][gc,metaspace] GC(106) Metaspace: 360K(576K)->360K(576K) NonClass: 339K(448K)->339K(448K) Class: 21K(128K)->21K(128K)
[3.377s][info][gc          ] GC(106) Pause Young (Concurrent Start) (G1 Humongous Allocation) 113M->94M(256M) 5.085ms
[3.377s][info][gc,cpu      ] GC(106) User=0.00s Sys=0.00s Real=0.01s
[3.377s][info][gc          ] GC(107) Concurrent Undo Cycle
[3.377s][info][gc,marking  ] GC(107) Concurrent Clear Claimed Marks
[3.377s][info][gc,marking  ] GC(107) Concurrent Clear Claimed Marks 0.301ms
[3.377s][info][gc,marking  ] GC(107) Concurrent Cleanup for Next Mark
[3.378s][info][gc,marking  ] GC(107) Concurrent Cleanup for Next Mark 0.116ms
[3.378s][info][gc          ] GC(107) Concurrent Undo Cycle 0.489ms
[3.378s][info][gc,start    ] GC(108) Pause Young (Concurrent Start) (G1 Humongous Allocation)
[3.378s][info][gc,task     ] GC(108) Using 2 workers of 2 for evacuation
[3.381s][info][gc,phases   ] GC(108)   Pre Evacuate Collection Set: 0.74ms
[3.381s][info][gc,phases   ] GC(108)   Merge Heap Roots: 0.16ms
[3.381s][info][gc,phases   ] GC(108)   Evacuate Collection Set: 0.60ms
[3.381s][info][gc,phases   ] GC(108)   Post Evacuate Collection Set: 0.53ms
[3.381s][info][gc,phases   ] GC(108)   Other: 0.26ms
[3.381s][info][gc,heap     ] GC(108) Eden regions: 0->0(145)
[3.381s][info][gc,heap     ] GC(108) Survivor regions: 1->1(19)
[3.381s][info][gc,heap     ] GC(108) Old regions: 6->6
[3.381s][info][gc,heap     ] GC(108) Humongous regions: 109->90
[3.381s][info][gc,metaspace] GC(108) Metaspace: 360K(576K)->360K(576K) NonClass: 339K(448K)->339K(448K) Class: 21K(128K)->21K(128K)
[3.381s][info][gc          ] GC(108) Pause Young (Concurrent Start) (G1 Humongous Allocation) 113M->94M(256M) 2.437ms
[3.381s][info][gc,cpu      ] GC(108) User=0.00s Sys=0.00s Real=0.00s
[3.381s][info][gc          ] GC(109) Concurrent Undo Cycle
[3.381s][info][gc,marking  ] GC(109) Concurrent Clear Claimed Marks
[3.381s][info][gc,marking  ] GC(109) Concurrent Clear Claimed Marks 0.007ms
[3.381s][info][gc,marking  ] GC(109) Concurrent Cleanup for Next Mark
[3.381s][info][gc,marking  ] GC(109) Concurrent Cleanup for Next Mark 0.102ms
[3.381s][info][gc          ] GC(109) Concurrent Undo Cycle 0.154ms
[3.390s][info][gc,start    ] GC(110) Pause Young (Concurrent Start) (G1 Humongous Allocation)
[3.390s][info][gc,task     ] GC(110) Using 2 workers of 2 for evacuation
[3.392s][info][gc,phases   ] GC(110)   Pre Evacuate Collection Set: 0.59ms
[3.392s][info][gc,phases   ] GC(110)   Merge Heap Roots: 0.09ms
[3.392s][info][gc,phases   ] GC(110)   Evacuate Collection Set: 0.89ms
[3.392s][info][gc,phases   ] GC(110)   Post Evacuate Collection Set: 0.65ms
[3.392s][info][gc,phases   ] GC(110)   Other: 0.18ms
[3.392s][info][gc,heap     ] GC(110) Eden regions: 0->0(145)
[3.392s][info][gc,heap     ] GC(110) Survivor regions: 1->1(19)
[3.392s][info][gc,heap     ] GC(110) Old regions: 6->6
[3.392s][info][gc,heap     ] GC(110) Humongous regions: 109->90
[3.392s][info][gc,metaspace] GC(110) Metaspace: 360K(576K)->360K(576K) NonClass: 339K(448K)->339K(448K) Class: 21K(128K)->21K(128K)
[3.392s][info][gc          ] GC(110) Pause Young (Concurrent Start) (G1 Humongous Allocation) 113M->94M(256M) 2.792ms
[3.392s][info][gc,cpu      ] GC(110) User=0.00s Sys=0.00s Real=0.00s
[3.392s][info][gc          ] GC(111) Concurrent Undo Cycle
[3.392s][info][gc,marking  ] GC(111) Concurrent Clear Claimed Marks
[3.392s][info][gc,marking  ] GC(111) Concurrent Clear Claimed Marks 0.008ms
[3.392s][info][gc,marking  ] GC(111) Concurrent Cleanup for Next Mark
[3.393s][info][gc,marking  ] GC(111) Concurrent Cleanup for Next Mark 0.067ms
[3.393s][info][gc          ] GC(111) Concurrent Undo Cycle 0.109ms
[3.393s][info][gc,start    ] GC(112) Pause Young (Concurrent Start) (G1 Humongous Allocation)
[3.393s][info][gc,task     ] GC(112) Using 2 workers of 2 for evacuation
[3.394s][info][gc,phases   ] GC(112)   Pre Evacuate Collection Set: 0.23ms
[3.394s][info][gc,phases   ] GC(112)   Merge Heap Roots: 0.09ms
[3.394s][info][gc,phases   ] GC(112)   Evacuate Collection Set: 0.28ms
[3.394s][info][gc,phases   ] GC(112)   Post Evacuate Collection Set: 0.38ms
[3.394s][info][gc,phases   ] GC(112)   Other: 0.13ms
[3.394s][info][gc,heap     ] GC(112) Eden regions: 0->0(145)
[3.394s][info][gc,heap     ] GC(112) Survivor regions: 1->1(19)
[3.394s][info][gc,heap     ] GC(112) Old regions: 6->6
[3.394s][info][gc,heap     ] GC(112) Humongous regions: 109->90
[3.394s][info][gc,metaspace] GC(112) Metaspace: 360K(576K)->360K(576K) NonClass: 339K(448K)->339K(448K) Class: 21K(128K)->21K(128K)
[3.394s][info][gc          ] GC(112) Pause Young (Concurrent Start) (G1 Humongous Allocation) 113M->94M(256M) 1.220ms
[3.394s][info][gc,cpu      ] GC(112) User=0.00s Sys=0.00s Real=0.00s
[3.394s][info][gc          ] GC(113) Concurrent Undo Cycle
[3.394s][info][gc,marking  ] GC(113) Concurrent Clear Claimed Marks
[3.394s][info][gc,marking  ] GC(113) Concurrent Clear Claimed Marks 0.004ms
[3.394s][info][gc,marking  ] GC(113) Concurrent Cleanup for Next Mark
[3.394s][info][gc,marking  ] GC(113) Concurrent Cleanup for Next Mark 0.036ms
[3.394s][info][gc          ] GC(113) Concurrent Undo Cycle 0.064ms
[3.395s][info][gc,start    ] GC(114) Pause Young (Concurrent Start) (G1 Humongous Allocation)
[3.395s][info][gc,task     ] GC(114) Using 2 workers of 2 for evacuation
[3.396s][info][gc,phases   ] GC(114)   Pre Evacuate Collection Set: 0.19ms
[3.396s][info][gc,phases   ] GC(114)   Merge Heap Roots: 0.10ms
[3.396s][info][gc,phases   ] GC(114)   Evacuate Collection Set: 0.35ms
[3.396s][info][gc,phases   ] GC(114)   Post Evacuate Collection Set: 0.62ms
[3.396s][info][gc,phases   ] GC(114)   Other: 0.17ms
[3.396s][info][gc,heap     ] GC(114) Eden regions: 0->0(145)
[3.396s][info][gc,heap     ] GC(114) Survivor regions: 1->1(19)
[3.396s][info][gc,heap     ] GC(114) Old regions: 6->6
[3.396s][info][gc,heap     ] GC(114) Humongous regions: 109->90
[3.396s][info][gc,metaspace] GC(114) Metaspace: 360K(576K)->360K(576K) NonClass: 339K(448K)->339K(448K) Class: 21K(128K)->21K(128K)
[3.396s][info][gc          ] GC(114) Pause Young (Concurrent Start) (G1 Humongous Allocation) 113M->94M(256M) 1.662ms
[3.396s][info][gc,cpu      ] GC(114) User=0.01s Sys=0.00s Real=0.01s
[3.396s][info][gc          ] GC(115) Concurrent Undo Cycle
[3.396s][info][gc,marking  ] GC(115) Concurrent Clear Claimed Marks
[3.396s][info][gc,marking  ] GC(115) Concurrent Clear Claimed Marks 0.070ms
[3.396s][info][gc,marking  ] GC(115) Concurrent Cleanup for Next Mark
[3.396s][info][gc,marking  ] GC(115) Concurrent Cleanup for Next Mark 0.079ms
[3.396s][info][gc          ] GC(115) Concurrent Undo Cycle 0.190ms
[3.397s][info][gc,start    ] GC(116) Pause Young (Concurrent Start) (G1 Humongous Allocation)
[3.397s][info][gc,task     ] GC(116) Using 2 workers of 2 for evacuation
[3.399s][info][gc,phases   ] GC(116)   Pre Evacuate Collection Set: 0.61ms
[3.399s][info][gc,phases   ] GC(116)   Merge Heap Roots: 0.11ms
[3.399s][info][gc,phases   ] GC(116)   Evacuate Collection Set: 0.54ms
[3.399s][info][gc,phases   ] GC(116)   Post Evacuate Collection Set: 0.71ms
[3.399s][info][gc,phases   ] GC(116)   Other: 0.16ms
[3.399s][info][gc,heap     ] GC(116) Eden regions: 0->0(145)
[3.399s][info][gc,heap     ] GC(116) Survivor regions: 1->1(19)
[3.399s][info][gc,heap     ] GC(116) Old regions: 6->6
[3.399s][info][gc,heap     ] GC(116) Humongous regions: 109->90
[3.399s][info][gc,metaspace] GC(116) Metaspace: 360K(576K)->360K(576K) NonClass: 339K(448K)->339K(448K) Class: 21K(128K)->21K(128K)
[3.399s][info][gc          ] GC(116) Pause Young (Concurrent Start) (G1 Humongous Allocation) 113M->94M(256M) 2.266ms
[3.399s][info][gc,cpu      ] GC(116) User=0.00s Sys=0.00s Real=0.00s
[3.399s][info][gc          ] GC(117) Concurrent Undo Cycle
[3.399s][info][gc,marking  ] GC(117) Concurrent Clear Claimed Marks
[3.399s][info][gc,marking  ] GC(117) Concurrent Clear Claimed Marks 0.005ms
[3.399s][info][gc,marking  ] GC(117) Concurrent Cleanup for Next Mark
[3.399s][info][gc,marking  ] GC(117) Concurrent Cleanup for Next Mark 0.127ms
[3.399s][info][gc          ] GC(117) Concurrent Undo Cycle 0.158ms
[3.503s][info][gc,start    ] GC(118) Pause Young (Concurrent Start) (G1 Humongous Allocation)
[3.503s][info][gc,task     ] GC(118) Using 2 workers of 2 for evacuation
[3.506s][info][gc,phases   ] GC(118)   Pre Evacuate Collection Set: 0.78ms
[3.506s][info][gc,phases   ] GC(118)   Merge Heap Roots: 0.16ms
[3.506s][info][gc,phases   ] GC(118)   Evacuate Collection Set: 0.60ms
[3.506s][info][gc,phases   ] GC(118)   Post Evacuate Collection Set: 0.81ms
[3.506s][info][gc,phases   ] GC(118)   Other: 0.28ms
[3.506s][info][gc,heap     ] GC(118) Eden regions: 1->0(142)
[3.506s][info][gc,heap     ] GC(118) Survivor regions: 1->1(19)
[3.506s][info][gc,heap     ] GC(118) Old regions: 6->6
[3.506s][info][gc,heap     ] GC(118) Humongous regions: 109->93
[3.506s][info][gc,metaspace] GC(118) Metaspace: 360K(576K)->360K(576K) NonClass: 339K(448K)->339K(448K) Class: 21K(128K)->21K(128K)
[3.506s][info][gc          ] GC(118) Pause Young (Concurrent Start) (G1 Humongous Allocation) 113M->97M(256M) 2.897ms
[3.506s][info][gc,cpu      ] GC(118) User=0.00s Sys=0.00s Real=0.00s
[3.506s][info][gc          ] GC(119) Concurrent Undo Cycle
[3.506s][info][gc,marking  ] GC(119) Concurrent Clear Claimed Marks
[3.506s][info][gc,marking  ] GC(119) Concurrent Clear Claimed Marks 0.011ms
[3.506s][info][gc,marking  ] GC(119) Concurrent Cleanup for Next Mark
[3.508s][info][gc,marking  ] GC(119) Concurrent Cleanup for Next Mark 1.871ms
[3.508s][info][gc          ] GC(119) Concurrent Undo Cycle 2.006ms
[3.508s][info][gc,start    ] GC(120) Pause Young (Concurrent Start) (G1 Humongous Allocation)
[3.508s][info][gc,task     ] GC(120) Using 2 workers of 2 for evacuation
[3.515s][info][gc,phases   ] GC(120)   Pre Evacuate Collection Set: 0.56ms
[3.515s][info][gc,phases   ] GC(120)   Merge Heap Roots: 0.19ms
[3.515s][info][gc,phases   ] GC(120)   Evacuate Collection Set: 0.44ms
[3.515s][info][gc,phases   ] GC(120)   Post Evacuate Collection Set: 0.96ms
[3.515s][info][gc,phases   ] GC(120)   Other: 4.15ms
[3.515s][info][gc,heap     ] GC(120) Eden regions: 0->0(142)
[3.515s][info][gc,heap     ] GC(120) Survivor regions: 1->1(18)
[3.515s][info][gc,heap     ] GC(120) Old regions: 6->6
[3.515s][info][gc,heap     ] GC(120) Humongous regions: 130->93
[3.515s][info][gc,metaspace] GC(120) Metaspace: 360K(576K)->360K(576K) NonClass: 339K(448K)->339K(448K) Class: 21K(128K)->21K(128K)
[3.515s][info][gc          ] GC(120) Pause Young (Concurrent Start) (G1 Humongous Allocation) 134M->97M(256M) 6.474ms
[3.515s][info][gc,cpu      ] GC(120) User=0.01s Sys=0.00s Real=0.00s
[3.515s][info][gc          ] GC(121) Concurrent Undo Cycle
[3.515s][info][gc,marking  ] GC(121) Concurrent Clear Claimed Marks
[3.515s][info][gc,marking  ] GC(121) Concurrent Clear Claimed Marks 0.005ms
[3.515s][info][gc,marking  ] GC(121) Concurrent Cleanup for Next Mark
[3.516s][info][gc,marking  ] GC(121) Concurrent Cleanup for Next Mark 1.192ms
[3.516s][info][gc          ] GC(121) Concurrent Undo Cycle 1.233ms
[3.516s][info][gc,start    ] GC(122) Pause Young (Concurrent Start) (G1 Humongous Allocation)
[3.516s][info][gc,task     ] GC(122) Using 2 workers of 2 for evacuation
[3.517s][info][gc,phases   ] GC(122)   Pre Evacuate Collection Set: 0.30ms
[3.517s][info][gc,phases   ] GC(122)   Merge Heap Roots: 0.06ms
[3.517s][info][gc,phases   ] GC(122)   Evacuate Collection Set: 0.33ms
[3.517s][info][gc,phases   ] GC(122)   Post Evacuate Collection Set: 0.28ms
[3.517s][info][gc,phases   ] GC(122)   Other: 0.16ms
[3.517s][info][gc,heap     ] GC(122) Eden regions: 0->0(142)
[3.517s][info][gc,heap     ] GC(122) Survivor regions: 1->1(18)
[3.517s][info][gc,heap     ] GC(122) Old regions: 6->6
[3.517s][info][gc,heap     ] GC(122) Humongous regions: 135->93
[3.517s][info][gc,metaspace] GC(122) Metaspace: 360K(576K)->360K(576K) NonClass: 339K(448K)->339K(448K) Class: 21K(128K)->21K(128K)
[3.517s][info][gc          ] GC(122) Pause Young (Concurrent Start) (G1 Humongous Allocation) 139M->97M(256M) 1.211ms
[3.518s][info][gc,cpu      ] GC(122) User=0.00s Sys=0.00s Real=0.00s
[3.518s][info][gc          ] GC(123) Concurrent Undo Cycle
[3.518s][info][gc,marking  ] GC(123) Concurrent Clear Claimed Marks
[3.518s][info][gc,marking  ] GC(123) Concurrent Clear Claimed Marks 0.004ms
[3.518s][info][gc,marking  ] GC(123) Concurrent Cleanup for Next Mark
[3.518s][info][gc,marking  ] GC(123) Concurrent Cleanup for Next Mark 0.137ms
[3.518s][info][gc          ] GC(123) Concurrent Undo Cycle 0.166ms
[3.622s][info][gc,start    ] GC(124) Pause Young (Concurrent Start) (G1 Humongous Allocation)
[3.622s][info][gc,task     ] GC(124) Using 2 workers of 2 for evacuation
[3.626s][info][gc,phases   ] GC(124)   Pre Evacuate Collection Set: 0.82ms
[3.626s][info][gc,phases   ] GC(124)   Merge Heap Roots: 0.04ms
[3.626s][info][gc,phases   ] GC(124)   Evacuate Collection Set: 1.07ms
[3.626s][info][gc,phases   ] GC(124)   Post Evacuate Collection Set: 1.51ms
[3.626s][info][gc,phases   ] GC(124)   Other: 0.19ms
[3.626s][info][gc,heap     ] GC(124) Eden regions: 1->0(139)
[3.626s][info][gc,heap     ] GC(124) Survivor regions: 1->1(18)
[3.626s][info][gc,heap     ] GC(124) Old regions: 6->6
[3.626s][info][gc,heap     ] GC(124) Humongous regions: 109->96
[3.626s][info][gc,metaspace] GC(124) Metaspace: 360K(576K)->360K(576K) NonClass: 339K(448K)->339K(448K) Class: 21K(128K)->21K(128K)
[3.626s][info][gc          ] GC(124) Pause Young (Concurrent Start) (G1 Humongous Allocation) 113M->100M(256M) 4.051ms
[3.626s][info][gc,cpu      ] GC(124) User=0.00s Sys=0.00s Real=0.00s
[3.626s][info][gc          ] GC(125) Concurrent Undo Cycle
[3.626s][info][gc,marking  ] GC(125) Concurrent Clear Claimed Marks
[3.626s][info][gc,marking  ] GC(125) Concurrent Clear Claimed Marks 0.010ms
[3.626s][info][gc,marking  ] GC(125) Concurrent Cleanup for Next Mark
[3.626s][info][gc,marking  ] GC(125) Concurrent Cleanup for Next Mark 0.080ms
[3.626s][info][gc          ] GC(125) Concurrent Undo Cycle 0.133ms
[3.626s][info][gc,start    ] GC(126) Pause Young (Concurrent Start) (G1 Humongous Allocation)
[3.626s][info][gc,task     ] GC(126) Using 2 workers of 2 for evacuation
[3.628s][info][gc,phases   ] GC(126)   Pre Evacuate Collection Set: 0.38ms
[3.628s][info][gc,phases   ] GC(126)   Merge Heap Roots: 0.09ms
[3.628s][info][gc,phases   ] GC(126)   Evacuate Collection Set: 0.39ms
[3.628s][info][gc,phases   ] GC(126)   Post Evacuate Collection Set: 0.53ms
[3.628s][info][gc,phases   ] GC(126)   Other: 0.13ms
[3.628s][info][gc,heap     ] GC(126) Eden regions: 0->0(139)
[3.628s][info][gc,heap     ] GC(126) Survivor regions: 1->1(18)
[3.628s][info][gc,heap     ] GC(126) Old regions: 6->6
[3.628s][info][gc,heap     ] GC(126) Humongous regions: 109->96
[3.628s][info][gc,metaspace] GC(126) Metaspace: 360K(576K)->360K(576K) NonClass: 339K(448K)->339K(448K) Class: 21K(128K)->21K(128K)
[3.628s][info][gc          ] GC(126) Pause Young (Concurrent Start) (G1 Humongous Allocation) 113M->100M(256M) 1.810ms
[3.628s][info][gc,cpu      ] GC(126) User=0.00s Sys=0.00s Real=0.00s
[3.628s][info][gc          ] GC(127) Concurrent Undo Cycle
[3.628s][info][gc,marking  ] GC(127) Concurrent Clear Claimed Marks
[3.628s][info][gc,marking  ] GC(127) Concurrent Clear Claimed Marks 0.007ms
[3.628s][info][gc,marking  ] GC(127) Concurrent Cleanup for Next Mark
[3.628s][info][gc,marking  ] GC(127) Concurrent Cleanup for Next Mark 0.036ms
[3.628s][info][gc          ] GC(127) Concurrent Undo Cycle 0.112ms
[3.629s][info][gc,start    ] GC(128) Pause Young (Concurrent Start) (G1 Humongous Allocation)
[3.629s][info][gc,task     ] GC(128) Using 2 workers of 2 for evacuation
[3.630s][info][gc,phases   ] GC(128)   Pre Evacuate Collection Set: 0.26ms
[3.630s][info][gc,phases   ] GC(128)   Merge Heap Roots: 0.10ms
[3.630s][info][gc,phases   ] GC(128)   Evacuate Collection Set: 0.33ms
[3.630s][info][gc,phases   ] GC(128)   Post Evacuate Collection Set: 0.56ms
[3.630s][info][gc,phases   ] GC(128)   Other: 0.14ms
[3.630s][info][gc,heap     ] GC(128) Eden regions: 0->0(139)
[3.630s][info][gc,heap     ] GC(128) Survivor regions: 1->1(18)
[3.630s][info][gc,heap     ] GC(128) Old regions: 6->6
[3.630s][info][gc,heap     ] GC(128) Humongous regions: 109->96
[3.630s][info][gc,metaspace] GC(128) Metaspace: 360K(576K)->360K(576K) NonClass: 339K(448K)->339K(448K) Class: 21K(128K)->21K(128K)
[3.630s][info][gc          ] GC(128) Pause Young (Concurrent Start) (G1 Humongous Allocation) 113M->100M(256M) 1.531ms
[3.630s][info][gc,cpu      ] GC(128) User=0.00s Sys=0.01s Real=0.00s
[3.630s][info][gc          ] GC(129) Concurrent Undo Cycle
[3.630s][info][gc,marking  ] GC(129) Concurrent Clear Claimed Marks
[3.630s][info][gc,marking  ] GC(129) Concurrent Clear Claimed Marks 0.005ms
[3.630s][info][gc,marking  ] GC(129) Concurrent Cleanup for Next Mark
[3.630s][info][gc,marking  ] GC(129) Concurrent Cleanup for Next Mark 0.049ms
[3.630s][info][gc          ] GC(129) Concurrent Undo Cycle 0.087ms
[3.631s][info][gc,start    ] GC(130) Pause Young (Concurrent Start) (G1 Humongous Allocation)
[3.631s][info][gc,task     ] GC(130) Using 2 workers of 2 for evacuation
[3.632s][info][gc,phases   ] GC(130)   Pre Evacuate Collection Set: 0.25ms
[3.632s][info][gc,phases   ] GC(130)   Merge Heap Roots: 0.11ms
[3.632s][info][gc,phases   ] GC(130)   Evacuate Collection Set: 0.37ms
[3.632s][info][gc,phases   ] GC(130)   Post Evacuate Collection Set: 0.57ms
[3.632s][info][gc,phases   ] GC(130)   Other: 0.39ms
[3.632s][info][gc,heap     ] GC(130) Eden regions: 0->0(139)
[3.632s][info][gc,heap     ] GC(130) Survivor regions: 1->1(18)
[3.632s][info][gc,heap     ] GC(130) Old regions: 6->6
[3.632s][info][gc,heap     ] GC(130) Humongous regions: 109->96
[3.632s][info][gc,metaspace] GC(130) Metaspace: 360K(576K)->360K(576K) NonClass: 339K(448K)->339K(448K) Class: 21K(128K)->21K(128K)
[3.632s][info][gc          ] GC(130) Pause Young (Concurrent Start) (G1 Humongous Allocation) 113M->100M(256M) 1.812ms
[3.632s][info][gc,cpu      ] GC(130) User=0.00s Sys=0.00s Real=0.00s
[3.632s][info][gc          ] GC(131) Concurrent Undo Cycle
[3.632s][info][gc,marking  ] GC(131) Concurrent Clear Claimed Marks
[3.632s][info][gc,marking  ] GC(131) Concurrent Clear Claimed Marks 0.007ms
[3.632s][info][gc,marking  ] GC(131) Concurrent Cleanup for Next Mark
[3.633s][info][gc,marking  ] GC(131) Concurrent Cleanup for Next Mark 0.060ms
[3.633s][info][gc          ] GC(131) Concurrent Undo Cycle 0.107ms
[3.633s][info][gc,start    ] GC(132) Pause Young (Concurrent Start) (G1 Humongous Allocation)
[3.633s][info][gc,task     ] GC(132) Using 2 workers of 2 for evacuation
[3.641s][info][gc,phases   ] GC(132)   Pre Evacuate Collection Set: 0.47ms
[3.641s][info][gc,phases   ] GC(132)   Merge Heap Roots: 0.14ms
[3.641s][info][gc,phases   ] GC(132)   Evacuate Collection Set: 6.53ms
[3.641s][info][gc,phases   ] GC(132)   Post Evacuate Collection Set: 0.40ms
[3.641s][info][gc,phases   ] GC(132)   Other: 0.23ms
[3.641s][info][gc,heap     ] GC(132) Eden regions: 0->0(139)
[3.641s][info][gc,heap     ] GC(132) Survivor regions: 1->1(18)
[3.641s][info][gc,heap     ] GC(132) Old regions: 6->6
[3.641s][info][gc,heap     ] GC(132) Humongous regions: 109->96
[3.641s][info][gc,metaspace] GC(132) Metaspace: 360K(576K)->360K(576K) NonClass: 339K(448K)->339K(448K) Class: 21K(128K)->21K(128K)
[3.641s][info][gc          ] GC(132) Pause Young (Concurrent Start) (G1 Humongous Allocation) 113M->100M(256M) 8.049ms
[3.641s][info][gc,cpu      ] GC(132) User=0.01s Sys=0.00s Real=0.01s
[3.641s][info][gc          ] GC(133) Concurrent Undo Cycle
[3.641s][info][gc,marking  ] GC(133) Concurrent Clear Claimed Marks
[3.641s][info][gc,marking  ] GC(133) Concurrent Clear Claimed Marks 0.009ms
[3.641s][info][gc,marking  ] GC(133) Concurrent Cleanup for Next Mark
[3.641s][info][gc,marking  ] GC(133) Concurrent Cleanup for Next Mark 0.059ms
[3.641s][info][gc          ] GC(133) Concurrent Undo Cycle 0.105ms
[3.642s][info][gc,start    ] GC(134) Pause Young (Concurrent Start) (G1 Humongous Allocation)
[3.642s][info][gc,task     ] GC(134) Using 2 workers of 2 for evacuation
[3.644s][info][gc,phases   ] GC(134)   Pre Evacuate Collection Set: 0.68ms
[3.644s][info][gc,phases   ] GC(134)   Merge Heap Roots: 0.10ms
[3.644s][info][gc,phases   ] GC(134)   Evacuate Collection Set: 0.65ms
[3.644s][info][gc,phases   ] GC(134)   Post Evacuate Collection Set: 0.54ms
[3.644s][info][gc,phases   ] GC(134)   Other: 0.26ms
[3.644s][info][gc,heap     ] GC(134) Eden regions: 0->0(139)
[3.644s][info][gc,heap     ] GC(134) Survivor regions: 1->1(18)
[3.644s][info][gc,heap     ] GC(134) Old regions: 6->6
[3.644s][info][gc,heap     ] GC(134) Humongous regions: 109->96
[3.644s][info][gc,metaspace] GC(134) Metaspace: 360K(576K)->360K(576K) NonClass: 339K(448K)->339K(448K) Class: 21K(128K)->21K(128K)
[3.644s][info][gc          ] GC(134) Pause Young (Concurrent Start) (G1 Humongous Allocation) 113M->100M(256M) 2.372ms
[3.644s][info][gc,cpu      ] GC(134) User=0.00s Sys=0.00s Real=0.00s
[3.644s][info][gc          ] GC(135) Concurrent Undo Cycle
[3.644s][info][gc,marking  ] GC(135) Concurrent Clear Claimed Marks
[3.644s][info][gc,marking  ] GC(135) Concurrent Clear Claimed Marks 0.006ms
[3.644s][info][gc,marking  ] GC(135) Concurrent Cleanup for Next Mark
[3.645s][info][gc,marking  ] GC(135) Concurrent Cleanup for Next Mark 0.056ms
[3.645s][info][gc          ] GC(135) Concurrent Undo Cycle 0.093ms
[3.645s][info][gc,start    ] GC(136) Pause Young (Concurrent Start) (G1 Humongous Allocation)
[3.645s][info][gc,task     ] GC(136) Using 2 workers of 2 for evacuation
[3.646s][info][gc,phases   ] GC(136)   Pre Evacuate Collection Set: 0.32ms
[3.646s][info][gc,phases   ] GC(136)   Merge Heap Roots: 0.10ms
[3.646s][info][gc,phases   ] GC(136)   Evacuate Collection Set: 0.40ms
[3.646s][info][gc,phases   ] GC(136)   Post Evacuate Collection Set: 0.42ms
[3.646s][info][gc,phases   ] GC(136)   Other: 0.17ms
[3.646s][info][gc,heap     ] GC(136) Eden regions: 0->0(139)
[3.646s][info][gc,heap     ] GC(136) Survivor regions: 1->1(18)
[3.646s][info][gc,heap     ] GC(136) Old regions: 6->6
[3.646s][info][gc,heap     ] GC(136) Humongous regions: 109->96
[3.646s][info][gc,metaspace] GC(136) Metaspace: 360K(576K)->360K(576K) NonClass: 339K(448K)->339K(448K) Class: 21K(128K)->21K(128K)
[3.646s][info][gc          ] GC(136) Pause Young (Concurrent Start) (G1 Humongous Allocation) 113M->100M(256M) 1.549ms
[3.646s][info][gc,cpu      ] GC(136) User=0.00s Sys=0.00s Real=0.01s
[3.647s][info][gc          ] GC(137) Concurrent Undo Cycle
[3.647s][info][gc,marking  ] GC(137) Concurrent Clear Claimed Marks
[3.647s][info][gc,marking  ] GC(137) Concurrent Clear Claimed Marks 0.146ms
[3.647s][info][gc,marking  ] GC(137) Concurrent Cleanup for Next Mark
[3.647s][info][gc,marking  ] GC(137) Concurrent Cleanup for Next Mark 0.475ms
[3.647s][info][gc          ] GC(137) Concurrent Undo Cycle 0.666ms
[3.650s][info][gc,start    ] GC(138) Pause Young (Concurrent Start) (G1 Humongous Allocation)
[3.650s][info][gc,task     ] GC(138) Using 2 workers of 2 for evacuation
[3.652s][info][gc,phases   ] GC(138)   Pre Evacuate Collection Set: 0.43ms
[3.652s][info][gc,phases   ] GC(138)   Merge Heap Roots: 0.08ms
[3.652s][info][gc,phases   ] GC(138)   Evacuate Collection Set: 0.57ms
[3.652s][info][gc,phases   ] GC(138)   Post Evacuate Collection Set: 0.38ms
[3.652s][info][gc,phases   ] GC(138)   Other: 0.14ms
[3.652s][info][gc,heap     ] GC(138) Eden regions: 0->0(139)
[3.652s][info][gc,heap     ] GC(138) Survivor regions: 1->1(18)
[3.652s][info][gc,heap     ] GC(138) Old regions: 6->6
[3.652s][info][gc,heap     ] GC(138) Humongous regions: 109->96
[3.652s][info][gc,metaspace] GC(138) Metaspace: 360K(576K)->360K(576K) NonClass: 339K(448K)->339K(448K) Class: 21K(128K)->21K(128K)
[3.652s][info][gc          ] GC(138) Pause Young (Concurrent Start) (G1 Humongous Allocation) 113M->100M(256M) 1.774ms
[3.652s][info][gc,cpu      ] GC(138) User=0.00s Sys=0.00s Real=0.00s
[3.652s][info][gc          ] GC(139) Concurrent Undo Cycle
[3.652s][info][gc,marking  ] GC(139) Concurrent Clear Claimed Marks
[3.652s][info][gc,marking  ] GC(139) Concurrent Clear Claimed Marks 0.006ms
[3.652s][info][gc,marking  ] GC(139) Concurrent Cleanup for Next Mark
[3.652s][info][gc,marking  ] GC(139) Concurrent Cleanup for Next Mark 0.048ms
[3.652s][info][gc          ] GC(139) Concurrent Undo Cycle 0.091ms
[3.756s][info][gc,start    ] GC(140) Pause Young (Concurrent Start) (G1 Humongous Allocation)
[3.757s][info][gc,task     ] GC(140) Using 2 workers of 2 for evacuation
[3.762s][info][gc,phases   ] GC(140)   Pre Evacuate Collection Set: 2.29ms
[3.762s][info][gc,phases   ] GC(140)   Merge Heap Roots: 0.18ms
[3.762s][info][gc,phases   ] GC(140)   Evacuate Collection Set: 1.27ms
[3.762s][info][gc,phases   ] GC(140)   Post Evacuate Collection Set: 1.23ms
[3.762s][info][gc,phases   ] GC(140)   Other: 0.72ms
[3.762s][info][gc,heap     ] GC(140) Eden regions: 1->0(136)
[3.762s][info][gc,heap     ] GC(140) Survivor regions: 1->1(18)
[3.763s][info][gc,heap     ] GC(140) Old regions: 6->6
[3.763s][info][gc,heap     ] GC(140) Humongous regions: 109->99
[3.763s][info][gc,metaspace] GC(140) Metaspace: 360K(576K)->360K(576K) NonClass: 339K(448K)->339K(448K) Class: 21K(128K)->21K(128K)
[3.763s][info][gc          ] GC(140) Pause Young (Concurrent Start) (G1 Humongous Allocation) 113M->103M(256M) 6.200ms
[3.763s][info][gc,cpu      ] GC(140) User=0.00s Sys=0.00s Real=0.00s
[3.763s][info][gc          ] GC(141) Concurrent Undo Cycle
[3.763s][info][gc,marking  ] GC(141) Concurrent Clear Claimed Marks
[3.763s][info][gc,marking  ] GC(141) Concurrent Clear Claimed Marks 0.012ms
[3.763s][info][gc,marking  ] GC(141) Concurrent Cleanup for Next Mark
[3.763s][info][gc,marking  ] GC(141) Concurrent Cleanup for Next Mark 0.059ms
[3.763s][info][gc          ] GC(141) Concurrent Undo Cycle 0.107ms
[3.763s][info][gc,start    ] GC(142) Pause Young (Concurrent Start) (G1 Humongous Allocation)
[3.763s][info][gc,task     ] GC(142) Using 2 workers of 2 for evacuation
[3.770s][info][gc,phases   ] GC(142)   Pre Evacuate Collection Set: 0.31ms
[3.770s][info][gc,phases   ] GC(142)   Merge Heap Roots: 0.15ms
[3.770s][info][gc,phases   ] GC(142)   Evacuate Collection Set: 0.53ms
[3.770s][info][gc,phases   ] GC(142)   Post Evacuate Collection Set: 4.91ms
[3.770s][info][gc,phases   ] GC(142)   Other: 0.37ms
[3.770s][info][gc,heap     ] GC(142) Eden regions: 0->0(136)
[3.770s][info][gc,heap     ] GC(142) Survivor regions: 1->1(18)
[3.770s][info][gc,heap     ] GC(142) Old regions: 6->6
[3.770s][info][gc,heap     ] GC(142) Humongous regions: 109->99
[3.770s][info][gc,metaspace] GC(142) Metaspace: 360K(576K)->360K(576K) NonClass: 339K(448K)->339K(448K) Class: 21K(128K)->21K(128K)
[3.770s][info][gc          ] GC(142) Pause Young (Concurrent Start) (G1 Humongous Allocation) 113M->103M(256M) 6.537ms
[3.770s][info][gc,cpu      ] GC(142) User=0.00s Sys=0.00s Real=0.01s
[3.770s][info][gc          ] GC(143) Concurrent Undo Cycle
[3.770s][info][gc,marking  ] GC(143) Concurrent Clear Claimed Marks
[3.770s][info][gc,marking  ] GC(143) Concurrent Clear Claimed Marks 0.009ms
[3.770s][info][gc,marking  ] GC(143) Concurrent Cleanup for Next Mark
[3.770s][info][gc,marking  ] GC(143) Concurrent Cleanup for Next Mark 0.201ms
[3.770s][info][gc          ] GC(143) Concurrent Undo Cycle 0.255ms
[3.771s][info][gc,start    ] GC(144) Pause Young (Concurrent Start) (G1 Humongous Allocation)
[3.771s][info][gc,task     ] GC(144) Using 2 workers of 2 for evacuation
[3.772s][info][gc,phases   ] GC(144)   Pre Evacuate Collection Set: 0.18ms
[3.772s][info][gc,phases   ] GC(144)   Merge Heap Roots: 0.03ms
[3.772s][info][gc,phases   ] GC(144)   Evacuate Collection Set: 0.56ms
[3.772s][info][gc,phases   ] GC(144)   Post Evacuate Collection Set: 0.41ms
[3.772s][info][gc,phases   ] GC(144)   Other: 0.08ms
[3.772s][info][gc,heap     ] GC(144) Eden regions: 0->0(136)
[3.772s][info][gc,heap     ] GC(144) Survivor regions: 1->1(18)
[3.772s][info][gc,heap     ] GC(144) Old regions: 6->6
[3.772s][info][gc,heap     ] GC(144) Humongous regions: 109->99
[3.772s][info][gc,metaspace] GC(144) Metaspace: 360K(576K)->360K(576K) NonClass: 339K(448K)->339K(448K) Class: 21K(128K)->21K(128K)
[3.772s][info][gc          ] GC(144) Pause Young (Concurrent Start) (G1 Humongous Allocation) 113M->103M(256M) 1.380ms
[3.772s][info][gc,cpu      ] GC(144) User=0.00s Sys=0.00s Real=0.00s
[3.772s][info][gc          ] GC(145) Concurrent Undo Cycle
[3.772s][info][gc,marking  ] GC(145) Concurrent Clear Claimed Marks
[3.772s][info][gc,marking  ] GC(145) Concurrent Clear Claimed Marks 0.005ms
[3.772s][info][gc,marking  ] GC(145) Concurrent Cleanup for Next Mark
[3.772s][info][gc,marking  ] GC(145) Concurrent Cleanup for Next Mark 0.047ms
[3.772s][info][gc          ] GC(145) Concurrent Undo Cycle 0.082ms
[3.772s][info][gc,start    ] GC(146) Pause Young (Concurrent Start) (G1 Humongous Allocation)
[3.772s][info][gc,task     ] GC(146) Using 2 workers of 2 for evacuation
[3.774s][info][gc,phases   ] GC(146)   Pre Evacuate Collection Set: 0.24ms
[3.774s][info][gc,phases   ] GC(146)   Merge Heap Roots: 0.07ms
[3.774s][info][gc,phases   ] GC(146)   Evacuate Collection Set: 0.33ms
[3.774s][info][gc,phases   ] GC(146)   Post Evacuate Collection Set: 0.98ms
[3.774s][info][gc,phases   ] GC(146)   Other: 0.13ms
[3.774s][info][gc,heap     ] GC(146) Eden regions: 0->0(136)
[3.774s][info][gc,heap     ] GC(146) Survivor regions: 1->1(18)
[3.774s][info][gc,heap     ] GC(146) Old regions: 6->6
[3.774s][info][gc,heap     ] GC(146) Humongous regions: 109->99
[3.774s][info][gc,metaspace] GC(146) Metaspace: 360K(576K)->360K(576K) NonClass: 339K(448K)->339K(448K) Class: 21K(128K)->21K(128K)
[3.774s][info][gc          ] GC(146) Pause Young (Concurrent Start) (G1 Humongous Allocation) 113M->103M(256M) 1.885ms
[3.774s][info][gc,cpu      ] GC(146) User=0.00s Sys=0.00s Real=0.00s
[3.774s][info][gc          ] GC(147) Concurrent Undo Cycle
[3.774s][info][gc,marking  ] GC(147) Concurrent Clear Claimed Marks
[3.774s][info][gc,marking  ] GC(147) Concurrent Clear Claimed Marks 0.005ms
[3.774s][info][gc,marking  ] GC(147) Concurrent Cleanup for Next Mark
[3.774s][info][gc,marking  ] GC(147) Concurrent Cleanup for Next Mark 0.050ms
[3.774s][info][gc          ] GC(147) Concurrent Undo Cycle 0.086ms
[3.775s][info][gc,start    ] GC(148) Pause Young (Concurrent Start) (G1 Humongous Allocation)
[3.775s][info][gc,task     ] GC(148) Using 2 workers of 2 for evacuation
[3.776s][info][gc,phases   ] GC(148)   Pre Evacuate Collection Set: 0.27ms
[3.776s][info][gc,phases   ] GC(148)   Merge Heap Roots: 0.07ms
[3.776s][info][gc,phases   ] GC(148)   Evacuate Collection Set: 0.36ms
[3.776s][info][gc,phases   ] GC(148)   Post Evacuate Collection Set: 0.27ms
[3.776s][info][gc,phases   ] GC(148)   Other: 0.12ms
[3.776s][info][gc,heap     ] GC(148) Eden regions: 0->0(136)
[3.776s][info][gc,heap     ] GC(148) Survivor regions: 1->1(18)
[3.776s][info][gc,heap     ] GC(148) Old regions: 6->6
[3.776s][info][gc,heap     ] GC(148) Humongous regions: 109->99
[3.776s][info][gc,metaspace] GC(148) Metaspace: 360K(576K)->360K(576K) NonClass: 339K(448K)->339K(448K) Class: 21K(128K)->21K(128K)
[3.776s][info][gc          ] GC(148) Pause Young (Concurrent Start) (G1 Humongous Allocation) 113M->103M(256M) 1.237ms
[3.776s][info][gc,cpu      ] GC(148) User=0.00s Sys=0.01s Real=0.00s
[3.776s][info][gc          ] GC(149) Concurrent Undo Cycle
[3.776s][info][gc,marking  ] GC(149) Concurrent Clear Claimed Marks
[3.776s][info][gc,marking  ] GC(149) Concurrent Clear Claimed Marks 0.005ms
[3.776s][info][gc,marking  ] GC(149) Concurrent Cleanup for Next Mark
[3.776s][info][gc,marking  ] GC(149) Concurrent Cleanup for Next Mark 0.048ms
[3.776s][info][gc          ] GC(149) Concurrent Undo Cycle 0.206ms
[3.776s][info][gc,start    ] GC(150) Pause Young (Concurrent Start) (G1 Humongous Allocation)
[3.776s][info][gc,task     ] GC(150) Using 2 workers of 2 for evacuation
[3.777s][info][gc,phases   ] GC(150)   Pre Evacuate Collection Set: 0.25ms
[3.777s][info][gc,phases   ] GC(150)   Merge Heap Roots: 0.08ms
[3.777s][info][gc,phases   ] GC(150)   Evacuate Collection Set: 0.32ms
[3.777s][info][gc,phases   ] GC(150)   Post Evacuate Collection Set: 0.30ms
[3.777s][info][gc,phases   ] GC(150)   Other: 0.11ms
[3.777s][info][gc,heap     ] GC(150) Eden regions: 0->0(136)
[3.777s][info][gc,heap     ] GC(150) Survivor regions: 1->1(18)
[3.777s][info][gc,heap     ] GC(150) Old regions: 6->6
[3.777s][info][gc,heap     ] GC(150) Humongous regions: 109->99
[3.777s][info][gc,metaspace] GC(150) Metaspace: 360K(576K)->360K(576K) NonClass: 339K(448K)->339K(448K) Class: 21K(128K)->21K(128K)
[3.777s][info][gc          ] GC(150) Pause Young (Concurrent Start) (G1 Humongous Allocation) 113M->103M(256M) 1.165ms
[3.778s][info][gc,cpu      ] GC(150) User=0.00s Sys=0.00s Real=0.00s
[3.778s][info][gc          ] GC(151) Concurrent Undo Cycle
[3.778s][info][gc,marking  ] GC(151) Concurrent Clear Claimed Marks
[3.778s][info][gc,marking  ] GC(151) Concurrent Clear Claimed Marks 0.005ms
[3.778s][info][gc,marking  ] GC(151) Concurrent Cleanup for Next Mark
[3.778s][info][gc,marking  ] GC(151) Concurrent Cleanup for Next Mark 0.043ms
[3.778s][info][gc          ] GC(151) Concurrent Undo Cycle 0.076ms
[3.778s][info][gc,start    ] GC(152) Pause Young (Concurrent Start) (G1 Humongous Allocation)
[3.778s][info][gc,task     ] GC(152) Using 2 workers of 2 for evacuation
[3.791s][info][gc,phases   ] GC(152)   Pre Evacuate Collection Set: 0.80ms
[3.791s][info][gc,phases   ] GC(152)   Merge Heap Roots: 0.07ms
[3.791s][info][gc,phases   ] GC(152)   Evacuate Collection Set: 0.55ms
[3.791s][info][gc,phases   ] GC(152)   Post Evacuate Collection Set: 10.82ms
[3.791s][info][gc,phases   ] GC(152)   Other: 0.13ms
[3.791s][info][gc,heap     ] GC(152) Eden regions: 0->0(136)
[3.791s][info][gc,heap     ] GC(152) Survivor regions: 1->1(18)
[3.791s][info][gc,heap     ] GC(152) Old regions: 6->6
[3.791s][info][gc,heap     ] GC(152) Humongous regions: 109->99
[3.791s][info][gc,metaspace] GC(152) Metaspace: 360K(576K)->360K(576K) NonClass: 339K(448K)->339K(448K) Class: 21K(128K)->21K(128K)
[3.791s][info][gc          ] GC(152) Pause Young (Concurrent Start) (G1 Humongous Allocation) 113M->103M(256M) 12.568ms
[3.791s][info][gc,cpu      ] GC(152) User=0.00s Sys=0.00s Real=0.01s
[3.791s][info][gc          ] GC(153) Concurrent Undo Cycle
[3.791s][info][gc,marking  ] GC(153) Concurrent Clear Claimed Marks
[3.791s][info][gc,marking  ] GC(153) Concurrent Clear Claimed Marks 0.009ms
[3.791s][info][gc,marking  ] GC(153) Concurrent Cleanup for Next Mark
[3.791s][info][gc,marking  ] GC(153) Concurrent Cleanup for Next Mark 0.072ms
[3.791s][info][gc          ] GC(153) Concurrent Undo Cycle 0.118ms
[3.791s][info][gc,start    ] GC(154) Pause Young (Concurrent Start) (G1 Humongous Allocation)
[3.791s][info][gc,task     ] GC(154) Using 2 workers of 2 for evacuation
[3.793s][info][gc,phases   ] GC(154)   Pre Evacuate Collection Set: 0.24ms
[3.793s][info][gc,phases   ] GC(154)   Merge Heap Roots: 0.10ms
[3.793s][info][gc,phases   ] GC(154)   Evacuate Collection Set: 0.44ms
[3.793s][info][gc,phases   ] GC(154)   Post Evacuate Collection Set: 0.58ms
[3.793s][info][gc,phases   ] GC(154)   Other: 0.14ms
[3.793s][info][gc,heap     ] GC(154) Eden regions: 0->0(136)
[3.793s][info][gc,heap     ] GC(154) Survivor regions: 1->1(18)
[3.793s][info][gc,heap     ] GC(154) Old regions: 6->6
[3.793s][info][gc,heap     ] GC(154) Humongous regions: 109->99
[3.793s][info][gc,metaspace] GC(154) Metaspace: 360K(576K)->360K(576K) NonClass: 339K(448K)->339K(448K) Class: 21K(128K)->21K(128K)
[3.793s][info][gc          ] GC(154) Pause Young (Concurrent Start) (G1 Humongous Allocation) 113M->103M(256M) 1.620ms
[3.793s][info][gc,cpu      ] GC(154) User=0.00s Sys=0.00s Real=0.00s
[3.793s][info][gc          ] GC(155) Concurrent Undo Cycle
[3.793s][info][gc,marking  ] GC(155) Concurrent Clear Claimed Marks
[3.793s][info][gc,marking  ] GC(155) Concurrent Clear Claimed Marks 0.006ms
[3.793s][info][gc,marking  ] GC(155) Concurrent Cleanup for Next Mark
[3.794s][info][gc,marking  ] GC(155) Concurrent Cleanup for Next Mark 0.544ms
[3.794s][info][gc          ] GC(155) Concurrent Undo Cycle 0.599ms
[3.897s][info][gc,start    ] GC(156) Pause Young (Concurrent Start) (G1 Humongous Allocation)
[3.897s][info][gc,task     ] GC(156) Using 2 workers of 2 for evacuation
[3.900s][info][gc,phases   ] GC(156)   Pre Evacuate Collection Set: 1.19ms
[3.900s][info][gc,phases   ] GC(156)   Merge Heap Roots: 0.12ms
[3.900s][info][gc,phases   ] GC(156)   Evacuate Collection Set: 1.04ms
[3.900s][info][gc,phases   ] GC(156)   Post Evacuate Collection Set: 0.47ms
[3.900s][info][gc,phases   ] GC(156)   Other: 0.20ms
[3.900s][info][gc,heap     ] GC(156) Eden regions: 0->0(136)
[3.900s][info][gc,heap     ] GC(156) Survivor regions: 1->1(18)
[3.900s][info][gc,heap     ] GC(156) Old regions: 6->6
[3.900s][info][gc,heap     ] GC(156) Humongous regions: 122->99
[3.900s][info][gc,metaspace] GC(156) Metaspace: 360K(576K)->360K(576K) NonClass: 339K(448K)->339K(448K) Class: 21K(128K)->21K(128K)
[3.900s][info][gc          ] GC(156) Pause Young (Concurrent Start) (G1 Humongous Allocation) 126M->103M(256M) 3.463ms
[3.900s][info][gc,cpu      ] GC(156) User=0.00s Sys=0.00s Real=0.00s
[3.900s][info][gc          ] GC(157) Concurrent Undo Cycle
[3.900s][info][gc,marking  ] GC(157) Concurrent Clear Claimed Marks
[3.900s][info][gc,marking  ] GC(157) Concurrent Clear Claimed Marks 0.010ms
[3.900s][info][gc,marking  ] GC(157) Concurrent Cleanup for Next Mark
[3.902s][info][gc,marking  ] GC(157) Concurrent Cleanup for Next Mark 1.947ms
[3.902s][info][gc          ] GC(157) Concurrent Undo Cycle 2.048ms
[3.902s][info][gc,start    ] GC(158) Pause Young (Concurrent Start) (G1 Humongous Allocation)
[3.902s][info][gc,task     ] GC(158) Using 2 workers of 2 for evacuation
[3.906s][info][gc,phases   ] GC(158)   Pre Evacuate Collection Set: 0.25ms
[3.906s][info][gc,phases   ] GC(158)   Merge Heap Roots: 0.02ms
[3.906s][info][gc,phases   ] GC(158)   Evacuate Collection Set: 1.86ms
[3.906s][info][gc,phases   ] GC(158)   Post Evacuate Collection Set: 1.17ms
[3.906s][info][gc,phases   ] GC(158)   Other: 0.09ms
[3.906s][info][gc,heap     ] GC(158) Eden regions: 1->0(133)
[3.906s][info][gc,heap     ] GC(158) Survivor regions: 1->1(18)
[3.906s][info][gc,heap     ] GC(158) Old regions: 6->6
[3.906s][info][gc,heap     ] GC(158) Humongous regions: 111->102
[3.906s][info][gc,metaspace] GC(158) Metaspace: 360K(576K)->360K(576K) NonClass: 339K(448K)->339K(448K) Class: 21K(128K)->21K(128K)
[3.906s][info][gc          ] GC(158) Pause Young (Concurrent Start) (G1 Humongous Allocation) 115M->106M(256M) 3.587ms
[3.906s][info][gc,cpu      ] GC(158) User=0.01s Sys=0.00s Real=0.00s
[3.906s][info][gc          ] GC(159) Concurrent Undo Cycle
[3.906s][info][gc,marking  ] GC(159) Concurrent Clear Claimed Marks
[3.907s][info][gc,marking  ] GC(159) Concurrent Clear Claimed Marks 0.418ms
[3.907s][info][gc,marking  ] GC(159) Concurrent Cleanup for Next Mark
[3.907s][info][gc,marking  ] GC(159) Concurrent Cleanup for Next Mark 0.611ms
[3.907s][info][gc          ] GC(159) Concurrent Undo Cycle 1.095ms
[3.907s][info][gc,start    ] GC(160) Pause Young (Concurrent Start) (G1 Humongous Allocation)
[3.907s][info][gc,task     ] GC(160) Using 2 workers of 2 for evacuation
[3.910s][info][gc,phases   ] GC(160)   Pre Evacuate Collection Set: 0.46ms
[3.910s][info][gc,phases   ] GC(160)   Merge Heap Roots: 0.29ms
[3.910s][info][gc,phases   ] GC(160)   Evacuate Collection Set: 0.72ms
[3.910s][info][gc,phases   ] GC(160)   Post Evacuate Collection Set: 1.05ms
[3.910s][info][gc,phases   ] GC(160)   Other: 0.39ms
[3.910s][info][gc,heap     ] GC(160) Eden regions: 0->0(133)
[3.910s][info][gc,heap     ] GC(160) Survivor regions: 1->1(17)
[3.910s][info][gc,heap     ] GC(160) Old regions: 6->6
[3.910s][info][gc,heap     ] GC(160) Humongous regions: 117->102
[3.910s][info][gc,metaspace] GC(160) Metaspace: 360K(576K)->360K(576K) NonClass: 339K(448K)->339K(448K) Class: 21K(128K)->21K(128K)
[3.910s][info][gc          ] GC(160) Pause Young (Concurrent Start) (G1 Humongous Allocation) 121M->106M(256M) 3.070ms
[3.910s][info][gc,cpu      ] GC(160) User=0.00s Sys=0.00s Real=0.00s
[3.910s][info][gc          ] GC(161) Concurrent Undo Cycle
[3.910s][info][gc,marking  ] GC(161) Concurrent Clear Claimed Marks
[3.911s][info][gc,marking  ] GC(161) Concurrent Clear Claimed Marks 0.059ms
[3.911s][info][gc,marking  ] GC(161) Concurrent Cleanup for Next Mark
[3.912s][info][gc,marking  ] GC(161) Concurrent Cleanup for Next Mark 1.570ms
[3.912s][info][gc          ] GC(161) Concurrent Undo Cycle 1.720ms
[3.912s][info][gc,start    ] GC(162) Pause Young (Concurrent Start) (G1 Humongous Allocation)
[3.913s][info][gc,task     ] GC(162) Using 2 workers of 2 for evacuation
[3.915s][info][gc,phases   ] GC(162)   Pre Evacuate Collection Set: 0.51ms
[3.915s][info][gc,phases   ] GC(162)   Merge Heap Roots: 0.09ms
[3.915s][info][gc,phases   ] GC(162)   Evacuate Collection Set: 0.62ms
[3.915s][info][gc,phases   ] GC(162)   Post Evacuate Collection Set: 0.58ms
[3.915s][info][gc,phases   ] GC(162)   Other: 0.17ms
[3.915s][info][gc,heap     ] GC(162) Eden regions: 0->0(133)
[3.915s][info][gc,heap     ] GC(162) Survivor regions: 1->1(17)
[3.915s][info][gc,heap     ] GC(162) Old regions: 6->6
[3.915s][info][gc,heap     ] GC(162) Humongous regions: 138->102
[3.915s][info][gc,metaspace] GC(162) Metaspace: 360K(576K)->360K(576K) NonClass: 339K(448K)->339K(448K) Class: 21K(128K)->21K(128K)
[3.915s][info][gc          ] GC(162) Pause Young (Concurrent Start) (G1 Humongous Allocation) 142M->106M(256M) 2.185ms
[3.915s][info][gc          ] GC(163) Concurrent Undo Cycle
[3.915s][info][gc,marking  ] GC(163) Concurrent Clear Claimed Marks
[3.915s][info][gc,marking  ] GC(163) Concurrent Clear Claimed Marks 0.005ms
[3.915s][info][gc,marking  ] GC(163) Concurrent Cleanup for Next Mark
[3.915s][info][gc,cpu      ] GC(162) User=0.00s Sys=0.00s Real=0.00s
[3.915s][info][gc,marking  ] GC(163) Concurrent Cleanup for Next Mark 0.061ms
[3.915s][info][gc          ] GC(163) Concurrent Undo Cycle 0.088ms
[3.923s][info][gc,start    ] GC(164) Pause Young (Concurrent Start) (G1 Humongous Allocation)
[3.923s][info][gc,task     ] GC(164) Using 2 workers of 2 for evacuation
[3.924s][info][gc,phases   ] GC(164)   Pre Evacuate Collection Set: 0.37ms
[3.924s][info][gc,phases   ] GC(164)   Merge Heap Roots: 0.14ms
[3.924s][info][gc,phases   ] GC(164)   Evacuate Collection Set: 0.41ms
[3.924s][info][gc,phases   ] GC(164)   Post Evacuate Collection Set: 0.65ms
[3.924s][info][gc,phases   ] GC(164)   Other: 0.21ms
[3.924s][info][gc,heap     ] GC(164) Eden regions: 0->0(133)
[3.924s][info][gc,heap     ] GC(164) Survivor regions: 1->1(17)
[3.924s][info][gc,heap     ] GC(164) Old regions: 6->6
[3.924s][info][gc,heap     ] GC(164) Humongous regions: 109->102
[3.924s][info][gc,metaspace] GC(164) Metaspace: 360K(576K)->360K(576K) NonClass: 339K(448K)->339K(448K) Class: 21K(128K)->21K(128K)
[3.925s][info][gc          ] GC(164) Pause Young (Concurrent Start) (G1 Humongous Allocation) 113M->106M(256M) 2.004ms
[3.925s][info][gc,cpu      ] GC(164) User=0.00s Sys=0.00s Real=0.00s
[3.925s][info][gc          ] GC(165) Concurrent Undo Cycle
[3.925s][info][gc,marking  ] GC(165) Concurrent Clear Claimed Marks
[3.925s][info][gc,marking  ] GC(165) Concurrent Clear Claimed Marks 0.008ms
[3.925s][info][gc,marking  ] GC(165) Concurrent Cleanup for Next Mark
[3.925s][info][gc,marking  ] GC(165) Concurrent Cleanup for Next Mark 0.784ms
[3.926s][info][gc          ] GC(165) Concurrent Undo Cycle 0.852ms
[4.026s][info][gc,start    ] GC(166) Pause Young (Concurrent Start) (G1 Humongous Allocation)
[4.026s][info][gc,task     ] GC(166) Using 2 workers of 2 for evacuation
[4.028s][info][gc,phases   ] GC(166)   Pre Evacuate Collection Set: 0.56ms
[4.028s][info][gc,phases   ] GC(166)   Merge Heap Roots: 0.10ms
[4.028s][info][gc,phases   ] GC(166)   Evacuate Collection Set: 0.47ms
[4.028s][info][gc,phases   ] GC(166)   Post Evacuate Collection Set: 0.56ms
[4.028s][info][gc,phases   ] GC(166)   Other: 0.15ms
[4.028s][info][gc,heap     ] GC(166) Eden regions: 0->0(133)
[4.028s][info][gc,heap     ] GC(166) Survivor regions: 1->1(17)
[4.028s][info][gc,heap     ] GC(166) Old regions: 6->6
[4.028s][info][gc,heap     ] GC(166) Humongous regions: 135->102
[4.028s][info][gc,metaspace] GC(166) Metaspace: 360K(576K)->360K(576K) NonClass: 339K(448K)->339K(448K) Class: 21K(128K)->21K(128K)
[4.028s][info][gc          ] GC(166) Pause Young (Concurrent Start) (G1 Humongous Allocation) 139M->106M(256M) 2.082ms
[4.028s][info][gc,cpu      ] GC(166) User=0.00s Sys=0.00s Real=0.01s
[4.028s][info][gc          ] GC(167) Concurrent Undo Cycle
[4.028s][info][gc,marking  ] GC(167) Concurrent Clear Claimed Marks
[4.028s][info][gc,marking  ] GC(167) Concurrent Clear Claimed Marks 0.008ms
[4.028s][info][gc,marking  ] GC(167) Concurrent Cleanup for Next Mark
[4.028s][info][gc,marking  ] GC(167) Concurrent Cleanup for Next Mark 0.073ms
[4.028s][info][gc          ] GC(167) Concurrent Undo Cycle 0.126ms
[4.029s][info][gc,start    ] GC(168) Pause Young (Concurrent Start) (G1 Humongous Allocation)
[4.029s][info][gc,task     ] GC(168) Using 2 workers of 2 for evacuation
[4.031s][info][gc,phases   ] GC(168)   Pre Evacuate Collection Set: 0.51ms
[4.031s][info][gc,phases   ] GC(168)   Merge Heap Roots: 0.08ms
[4.031s][info][gc,phases   ] GC(168)   Evacuate Collection Set: 0.33ms
[4.031s][info][gc,phases   ] GC(168)   Post Evacuate Collection Set: 0.43ms
[4.031s][info][gc,phases   ] GC(168)   Other: 0.17ms
[4.031s][info][gc,heap     ] GC(168) Eden regions: 1->0(130)
[4.031s][info][gc,heap     ] GC(168) Survivor regions: 1->1(17)
[4.031s][info][gc,heap     ] GC(168) Old regions: 6->6
[4.031s][info][gc,heap     ] GC(168) Humongous regions: 109->105
[4.031s][info][gc,metaspace] GC(168) Metaspace: 360K(576K)->360K(576K) NonClass: 339K(448K)->339K(448K) Class: 21K(128K)->21K(128K)
[4.031s][info][gc          ] GC(168) Pause Young (Concurrent Start) (G1 Humongous Allocation) 113M->109M(256M) 1.640ms
[4.031s][info][gc,cpu      ] GC(168) User=0.00s Sys=0.00s Real=0.00s
[4.031s][info][gc          ] GC(169) Concurrent Undo Cycle
[4.031s][info][gc,marking  ] GC(169) Concurrent Clear Claimed Marks
[4.031s][info][gc,marking  ] GC(169) Concurrent Clear Claimed Marks 0.005ms
[4.031s][info][gc,marking  ] GC(169) Concurrent Cleanup for Next Mark
[4.031s][info][gc,marking  ] GC(169) Concurrent Cleanup for Next Mark 0.043ms
[4.031s][info][gc          ] GC(169) Concurrent Undo Cycle 0.078ms
[4.031s][info][gc,start    ] GC(170) Pause Young (Concurrent Start) (G1 Humongous Allocation)
[4.031s][info][gc,task     ] GC(170) Using 2 workers of 2 for evacuation
[4.032s][info][gc,phases   ] GC(170)   Pre Evacuate Collection Set: 0.23ms
[4.032s][info][gc,phases   ] GC(170)   Merge Heap Roots: 0.08ms
[4.032s][info][gc,phases   ] GC(170)   Evacuate Collection Set: 0.24ms
[4.032s][info][gc,phases   ] GC(170)   Post Evacuate Collection Set: 0.32ms
[4.032s][info][gc,phases   ] GC(170)   Other: 0.10ms
[4.032s][info][gc,heap     ] GC(170) Eden regions: 0->0(130)
[4.032s][info][gc,heap     ] GC(170) Survivor regions: 1->1(17)
[4.032s][info][gc,heap     ] GC(170) Old regions: 6->6
[4.032s][info][gc,heap     ] GC(170) Humongous regions: 109->105
[4.032s][info][gc,metaspace] GC(170) Metaspace: 360K(576K)->360K(576K) NonClass: 339K(448K)->339K(448K) Class: 21K(128K)->21K(128K)
[4.032s][info][gc          ] GC(170) Pause Young (Concurrent Start) (G1 Humongous Allocation) 113M->109M(256M) 1.076ms
[4.032s][info][gc,cpu      ] GC(170) User=0.00s Sys=0.00s Real=0.00s
[4.032s][info][gc          ] GC(171) Concurrent Undo Cycle
[4.032s][info][gc,marking  ] GC(171) Concurrent Clear Claimed Marks
[4.032s][info][gc,marking  ] GC(171) Concurrent Clear Claimed Marks 0.004ms
[4.032s][info][gc,marking  ] GC(171) Concurrent Cleanup for Next Mark
[4.032s][info][gc,marking  ] GC(171) Concurrent Cleanup for Next Mark 0.057ms
[4.032s][info][gc          ] GC(171) Concurrent Undo Cycle 0.090ms
[4.032s][info][gc,start    ] GC(172) Pause Young (Concurrent Start) (G1 Humongous Allocation)
[4.032s][info][gc,task     ] GC(172) Using 2 workers of 2 for evacuation
[4.033s][info][gc,phases   ] GC(172)   Pre Evacuate Collection Set: 0.19ms
[4.033s][info][gc,phases   ] GC(172)   Merge Heap Roots: 0.08ms
[4.033s][info][gc,phases   ] GC(172)   Evacuate Collection Set: 0.21ms
[4.033s][info][gc,phases   ] GC(172)   Post Evacuate Collection Set: 0.35ms
[4.033s][info][gc,phases   ] GC(172)   Other: 0.10ms
[4.033s][info][gc,heap     ] GC(172) Eden regions: 0->0(130)
[4.033s][info][gc,heap     ] GC(172) Survivor regions: 1->1(17)
[4.033s][info][gc,heap     ] GC(172) Old regions: 6->6
[4.033s][info][gc,heap     ] GC(172) Humongous regions: 109->105
[4.033s][info][gc,metaspace] GC(172) Metaspace: 360K(576K)->360K(576K) NonClass: 339K(448K)->339K(448K) Class: 21K(128K)->21K(128K)
[4.033s][info][gc          ] GC(172) Pause Young (Concurrent Start) (G1 Humongous Allocation) 113M->109M(256M) 1.002ms
[4.033s][info][gc,cpu      ] GC(172) User=0.00s Sys=0.00s Real=0.00s
[4.033s][info][gc          ] GC(173) Concurrent Undo Cycle
[4.033s][info][gc,marking  ] GC(173) Concurrent Clear Claimed Marks
[4.033s][info][gc,marking  ] GC(173) Concurrent Clear Claimed Marks 0.004ms
[4.033s][info][gc,marking  ] GC(173) Concurrent Cleanup for Next Mark
[4.034s][info][gc,marking  ] GC(173) Concurrent Cleanup for Next Mark 0.918ms
[4.034s][info][gc          ] GC(173) Concurrent Undo Cycle 0.951ms
[4.034s][info][gc,start    ] GC(174) Pause Young (Concurrent Start) (G1 Humongous Allocation)
[4.034s][info][gc,task     ] GC(174) Using 2 workers of 2 for evacuation
[4.035s][info][gc,phases   ] GC(174)   Pre Evacuate Collection Set: 0.19ms
[4.035s][info][gc,phases   ] GC(174)   Merge Heap Roots: 0.07ms
[4.035s][info][gc,phases   ] GC(174)   Evacuate Collection Set: 0.21ms
[4.035s][info][gc,phases   ] GC(174)   Post Evacuate Collection Set: 0.36ms
[4.035s][info][gc,phases   ] GC(174)   Other: 0.10ms
[4.035s][info][gc,heap     ] GC(174) Eden regions: 0->0(130)
[4.035s][info][gc,heap     ] GC(174) Survivor regions: 1->1(17)
[4.035s][info][gc,heap     ] GC(174) Old regions: 6->6
[4.035s][info][gc,heap     ] GC(174) Humongous regions: 109->105
[4.035s][info][gc,metaspace] GC(174) Metaspace: 360K(576K)->360K(576K) NonClass: 339K(448K)->339K(448K) Class: 21K(128K)->21K(128K)
[4.035s][info][gc          ] GC(174) Pause Young (Concurrent Start) (G1 Humongous Allocation) 113M->109M(256M) 0.999ms
[4.035s][info][gc,cpu      ] GC(174) User=0.00s Sys=0.01s Real=0.00s
[4.035s][info][gc          ] GC(175) Concurrent Undo Cycle
[4.035s][info][gc,marking  ] GC(175) Concurrent Clear Claimed Marks
[4.035s][info][gc,marking  ] GC(175) Concurrent Clear Claimed Marks 0.004ms
[4.035s][info][gc,marking  ] GC(175) Concurrent Cleanup for Next Mark
[4.037s][info][gc,marking  ] GC(175) Concurrent Cleanup for Next Mark 1.827ms
[4.037s][info][gc          ] GC(175) Concurrent Undo Cycle 1.886ms
[4.038s][info][gc,start    ] GC(176) Pause Young (Concurrent Start) (G1 Humongous Allocation)
[4.038s][info][gc,task     ] GC(176) Using 2 workers of 2 for evacuation
[4.040s][info][gc,phases   ] GC(176)   Pre Evacuate Collection Set: 0.44ms
[4.040s][info][gc,phases   ] GC(176)   Merge Heap Roots: 0.20ms
[4.040s][info][gc,phases   ] GC(176)   Evacuate Collection Set: 0.48ms
[4.040s][info][gc,phases   ] GC(176)   Post Evacuate Collection Set: 1.14ms
[4.040s][info][gc,phases   ] GC(176)   Other: 0.33ms
[4.040s][info][gc,heap     ] GC(176) Eden regions: 0->0(130)
[4.040s][info][gc,heap     ] GC(176) Survivor regions: 1->1(17)
[4.040s][info][gc,heap     ] GC(176) Old regions: 6->6
[4.040s][info][gc,heap     ] GC(176) Humongous regions: 145->105
[4.040s][info][gc,metaspace] GC(176) Metaspace: 360K(576K)->360K(576K) NonClass: 339K(448K)->339K(448K) Class: 21K(128K)->21K(128K)
[4.040s][info][gc          ] GC(176) Pause Young (Concurrent Start) (G1 Humongous Allocation) 149M->109M(256M) 2.744ms
[4.040s][info][gc          ] GC(177) Concurrent Undo Cycle
[4.040s][info][gc,marking  ] GC(177) Concurrent Clear Claimed Marks
[4.040s][info][gc,marking  ] GC(177) Concurrent Clear Claimed Marks 0.006ms
[4.040s][info][gc,marking  ] GC(177) Concurrent Cleanup for Next Mark
[4.040s][info][gc,cpu      ] GC(176) User=0.00s Sys=0.00s Real=0.00s
[4.041s][info][gc,marking  ] GC(177) Concurrent Cleanup for Next Mark 0.066ms
[4.041s][info][gc          ] GC(177) Concurrent Undo Cycle 0.097ms
[4.048s][info][gc,start    ] GC(178) Pause Young (Concurrent Start) (G1 Humongous Allocation)
[4.048s][info][gc,task     ] GC(178) Using 2 workers of 2 for evacuation
[4.050s][info][gc,phases   ] GC(178)   Pre Evacuate Collection Set: 0.43ms
[4.050s][info][gc,phases   ] GC(178)   Merge Heap Roots: 0.08ms
[4.050s][info][gc,phases   ] GC(178)   Evacuate Collection Set: 0.45ms
[4.050s][info][gc,phases   ] GC(178)   Post Evacuate Collection Set: 0.47ms
[4.050s][info][gc,phases   ] GC(178)   Other: 0.13ms
[4.050s][info][gc,heap     ] GC(178) Eden regions: 0->0(130)
[4.050s][info][gc,heap     ] GC(178) Survivor regions: 1->1(17)
[4.050s][info][gc,heap     ] GC(178) Old regions: 6->6
[4.050s][info][gc,heap     ] GC(178) Humongous regions: 109->105
[4.050s][info][gc,metaspace] GC(178) Metaspace: 360K(576K)->360K(576K) NonClass: 339K(448K)->339K(448K) Class: 21K(128K)->21K(128K)
[4.050s][info][gc          ] GC(178) Pause Young (Concurrent Start) (G1 Humongous Allocation) 113M->109M(256M) 1.733ms
[4.050s][info][gc          ] GC(179) Concurrent Undo Cycle
[4.050s][info][gc,marking  ] GC(179) Concurrent Clear Claimed Marks
[4.050s][info][gc,marking  ] GC(179) Concurrent Clear Claimed Marks 0.005ms
[4.050s][info][gc,marking  ] GC(179) Concurrent Cleanup for Next Mark
[4.050s][info][gc,cpu      ] GC(178) User=0.00s Sys=0.00s Real=0.00s
[4.050s][info][gc,marking  ] GC(179) Concurrent Cleanup for Next Mark 0.060ms
[4.050s][info][gc          ] GC(179) Concurrent Undo Cycle 0.091ms
[4.052s][info][gc,start    ] GC(180) Pause Young (Concurrent Start) (G1 Humongous Allocation)
[4.052s][info][gc,task     ] GC(180) Using 2 workers of 2 for evacuation
[4.053s][info][gc,phases   ] GC(180)   Pre Evacuate Collection Set: 0.18ms
[4.053s][info][gc,phases   ] GC(180)   Merge Heap Roots: 0.06ms
[4.053s][info][gc,phases   ] GC(180)   Evacuate Collection Set: 0.15ms
[4.053s][info][gc,phases   ] GC(180)   Post Evacuate Collection Set: 0.24ms
[4.053s][info][gc,phases   ] GC(180)   Other: 0.09ms
[4.053s][info][gc,heap     ] GC(180) Eden regions: 0->0(130)
[4.053s][info][gc,heap     ] GC(180) Survivor regions: 1->1(17)
[4.053s][info][gc,heap     ] GC(180) Old regions: 6->6
[4.053s][info][gc,heap     ] GC(180) Humongous regions: 109->105
[4.053s][info][gc,metaspace] GC(180) Metaspace: 360K(576K)->360K(576K) NonClass: 339K(448K)->339K(448K) Class: 21K(128K)->21K(128K)
[4.053s][info][gc          ] GC(180) Pause Young (Concurrent Start) (G1 Humongous Allocation) 113M->109M(256M) 0.797ms
[4.053s][info][gc,cpu      ] GC(180) User=0.00s Sys=0.00s Real=0.00s
[4.053s][info][gc          ] GC(181) Concurrent Undo Cycle
[4.053s][info][gc,marking  ] GC(181) Concurrent Clear Claimed Marks
[4.053s][info][gc,marking  ] GC(181) Concurrent Clear Claimed Marks 0.017ms
[4.053s][info][gc,marking  ] GC(181) Concurrent Cleanup for Next Mark
[4.053s][info][gc,marking  ] GC(181) Concurrent Cleanup for Next Mark 0.368ms
[4.053s][info][gc          ] GC(181) Concurrent Undo Cycle 0.408ms
[4.154s][info][gc,start    ] GC(182) Pause Young (Concurrent Start) (G1 Humongous Allocation)
[4.154s][info][gc,task     ] GC(182) Using 2 workers of 2 for evacuation
[4.156s][info][gc,phases   ] GC(182)   Pre Evacuate Collection Set: 0.45ms
[4.156s][info][gc,phases   ] GC(182)   Merge Heap Roots: 0.10ms
[4.156s][info][gc,phases   ] GC(182)   Evacuate Collection Set: 0.61ms
[4.156s][info][gc,phases   ] GC(182)   Post Evacuate Collection Set: 0.61ms
[4.156s][info][gc,phases   ] GC(182)   Other: 0.17ms
[4.156s][info][gc,heap     ] GC(182) Eden regions: 0->0(130)
[4.156s][info][gc,heap     ] GC(182) Survivor regions: 1->1(17)
[4.156s][info][gc,heap     ] GC(182) Old regions: 6->6
[4.156s][info][gc,heap     ] GC(182) Humongous regions: 141->105
[4.156s][info][gc,metaspace] GC(182) Metaspace: 360K(576K)->360K(576K) NonClass: 339K(448K)->339K(448K) Class: 21K(128K)->21K(128K)
[4.156s][info][gc          ] GC(182) Pause Young (Concurrent Start) (G1 Humongous Allocation) 145M->109M(256M) 2.177ms
[4.156s][info][gc,cpu      ] GC(182) User=0.00s Sys=0.00s Real=0.00s
[4.156s][info][gc          ] GC(183) Concurrent Undo Cycle
[4.156s][info][gc,marking  ] GC(183) Concurrent Clear Claimed Marks
[4.156s][info][gc,marking  ] GC(183) Concurrent Clear Claimed Marks 0.009ms
[4.156s][info][gc,marking  ] GC(183) Concurrent Cleanup for Next Mark
[4.158s][info][gc,marking  ] GC(183) Concurrent Cleanup for Next Mark 1.823ms
[4.158s][info][gc          ] GC(183) Concurrent Undo Cycle 1.927ms
[4.159s][info][gc,start    ] GC(184) Pause Young (Concurrent Start) (G1 Humongous Allocation)
[4.159s][info][gc,task     ] GC(184) Using 2 workers of 2 for evacuation
[4.161s][info][gc,phases   ] GC(184)   Pre Evacuate Collection Set: 0.49ms
[4.161s][info][gc,phases   ] GC(184)   Merge Heap Roots: 0.11ms
[4.161s][info][gc,phases   ] GC(184)   Evacuate Collection Set: 0.48ms
[4.161s][info][gc,phases   ] GC(184)   Post Evacuate Collection Set: 0.82ms
[4.161s][info][gc,phases   ] GC(184)   Other: 0.21ms
[4.161s][info][gc,heap     ] GC(184) Eden regions: 1->0(127)
[4.161s][info][gc,heap     ] GC(184) Survivor regions: 1->1(17)
[4.161s][info][gc,heap     ] GC(184) Old regions: 6->6
[4.161s][info][gc,heap     ] GC(184) Humongous regions: 146->108
[4.161s][info][gc,metaspace] GC(184) Metaspace: 360K(576K)->360K(576K) NonClass: 339K(448K)->339K(448K) Class: 21K(128K)->21K(128K)
[4.161s][info][gc          ] GC(184) Pause Young (Concurrent Start) (G1 Humongous Allocation) 150M->112M(256M) 2.275ms
[4.161s][info][gc,cpu      ] GC(184) User=0.00s Sys=0.00s Real=0.00s
[4.161s][info][gc          ] GC(185) Concurrent Undo Cycle
[4.161s][info][gc,marking  ] GC(185) Concurrent Clear Claimed Marks
[4.161s][info][gc,marking  ] GC(185) Concurrent Clear Claimed Marks 0.008ms
[4.161s][info][gc,marking  ] GC(185) Concurrent Cleanup for Next Mark
[4.162s][info][gc,marking  ] GC(185) Concurrent Cleanup for Next Mark 1.109ms
[4.162s][info][gc          ] GC(185) Concurrent Undo Cycle 1.174ms
[4.162s][info][gc,start    ] GC(186) Pause Young (Concurrent Start) (G1 Humongous Allocation)
[4.162s][info][gc,task     ] GC(186) Using 2 workers of 2 for evacuation
[4.164s][info][gc,phases   ] GC(186)   Pre Evacuate Collection Set: 0.31ms
[4.164s][info][gc,phases   ] GC(186)   Merge Heap Roots: 0.09ms
[4.164s][info][gc,phases   ] GC(186)   Evacuate Collection Set: 0.40ms
[4.164s][info][gc,phases   ] GC(186)   Post Evacuate Collection Set: 0.88ms
[4.164s][info][gc,phases   ] GC(186)   Other: 0.15ms
[4.164s][info][gc,heap     ] GC(186) Eden regions: 0->0(127)
[4.164s][info][gc,heap     ] GC(186) Survivor regions: 1->1(16)
[4.164s][info][gc,heap     ] GC(186) Old regions: 6->6
[4.164s][info][gc,heap     ] GC(186) Humongous regions: 148->108
[4.164s][info][gc,metaspace] GC(186) Metaspace: 360K(576K)->360K(576K) NonClass: 339K(448K)->339K(448K) Class: 21K(128K)->21K(128K)
[4.164s][info][gc          ] GC(186) Pause Young (Concurrent Start) (G1 Humongous Allocation) 152M->112M(256M) 1.955ms
[4.164s][info][gc,cpu      ] GC(186) User=0.00s Sys=0.00s Real=0.00s
[4.164s][info][gc          ] GC(187) Concurrent Undo Cycle
[4.164s][info][gc,marking  ] GC(187) Concurrent Clear Claimed Marks
[4.164s][info][gc,marking  ] GC(187) Concurrent Clear Claimed Marks 0.005ms
[4.164s][info][gc,marking  ] GC(187) Concurrent Cleanup for Next Mark
[4.165s][info][gc,marking  ] GC(187) Concurrent Cleanup for Next Mark 0.364ms
[4.165s][info][gc          ] GC(187) Concurrent Undo Cycle 0.400ms
[4.265s][info][gc,start    ] GC(188) Pause Young (Concurrent Start) (G1 Humongous Allocation)
[4.265s][info][gc,task     ] GC(188) Using 2 workers of 2 for evacuation
[4.268s][info][gc,phases   ] GC(188)   Pre Evacuate Collection Set: 0.60ms
[4.268s][info][gc,phases   ] GC(188)   Merge Heap Roots: 0.17ms
[4.268s][info][gc,phases   ] GC(188)   Evacuate Collection Set: 0.62ms
[4.268s][info][gc,phases   ] GC(188)   Post Evacuate Collection Set: 0.94ms
[4.268s][info][gc,phases   ] GC(188)   Other: 0.26ms
[4.268s][info][gc,heap     ] GC(188) Eden regions: 0->0(127)
[4.268s][info][gc,heap     ] GC(188) Survivor regions: 1->1(16)
[4.268s][info][gc,heap     ] GC(188) Old regions: 6->6
[4.268s][info][gc,heap     ] GC(188) Humongous regions: 130->108
[4.268s][info][gc,metaspace] GC(188) Metaspace: 360K(576K)->360K(576K) NonClass: 339K(448K)->339K(448K) Class: 21K(128K)->21K(128K)
[4.268s][info][gc          ] GC(188) Pause Young (Concurrent Start) (G1 Humongous Allocation) 134M->112M(256M) 2.849ms
[4.268s][info][gc,cpu      ] GC(188) User=0.00s Sys=0.01s Real=0.01s
[4.268s][info][gc          ] GC(189) Concurrent Undo Cycle
[4.268s][info][gc,marking  ] GC(189) Concurrent Clear Claimed Marks
[4.268s][info][gc,marking  ] GC(189) Concurrent Clear Claimed Marks 0.011ms
[4.268s][info][gc,marking  ] GC(189) Concurrent Cleanup for Next Mark
[4.270s][info][gc,marking  ] GC(189) Concurrent Cleanup for Next Mark 1.874ms
[4.270s][info][gc          ] GC(189) Concurrent Undo Cycle 2.030ms
[4.271s][info][gc,start    ] GC(190) Pause Young (Concurrent Start) (G1 Humongous Allocation)
[4.271s][info][gc,task     ] GC(190) Using 2 workers of 2 for evacuation
[4.273s][info][gc,phases   ] GC(190)   Pre Evacuate Collection Set: 0.58ms
[4.274s][info][gc,phases   ] GC(190)   Merge Heap Roots: 0.29ms
[4.274s][info][gc,phases   ] GC(190)   Evacuate Collection Set: 0.64ms
[4.274s][info][gc,phases   ] GC(190)   Post Evacuate Collection Set: 1.00ms
[4.274s][info][gc,phases   ] GC(190)   Other: 0.37ms
[4.274s][info][gc,heap     ] GC(190) Eden regions: 1->0(124)
[4.274s][info][gc,heap     ] GC(190) Survivor regions: 1->1(16)
[4.274s][info][gc,heap     ] GC(190) Old regions: 6->6
[4.274s][info][gc,heap     ] GC(190) Humongous regions: 133->111
[4.274s][info][gc,metaspace] GC(190) Metaspace: 360K(576K)->360K(576K) NonClass: 339K(448K)->339K(448K) Class: 21K(128K)->21K(128K)
[4.274s][info][gc          ] GC(190) Pause Young (Concurrent Start) (G1 Humongous Allocation) 137M->115M(256M) 3.069ms
[4.274s][info][gc,cpu      ] GC(190) User=0.00s Sys=0.00s Real=0.00s
[4.274s][info][gc          ] GC(191) Concurrent Mark Cycle
[4.274s][info][gc,marking  ] GC(191) Concurrent Scan Root Regions
[4.275s][info][gc,marking  ] GC(191) Concurrent Scan Root Regions 1.210ms
[4.275s][info][gc,marking  ] GC(191) Concurrent Mark
[4.275s][info][gc,marking  ] GC(191) Concurrent Mark From Roots
[4.275s][info][gc,task     ] GC(191) Using 1 workers of 1 for marking
[4.284s][info][gc,marking  ] GC(191) Concurrent Mark From Roots 9.183ms
[4.284s][info][gc,marking  ] GC(191) Concurrent Preclean
[4.285s][info][gc,marking  ] GC(191) Concurrent Preclean 0.033ms
[4.285s][info][gc,start    ] GC(191) Pause Remark
[4.287s][info][gc          ] GC(191) Pause Remark 187M->187M(256M) 1.696ms
[4.287s][info][gc,cpu      ] GC(191) User=0.00s Sys=0.00s Real=0.01s
[4.287s][info][gc,marking  ] GC(191) Concurrent Mark 11.341ms
[4.287s][info][gc,marking  ] GC(191) Concurrent Rebuild Remembered Sets and Scrub Regions
[4.288s][info][gc,marking  ] GC(191) Concurrent Rebuild Remembered Sets and Scrub Regions 1.471ms
[4.288s][info][gc,start    ] GC(191) Pause Cleanup
[4.288s][info][gc          ] GC(191) Pause Cleanup 193M->193M(256M) 0.156ms
[4.288s][info][gc,cpu      ] GC(191) User=0.00s Sys=0.00s Real=0.00s
[4.288s][info][gc,marking  ] GC(191) Concurrent Clear Claimed Marks
[4.288s][info][gc,marking  ] GC(191) Concurrent Clear Claimed Marks 0.010ms
[4.288s][info][gc,marking  ] GC(191) Concurrent Cleanup for Next Mark
[4.290s][info][gc,marking  ] GC(191) Concurrent Cleanup for Next Mark 1.331ms
[4.290s][info][gc          ] GC(191) Concurrent Mark Cycle 15.777ms
[4.402s][info][gc,start    ] GC(192) Pause Young (Prepare Mixed) (G1 Humongous Allocation)
[4.402s][info][gc,task     ] GC(192) Using 2 workers of 2 for evacuation
[4.403s][info][gc,phases   ] GC(192)   Pre Evacuate Collection Set: 0.30ms
[4.403s][info][gc,phases   ] GC(192)   Merge Heap Roots: 0.12ms
[4.403s][info][gc,phases   ] GC(192)   Evacuate Collection Set: 0.25ms
[4.403s][info][gc,phases   ] GC(192)   Post Evacuate Collection Set: 0.43ms
[4.403s][info][gc,phases   ] GC(192)   Other: 0.05ms
[4.403s][info][gc,heap     ] GC(192) Eden regions: 1->0(122)
[4.403s][info][gc,heap     ] GC(192) Survivor regions: 1->0(0)
[4.403s][info][gc,heap     ] GC(192) Old regions: 6->6
[4.403s][info][gc,heap     ] GC(192) Humongous regions: 248->114
[4.403s][info][gc,metaspace] GC(192) Metaspace: 360K(576K)->360K(576K) NonClass: 339K(448K)->339K(448K) Class: 21K(128K)->21K(128K)
[4.404s][info][gc          ] GC(192) Pause Young (Prepare Mixed) (G1 Humongous Allocation) 252M->118M(256M) 1.265ms
[4.404s][info][gc,cpu      ] GC(192) User=0.00s Sys=0.00s Real=0.00s
[4.511s][info][gc,start    ] GC(193) Pause Young (Mixed) (G1 Humongous Allocation)
[4.511s][info][gc,task     ] GC(193) Using 2 workers of 2 for evacuation
[4.517s][info][gc,phases   ] GC(193)   Pre Evacuate Collection Set: 0.57ms
[4.517s][info][gc,phases   ] GC(193)   Merge Heap Roots: 0.15ms
[4.517s][info][gc,phases   ] GC(193)   Evacuate Collection Set: 4.16ms
[4.517s][info][gc,phases   ] GC(193)   Post Evacuate Collection Set: 0.91ms
[4.517s][info][gc,phases   ] GC(193)   Other: 0.08ms
[4.517s][info][gc,heap     ] GC(193) Eden regions: 1->0(120)
[4.517s][info][gc,heap     ] GC(193) Survivor regions: 0->0(0)
[4.517s][info][gc,heap     ] GC(193) Old regions: 6->5
[4.517s][info][gc,heap     ] GC(193) Humongous regions: 249->117
[4.517s][info][gc,metaspace] GC(193) Metaspace: 363K(576K)->363K(576K) NonClass: 341K(448K)->341K(448K) Class: 21K(128K)->21K(128K)
[4.517s][info][gc          ] GC(193) Pause Young (Mixed) (G1 Humongous Allocation) 253M->121M(256M) 6.088ms
[4.517s][info][gc,cpu      ] GC(193) User=0.00s Sys=0.00s Real=0.01s
[4.519s][info][gc,start    ] GC(194) Pause Young (Concurrent Start) (G1 Humongous Allocation)
[4.519s][info][gc,task     ] GC(194) Using 2 workers of 2 for evacuation
[4.520s][info][gc,phases   ] GC(194)   Pre Evacuate Collection Set: 0.25ms
[4.520s][info][gc,phases   ] GC(194)   Merge Heap Roots: 0.06ms
[4.520s][info][gc,phases   ] GC(194)   Evacuate Collection Set: 0.43ms
[4.520s][info][gc,phases   ] GC(194)   Post Evacuate Collection Set: 0.28ms
[4.520s][info][gc,phases   ] GC(194)   Other: 0.11ms
[4.520s][info][gc,heap     ] GC(194) Eden regions: 0->0(120)
[4.520s][info][gc,heap     ] GC(194) Survivor regions: 0->0(15)
[4.520s][info][gc,heap     ] GC(194) Old regions: 5->5
[4.520s][info][gc,heap     ] GC(194) Humongous regions: 118->117
[4.520s][info][gc,metaspace] GC(194) Metaspace: 363K(576K)->363K(576K) NonClass: 341K(448K)->341K(448K) Class: 21K(128K)->21K(128K)
[4.520s][info][gc          ] GC(194) Pause Young (Concurrent Start) (G1 Humongous Allocation) 122M->121M(256M) 1.238ms
[4.520s][info][gc,cpu      ] GC(194) User=0.00s Sys=0.01s Real=0.00s
[4.520s][info][gc          ] GC(195) Concurrent Mark Cycle
[4.520s][info][gc,marking  ] GC(195) Concurrent Scan Root Regions
[4.520s][info][gc,marking  ] GC(195) Concurrent Scan Root Regions 0.005ms
[4.520s][info][gc,marking  ] GC(195) Concurrent Mark
[4.520s][info][gc,marking  ] GC(195) Concurrent Mark From Roots
[4.520s][info][gc,task     ] GC(195) Using 1 workers of 1 for marking
[4.524s][info][gc,marking  ] GC(195) Concurrent Mark From Roots 3.801ms
[4.524s][info][gc,marking  ] GC(195) Concurrent Preclean
[4.524s][info][gc,marking  ] GC(195) Concurrent Preclean 0.027ms
[4.524s][info][gc,start    ] GC(195) Pause Remark
[4.526s][info][gc          ] GC(195) Pause Remark 132M->132M(256M) 1.410ms
[4.526s][info][gc,cpu      ] GC(195) User=0.00s Sys=0.00s Real=0.00s
[4.526s][info][gc,marking  ] GC(195) Concurrent Mark 5.573ms
[4.526s][info][gc,marking  ] GC(195) Concurrent Rebuild Remembered Sets and Scrub Regions
[4.527s][info][gc,marking  ] GC(195) Concurrent Rebuild Remembered Sets and Scrub Regions 1.587ms
[4.527s][info][gc,start    ] GC(195) Pause Cleanup
[4.528s][info][gc          ] GC(195) Pause Cleanup 132M->132M(256M) 0.098ms
[4.528s][info][gc,cpu      ] GC(195) User=0.00s Sys=0.00s Real=0.00s
[4.528s][info][gc,marking  ] GC(195) Concurrent Clear Claimed Marks
[4.528s][info][gc,marking  ] GC(195) Concurrent Clear Claimed Marks 0.008ms
[4.528s][info][gc,marking  ] GC(195) Concurrent Cleanup for Next Mark
[4.528s][info][gc,marking  ] GC(195) Concurrent Cleanup for Next Mark 0.154ms
[4.528s][info][gc          ] GC(195) Concurrent Mark Cycle 7.633ms
[4.622s][info][gc,start    ] GC(196) Pause Young (Concurrent Start) (G1 Humongous Allocation)
[4.622s][info][gc,task     ] GC(196) Using 2 workers of 2 for evacuation
[4.624s][info][gc,phases   ] GC(196)   Pre Evacuate Collection Set: 0.84ms
[4.624s][info][gc,phases   ] GC(196)   Merge Heap Roots: 0.16ms
[4.624s][info][gc,phases   ] GC(196)   Evacuate Collection Set: 0.57ms
[4.624s][info][gc,phases   ] GC(196)   Post Evacuate Collection Set: 0.45ms
[4.624s][info][gc,phases   ] GC(196)   Other: 0.37ms
[4.624s][info][gc,heap     ] GC(196) Eden regions: 0->0(120)
[4.624s][info][gc,heap     ] GC(196) Survivor regions: 0->0(15)
[4.625s][info][gc,heap     ] GC(196) Old regions: 5->5
[4.625s][info][gc,heap     ] GC(196) Humongous regions: 128->117
[4.625s][info][gc,metaspace] GC(196) Metaspace: 363K(576K)->363K(576K) NonClass: 341K(448K)->341K(448K) Class: 21K(128K)->21K(128K)
[4.625s][info][gc          ] GC(196) Pause Young (Concurrent Start) (G1 Humongous Allocation) 132M->121M(256M) 2.799ms
[4.625s][info][gc,cpu      ] GC(196) User=0.01s Sys=0.00s Real=0.00s
[4.625s][info][gc          ] GC(197) Concurrent Mark Cycle
[4.625s][info][gc,marking  ] GC(197) Concurrent Scan Root Regions
[4.625s][info][gc,marking  ] GC(197) Concurrent Scan Root Regions 0.006ms
[4.625s][info][gc,marking  ] GC(197) Concurrent Mark
[4.625s][info][gc,marking  ] GC(197) Concurrent Mark From Roots
[4.625s][info][gc,task     ] GC(197) Using 1 workers of 1 for marking
[4.634s][info][gc,marking  ] GC(197) Concurrent Mark From Roots 9.562ms
[4.634s][info][gc,marking  ] GC(197) Concurrent Preclean
[4.634s][info][gc,marking  ] GC(197) Concurrent Preclean 0.050ms
[4.635s][info][gc,start    ] GC(197) Pause Remark
[4.641s][info][gc          ] GC(197) Pause Remark 224M->224M(256M) 6.013ms
[4.641s][info][gc,cpu      ] GC(197) User=0.00s Sys=0.00s Real=0.01s
[4.642s][info][gc,marking  ] GC(197) Concurrent Mark 17.807ms
[4.643s][info][gc,marking  ] GC(197) Concurrent Rebuild Remembered Sets and Scrub Regions
[4.644s][info][gc,marking  ] GC(197) Concurrent Rebuild Remembered Sets and Scrub Regions 1.938ms
[4.645s][info][gc,start    ] GC(197) Pause Cleanup
[4.645s][info][gc          ] GC(197) Pause Cleanup 224M->224M(256M) 0.226ms
[4.645s][info][gc,cpu      ] GC(197) User=0.00s Sys=0.00s Real=0.00s
[4.645s][info][gc,marking  ] GC(197) Concurrent Clear Claimed Marks
[4.645s][info][gc,marking  ] GC(197) Concurrent Clear Claimed Marks 0.012ms
[4.645s][info][gc,marking  ] GC(197) Concurrent Cleanup for Next Mark
[4.645s][info][gc,marking  ] GC(197) Concurrent Cleanup for Next Mark 0.459ms
[4.645s][info][gc          ] GC(197) Concurrent Mark Cycle 20.807ms
[4.729s][info][gc,start    ] GC(198) Pause Young (Concurrent Start) (G1 Humongous Allocation)
[4.729s][info][gc,task     ] GC(198) Using 2 workers of 2 for evacuation
[4.736s][info][gc,phases   ] GC(198)   Pre Evacuate Collection Set: 1.38ms
[4.736s][info][gc,phases   ] GC(198)   Merge Heap Roots: 2.40ms
[4.736s][info][gc,phases   ] GC(198)   Evacuate Collection Set: 1.35ms
[4.736s][info][gc,phases   ] GC(198)   Post Evacuate Collection Set: 1.11ms
[4.736s][info][gc,phases   ] GC(198)   Other: 0.80ms
[4.736s][info][gc,heap     ] GC(198) Eden regions: 1->0(116)
[4.736s][info][gc,heap     ] GC(198) Survivor regions: 0->1(15)
[4.736s][info][gc,heap     ] GC(198) Old regions: 5->5
[4.736s][info][gc,heap     ] GC(198) Humongous regions: 220->120
[4.736s][info][gc,metaspace] GC(198) Metaspace: 363K(576K)->363K(576K) NonClass: 341K(448K)->341K(448K) Class: 21K(128K)->21K(128K)
[4.736s][info][gc          ] GC(198) Pause Young (Concurrent Start) (G1 Humongous Allocation) 224M->124M(256M) 7.770ms
[4.736s][info][gc,cpu      ] GC(198) User=0.01s Sys=0.00s Real=0.01s
[4.737s][info][gc          ] GC(199) Concurrent Mark Cycle
[4.737s][info][gc,marking  ] GC(199) Concurrent Scan Root Regions
[4.737s][info][gc,marking  ] GC(199) Concurrent Scan Root Regions 0.179ms
[4.737s][info][gc,marking  ] GC(199) Concurrent Mark
[4.737s][info][gc,marking  ] GC(199) Concurrent Mark From Roots
[4.737s][info][gc,task     ] GC(199) Using 1 workers of 1 for marking
[4.759s][info][gc,marking  ] GC(199) Concurrent Mark From Roots 22.358ms
[4.759s][info][gc,marking  ] GC(199) Concurrent Preclean
[4.759s][info][gc,marking  ] GC(199) Concurrent Preclean 0.042ms
[4.759s][info][gc,start    ] GC(199) Pause Remark
[4.760s][info][gc          ] GC(199) Pause Remark 227M->227M(256M) 1.054ms
[4.760s][info][gc,cpu      ] GC(199) User=0.01s Sys=0.00s Real=0.00s
[4.761s][info][gc,marking  ] GC(199) Concurrent Mark 23.713ms
[4.761s][info][gc,marking  ] GC(199) Concurrent Rebuild Remembered Sets and Scrub Regions
[4.762s][info][gc,marking  ] GC(199) Concurrent Rebuild Remembered Sets and Scrub Regions 0.985ms
[4.762s][info][gc,start    ] GC(199) Pause Cleanup
[4.762s][info][gc          ] GC(199) Pause Cleanup 227M->227M(256M) 0.106ms
[4.762s][info][gc,cpu      ] GC(199) User=0.00s Sys=0.00s Real=0.00s
[4.762s][info][gc,marking  ] GC(199) Concurrent Clear Claimed Marks
[4.762s][info][gc,marking  ] GC(199) Concurrent Clear Claimed Marks 0.007ms
[4.762s][info][gc,marking  ] GC(199) Concurrent Cleanup for Next Mark
[4.762s][info][gc,marking  ] GC(199) Concurrent Cleanup for Next Mark 0.280ms
[4.762s][info][gc          ] GC(199) Concurrent Mark Cycle 25.444ms
[4.857s][info][gc,start    ] GC(200) Pause Young (Concurrent Start) (G1 Humongous Allocation)
[4.858s][info][gc,task     ] GC(200) Using 2 workers of 2 for evacuation
[4.861s][info][gc,phases   ] GC(200)   Pre Evacuate Collection Set: 1.21ms
[4.861s][info][gc,phases   ] GC(200)   Merge Heap Roots: 0.16ms
[4.861s][info][gc,phases   ] GC(200)   Evacuate Collection Set: 0.45ms
[4.861s][info][gc,phases   ] GC(200)   Post Evacuate Collection Set: 0.50ms
[4.861s][info][gc,phases   ] GC(200)   Other: 0.26ms
[4.861s][info][gc,heap     ] GC(200) Eden regions: 1->0(113)
[4.861s][info][gc,heap     ] GC(200) Survivor regions: 1->1(15)
[4.861s][info][gc,heap     ] GC(200) Old regions: 5->5
[4.861s][info][gc,heap     ] GC(200) Humongous regions: 223->123
[4.861s][info][gc,metaspace] GC(200) Metaspace: 364K(576K)->364K(576K) NonClass: 343K(448K)->343K(448K) Class: 21K(128K)->21K(128K)
[4.861s][info][gc          ] GC(200) Pause Young (Concurrent Start) (G1 Humongous Allocation) 227M->127M(256M) 4.143ms
[4.861s][info][gc,cpu      ] GC(200) User=0.00s Sys=0.00s Real=0.00s
[4.861s][info][gc          ] GC(201) Concurrent Mark Cycle
[4.861s][info][gc,marking  ] GC(201) Concurrent Scan Root Regions
[4.862s][info][gc,marking  ] GC(201) Concurrent Scan Root Regions 0.939ms
[4.862s][info][gc,marking  ] GC(201) Concurrent Mark
[4.862s][info][gc,marking  ] GC(201) Concurrent Mark From Roots
[4.862s][info][gc,task     ] GC(201) Using 1 workers of 1 for marking
[4.865s][info][gc,marking  ] GC(201) Concurrent Mark From Roots 2.542ms
[4.865s][info][gc,marking  ] GC(201) Concurrent Preclean
[4.865s][info][gc,marking  ] GC(201) Concurrent Preclean 0.012ms
[4.865s][info][gc,start    ] GC(201) Pause Remark
[4.865s][info][gc          ] GC(201) Pause Remark 230M->230M(256M) 0.706ms
[4.865s][info][gc,cpu      ] GC(201) User=0.00s Sys=0.00s Real=0.00s
[4.865s][info][gc,marking  ] GC(201) Concurrent Mark 3.436ms
[4.865s][info][gc,marking  ] GC(201) Concurrent Rebuild Remembered Sets and Scrub Regions
[4.866s][info][gc,marking  ] GC(201) Concurrent Rebuild Remembered Sets and Scrub Regions 0.819ms
[4.866s][info][gc,start    ] GC(201) Pause Cleanup
[4.866s][info][gc          ] GC(201) Pause Cleanup 230M->230M(256M) 0.158ms
[4.866s][info][gc,cpu      ] GC(201) User=0.00s Sys=0.00s Real=0.00s
[4.867s][info][gc,marking  ] GC(201) Concurrent Clear Claimed Marks
[4.867s][info][gc,marking  ] GC(201) Concurrent Clear Claimed Marks 0.008ms
[4.867s][info][gc,marking  ] GC(201) Concurrent Cleanup for Next Mark
[4.867s][info][gc,marking  ] GC(201) Concurrent Cleanup for Next Mark 0.196ms
[4.867s][info][gc          ] GC(201) Concurrent Mark Cycle 5.789ms
[4.964s][info][gc,start    ] GC(202) Pause Young (Concurrent Start) (G1 Humongous Allocation)
[4.965s][info][gc,task     ] GC(202) Using 2 workers of 2 for evacuation
[4.968s][info][gc,phases   ] GC(202)   Pre Evacuate Collection Set: 0.38ms
[4.968s][info][gc,phases   ] GC(202)   Merge Heap Roots: 0.17ms
[4.968s][info][gc,phases   ] GC(202)   Evacuate Collection Set: 0.96ms
[4.968s][info][gc,phases   ] GC(202)   Post Evacuate Collection Set: 1.77ms
[4.968s][info][gc,phases   ] GC(202)   Other: 0.33ms
[4.969s][info][gc,heap     ] GC(202) Eden regions: 1->0(110)
[4.969s][info][gc,heap     ] GC(202) Survivor regions: 1->1(15)
[4.969s][info][gc,heap     ] GC(202) Old regions: 5->5
[4.969s][info][gc,heap     ] GC(202) Humongous regions: 226->126
[4.969s][info][gc,metaspace] GC(202) Metaspace: 364K(576K)->364K(576K) NonClass: 343K(448K)->343K(448K) Class: 21K(128K)->21K(128K)
[4.969s][info][gc          ] GC(202) Pause Young (Concurrent Start) (G1 Humongous Allocation) 230M->130M(256M) 4.131ms
[4.969s][info][gc,cpu      ] GC(202) User=0.00s Sys=0.01s Real=0.01s
[4.969s][info][gc          ] GC(203) Concurrent Mark Cycle
[4.969s][info][gc,marking  ] GC(203) Concurrent Scan Root Regions
[4.969s][info][gc,marking  ] GC(203) Concurrent Scan Root Regions 0.137ms
[4.969s][info][gc,marking  ] GC(203) Concurrent Mark
[4.969s][info][gc,marking  ] GC(203) Concurrent Mark From Roots
[4.969s][info][gc,task     ] GC(203) Using 1 workers of 1 for marking
[4.979s][info][gc,marking  ] GC(203) Concurrent Mark From Roots 9.552ms
[4.979s][info][gc,marking  ] GC(203) Concurrent Preclean
[4.979s][info][gc,marking  ] GC(203) Concurrent Preclean 0.069ms
[4.979s][info][gc,start    ] GC(203) Pause Remark
[4.980s][info][gc          ] GC(203) Pause Remark 233M->233M(256M) 1.309ms
[4.980s][info][gc,cpu      ] GC(203) User=0.00s Sys=0.00s Real=0.00s
[4.980s][info][gc,marking  ] GC(203) Concurrent Mark 11.446ms
[4.980s][info][gc,marking  ] GC(203) Concurrent Rebuild Remembered Sets and Scrub Regions
[4.985s][info][gc,marking  ] GC(203) Concurrent Rebuild Remembered Sets and Scrub Regions 4.788ms
[4.985s][info][gc,start    ] GC(203) Pause Cleanup
[4.986s][info][gc          ] GC(203) Pause Cleanup 233M->233M(256M) 0.366ms
[4.986s][info][gc,cpu      ] GC(203) User=0.00s Sys=0.00s Real=0.00s
[4.986s][info][gc,marking  ] GC(203) Concurrent Clear Claimed Marks
[4.986s][info][gc,marking  ] GC(203) Concurrent Clear Claimed Marks 0.030ms
[4.986s][info][gc,marking  ] GC(203) Concurrent Cleanup for Next Mark
[4.986s][info][gc,marking  ] GC(203) Concurrent Cleanup for Next Mark 0.398ms
[4.986s][info][gc          ] GC(203) Concurrent Mark Cycle 17.725ms
[5.079s][info][gc,start    ] GC(204) Pause Young (Concurrent Start) (G1 Humongous Allocation)
[5.080s][info][gc,task     ] GC(204) Using 2 workers of 2 for evacuation
[5.086s][info][gc,phases   ] GC(204)   Pre Evacuate Collection Set: 1.09ms
[5.086s][info][gc,phases   ] GC(204)   Merge Heap Roots: 0.47ms
[5.086s][info][gc,phases   ] GC(204)   Evacuate Collection Set: 2.53ms
[5.086s][info][gc,phases   ] GC(204)   Post Evacuate Collection Set: 1.82ms
[5.086s][info][gc,phases   ] GC(204)   Other: 0.71ms
[5.086s][info][gc,heap     ] GC(204) Eden regions: 1->0(107)
[5.086s][info][gc,heap     ] GC(204) Survivor regions: 1->1(14)
[5.086s][info][gc,heap     ] GC(204) Old regions: 5->5
[5.086s][info][gc,heap     ] GC(204) Humongous regions: 229->129
[5.086s][info][gc,metaspace] GC(204) Metaspace: 364K(576K)->364K(576K) NonClass: 343K(448K)->343K(448K) Class: 21K(128K)->21K(128K)
[5.086s][info][gc          ] GC(204) Pause Young (Concurrent Start) (G1 Humongous Allocation) 233M->133M(256M) 7.169ms
[5.087s][info][gc,cpu      ] GC(204) User=0.01s Sys=0.00s Real=0.01s
[5.087s][info][gc          ] GC(205) Concurrent Mark Cycle
[5.087s][info][gc,marking  ] GC(205) Concurrent Scan Root Regions
[5.087s][info][gc,marking  ] GC(205) Concurrent Scan Root Regions 0.253ms
[5.087s][info][gc,marking  ] GC(205) Concurrent Mark
[5.087s][info][gc,marking  ] GC(205) Concurrent Mark From Roots
[5.087s][info][gc,task     ] GC(205) Using 1 workers of 1 for marking
[5.101s][info][gc,marking  ] GC(205) Concurrent Mark From Roots 13.955ms
[5.101s][info][gc,marking  ] GC(205) Concurrent Preclean
[5.101s][info][gc,marking  ] GC(205) Concurrent Preclean 0.041ms
[5.101s][info][gc,start    ] GC(205) Pause Remark
[5.102s][info][gc          ] GC(205) Pause Remark 236M->236M(256M) 0.987ms
[5.102s][info][gc,cpu      ] GC(205) User=0.00s Sys=0.00s Real=0.00s
[5.102s][info][gc,marking  ] GC(205) Concurrent Mark 15.256ms
[5.102s][info][gc,marking  ] GC(205) Concurrent Rebuild Remembered Sets and Scrub Regions
[5.103s][info][gc,marking  ] GC(205) Concurrent Rebuild Remembered Sets and Scrub Regions 0.940ms
[5.103s][info][gc,start    ] GC(205) Pause Cleanup
[5.103s][info][gc          ] GC(205) Pause Cleanup 236M->236M(256M) 0.103ms
[5.103s][info][gc,cpu      ] GC(205) User=0.00s Sys=0.00s Real=0.00s
[5.103s][info][gc,marking  ] GC(205) Concurrent Clear Claimed Marks
[5.103s][info][gc,marking  ] GC(205) Concurrent Clear Claimed Marks 0.009ms
[5.103s][info][gc,marking  ] GC(205) Concurrent Cleanup for Next Mark
[5.104s][info][gc,marking  ] GC(205) Concurrent Cleanup for Next Mark 0.262ms
[5.104s][info][gc          ] GC(205) Concurrent Mark Cycle 17.008ms
[5.197s][info][gc,start    ] GC(206) Pause Young (Concurrent Start) (G1 Humongous Allocation)
[5.197s][info][gc,task     ] GC(206) Using 2 workers of 2 for evacuation
[5.199s][info][gc,phases   ] GC(206)   Pre Evacuate Collection Set: 0.48ms
[5.199s][info][gc,phases   ] GC(206)   Merge Heap Roots: 0.12ms
[5.199s][info][gc,phases   ] GC(206)   Evacuate Collection Set: 0.51ms
[5.199s][info][gc,phases   ] GC(206)   Post Evacuate Collection Set: 0.49ms
[5.199s][info][gc,phases   ] GC(206)   Other: 0.16ms
[5.199s][info][gc,heap     ] GC(206) Eden regions: 1->0(104)
[5.199s][info][gc,heap     ] GC(206) Survivor regions: 1->1(14)
[5.199s][info][gc,heap     ] GC(206) Old regions: 5->5
[5.199s][info][gc,heap     ] GC(206) Humongous regions: 232->132
[5.199s][info][gc,metaspace] GC(206) Metaspace: 364K(576K)->364K(576K) NonClass: 343K(448K)->343K(448K) Class: 21K(128K)->21K(128K)
[5.199s][info][gc          ] GC(206) Pause Young (Concurrent Start) (G1 Humongous Allocation) 236M->136M(256M) 1.965ms
[5.199s][info][gc,cpu      ] GC(206) User=0.00s Sys=0.00s Real=0.00s
[5.199s][info][gc          ] GC(207) Concurrent Mark Cycle
[5.199s][info][gc,marking  ] GC(207) Concurrent Scan Root Regions
[5.200s][info][gc,marking  ] GC(207) Concurrent Scan Root Regions 0.921ms
[5.200s][info][gc,marking  ] GC(207) Concurrent Mark
[5.200s][info][gc,marking  ] GC(207) Concurrent Mark From Roots
[5.200s][info][gc,task     ] GC(207) Using 1 workers of 1 for marking
[5.209s][info][gc,marking  ] GC(207) Concurrent Mark From Roots 8.583ms
[5.209s][info][gc,marking  ] GC(207) Concurrent Preclean
[5.209s][info][gc,marking  ] GC(207) Concurrent Preclean 0.022ms
[5.209s][info][gc,start    ] GC(207) Pause Remark
[5.210s][info][gc          ] GC(207) Pause Remark 239M->239M(256M) 0.682ms
[5.210s][info][gc,cpu      ] GC(207) User=0.00s Sys=0.00s Real=0.00s
[5.210s][info][gc,marking  ] GC(207) Concurrent Mark 9.548ms
[5.210s][info][gc,marking  ] GC(207) Concurrent Rebuild Remembered Sets and Scrub Regions
[5.210s][info][gc,marking  ] GC(207) Concurrent Rebuild Remembered Sets and Scrub Regions 0.623ms
[5.210s][info][gc,start    ] GC(207) Pause Cleanup
[5.211s][info][gc          ] GC(207) Pause Cleanup 239M->239M(256M) 0.085ms
[5.211s][info][gc,cpu      ] GC(207) User=0.00s Sys=0.00s Real=0.00s
[5.211s][info][gc,marking  ] GC(207) Concurrent Clear Claimed Marks
[5.211s][info][gc,marking  ] GC(207) Concurrent Clear Claimed Marks 0.008ms
[5.211s][info][gc,marking  ] GC(207) Concurrent Cleanup for Next Mark
[5.211s][info][gc,marking  ] GC(207) Concurrent Cleanup for Next Mark 0.140ms
[5.211s][info][gc          ] GC(207) Concurrent Mark Cycle 11.451ms
[5.306s][info][gc,start    ] GC(208) Pause Young (Concurrent Start) (G1 Humongous Allocation)
[5.307s][info][gc,task     ] GC(208) Using 2 workers of 2 for evacuation
[5.310s][info][gc,phases   ] GC(208)   Pre Evacuate Collection Set: 1.41ms
[5.310s][info][gc,phases   ] GC(208)   Merge Heap Roots: 0.20ms
[5.310s][info][gc,phases   ] GC(208)   Evacuate Collection Set: 0.96ms
[5.310s][info][gc,phases   ] GC(208)   Post Evacuate Collection Set: 0.68ms
[5.310s][info][gc,phases   ] GC(208)   Other: 0.27ms
[5.310s][info][gc,heap     ] GC(208) Eden regions: 1->0(101)
[5.310s][info][gc,heap     ] GC(208) Survivor regions: 1->1(14)
[5.310s][info][gc,heap     ] GC(208) Old regions: 5->5
[5.310s][info][gc,heap     ] GC(208) Humongous regions: 235->135
[5.310s][info][gc,metaspace] GC(208) Metaspace: 364K(576K)->364K(576K) NonClass: 343K(448K)->343K(448K) Class: 21K(128K)->21K(128K)
[5.311s][info][gc          ] GC(208) Pause Young (Concurrent Start) (G1 Humongous Allocation) 239M->139M(256M) 4.275ms
[5.311s][info][gc,cpu      ] GC(208) User=0.00s Sys=0.00s Real=0.00s
[5.311s][info][gc          ] GC(209) Concurrent Mark Cycle
[5.311s][info][gc,marking  ] GC(209) Concurrent Scan Root Regions
[5.312s][info][gc,marking  ] GC(209) Concurrent Scan Root Regions 1.019ms
[5.312s][info][gc,marking  ] GC(209) Concurrent Mark
[5.312s][info][gc,marking  ] GC(209) Concurrent Mark From Roots
[5.312s][info][gc,task     ] GC(209) Using 1 workers of 1 for marking
[5.317s][info][gc,marking  ] GC(209) Concurrent Mark From Roots 4.935ms
[5.317s][info][gc,marking  ] GC(209) Concurrent Preclean
[5.317s][info][gc,marking  ] GC(209) Concurrent Preclean 0.023ms
[5.317s][info][gc,start    ] GC(209) Pause Remark
[5.319s][info][gc          ] GC(209) Pause Remark 242M->242M(256M) 2.529ms
[5.320s][info][gc,cpu      ] GC(209) User=0.00s Sys=0.00s Real=0.00s
[5.320s][info][gc,marking  ] GC(209) Concurrent Mark 7.794ms
[5.320s][info][gc,marking  ] GC(209) Concurrent Rebuild Remembered Sets and Scrub Regions
[5.321s][info][gc,marking  ] GC(209) Concurrent Rebuild Remembered Sets and Scrub Regions 1.520ms
[5.321s][info][gc,start    ] GC(209) Pause Cleanup
[5.321s][info][gc          ] GC(209) Pause Cleanup 242M->242M(256M) 0.176ms
[5.321s][info][gc,cpu      ] GC(209) User=0.00s Sys=0.00s Real=0.00s
[5.321s][info][gc,marking  ] GC(209) Concurrent Clear Claimed Marks
[5.321s][info][gc,marking  ] GC(209) Concurrent Clear Claimed Marks 0.012ms
[5.321s][info][gc,marking  ] GC(209) Concurrent Cleanup for Next Mark
[5.322s][info][gc,marking  ] GC(209) Concurrent Cleanup for Next Mark 0.262ms
[5.322s][info][gc          ] GC(209) Concurrent Mark Cycle 11.038ms
[5.415s][info][gc,start    ] GC(210) Pause Young (Concurrent Start) (G1 Humongous Allocation)
[5.415s][info][gc,task     ] GC(210) Using 2 workers of 2 for evacuation
[5.419s][info][gc,phases   ] GC(210)   Pre Evacuate Collection Set: 0.86ms
[5.419s][info][gc,phases   ] GC(210)   Merge Heap Roots: 0.24ms
[5.419s][info][gc,phases   ] GC(210)   Evacuate Collection Set: 0.97ms
[5.419s][info][gc,phases   ] GC(210)   Post Evacuate Collection Set: 0.82ms
[5.419s][info][gc,phases   ] GC(210)   Other: 0.27ms
[5.419s][info][gc,heap     ] GC(210) Eden regions: 1->0(98)
[5.419s][info][gc,heap     ] GC(210) Survivor regions: 1->1(11)
[5.419s][info][gc,heap     ] GC(210) Old regions: 5->5
[5.419s][info][gc,heap     ] GC(210) Humongous regions: 238->138
[5.419s][info][gc,metaspace] GC(210) Metaspace: 364K(576K)->364K(576K) NonClass: 343K(448K)->343K(448K) Class: 21K(128K)->21K(128K)
[5.419s][info][gc          ] GC(210) Pause Young (Concurrent Start) (G1 Humongous Allocation) 242M->142M(256M) 3.688ms
[5.419s][info][gc,cpu      ] GC(210) User=0.01s Sys=0.00s Real=0.01s
[5.419s][info][gc          ] GC(211) Concurrent Mark Cycle
[5.419s][info][gc,marking  ] GC(211) Concurrent Scan Root Regions
[5.419s][info][gc,marking  ] GC(211) Concurrent Scan Root Regions 0.122ms
[5.419s][info][gc,marking  ] GC(211) Concurrent Mark
[5.419s][info][gc,marking  ] GC(211) Concurrent Mark From Roots
[5.419s][info][gc,task     ] GC(211) Using 1 workers of 1 for marking
[5.429s][info][gc,marking  ] GC(211) Concurrent Mark From Roots 9.945ms
[5.429s][info][gc,marking  ] GC(211) Concurrent Preclean
[5.429s][info][gc,marking  ] GC(211) Concurrent Preclean 0.056ms
[5.430s][info][gc,start    ] GC(211) Pause Remark
[5.433s][info][gc          ] GC(211) Pause Remark 245M->245M(256M) 2.854ms
[5.433s][info][gc,cpu      ] GC(211) User=0.01s Sys=0.00s Real=0.00s
[5.433s][info][gc,marking  ] GC(211) Concurrent Mark 13.711ms
[5.433s][info][gc,marking  ] GC(211) Concurrent Rebuild Remembered Sets and Scrub Regions
[5.436s][info][gc,marking  ] GC(211) Concurrent Rebuild Remembered Sets and Scrub Regions 2.570ms
[5.436s][info][gc,start    ] GC(211) Pause Cleanup
[5.436s][info][gc          ] GC(211) Pause Cleanup 245M->245M(256M) 0.217ms
[5.436s][info][gc,cpu      ] GC(211) User=0.00s Sys=0.00s Real=0.00s
[5.436s][info][gc,marking  ] GC(211) Concurrent Clear Claimed Marks
[5.436s][info][gc,marking  ] GC(211) Concurrent Clear Claimed Marks 0.014ms
[5.436s][info][gc,marking  ] GC(211) Concurrent Cleanup for Next Mark
[5.437s][info][gc,marking  ] GC(211) Concurrent Cleanup for Next Mark 0.606ms
[5.437s][info][gc          ] GC(211) Concurrent Mark Cycle 17.586ms
[5.528s][info][gc,start    ] GC(212) Pause Young (Concurrent Start) (G1 Humongous Allocation)
[5.528s][info][gc,task     ] GC(212) Using 2 workers of 2 for evacuation
[5.533s][info][gc,phases   ] GC(212)   Pre Evacuate Collection Set: 1.34ms
[5.533s][info][gc,phases   ] GC(212)   Merge Heap Roots: 0.30ms
[5.533s][info][gc,phases   ] GC(212)   Evacuate Collection Set: 0.89ms
[5.533s][info][gc,phases   ] GC(212)   Post Evacuate Collection Set: 1.80ms
[5.533s][info][gc,phases   ] GC(212)   Other: 0.36ms
[5.533s][info][gc,heap     ] GC(212) Eden regions: 1->0(95)
[5.533s][info][gc,heap     ] GC(212) Survivor regions: 1->1(8)
[5.533s][info][gc,heap     ] GC(212) Old regions: 5->5
[5.533s][info][gc,heap     ] GC(212) Humongous regions: 241->141
[5.533s][info][gc,metaspace] GC(212) Metaspace: 364K(576K)->364K(576K) NonClass: 343K(448K)->343K(448K) Class: 21K(128K)->21K(128K)
[5.533s][info][gc          ] GC(212) Pause Young (Concurrent Start) (G1 Humongous Allocation) 245M->145M(256M) 5.346ms
[5.533s][info][gc,cpu      ] GC(212) User=0.00s Sys=0.01s Real=0.00s
[5.533s][info][gc          ] GC(213) Concurrent Mark Cycle
[5.533s][info][gc,marking  ] GC(213) Concurrent Scan Root Regions
[5.535s][info][gc,marking  ] GC(213) Concurrent Scan Root Regions 2.185ms
[5.535s][info][gc,marking  ] GC(213) Concurrent Mark
[5.535s][info][gc,marking  ] GC(213) Concurrent Mark From Roots
[5.535s][info][gc,task     ] GC(213) Using 1 workers of 1 for marking
[5.547s][info][gc,marking  ] GC(213) Concurrent Mark From Roots 11.699ms
[5.547s][info][gc,marking  ] GC(213) Concurrent Preclean
[5.547s][info][gc,marking  ] GC(213) Concurrent Preclean 0.036ms
[5.547s][info][gc,start    ] GC(213) Pause Remark
[5.549s][info][gc          ] GC(213) Pause Remark 248M->248M(256M) 1.332ms
[5.549s][info][gc,cpu      ] GC(213) User=0.00s Sys=0.00s Real=0.00s
[5.549s][info][gc,marking  ] GC(213) Concurrent Mark 13.468ms
[5.549s][info][gc,marking  ] GC(213) Concurrent Rebuild Remembered Sets and Scrub Regions
[5.550s][info][gc,marking  ] GC(213) Concurrent Rebuild Remembered Sets and Scrub Regions 1.114ms
[5.550s][info][gc,start    ] GC(213) Pause Cleanup
[5.550s][info][gc          ] GC(213) Pause Cleanup 248M->248M(256M) 0.228ms
[5.550s][info][gc,cpu      ] GC(213) User=0.00s Sys=0.00s Real=0.00s
[5.550s][info][gc,marking  ] GC(213) Concurrent Clear Claimed Marks
[5.550s][info][gc,marking  ] GC(213) Concurrent Clear Claimed Marks 0.013ms
[5.550s][info][gc,marking  ] GC(213) Concurrent Cleanup for Next Mark
[5.552s][info][gc,marking  ] GC(213) Concurrent Cleanup for Next Mark 1.280ms
[5.552s][info][gc          ] GC(213) Concurrent Mark Cycle 18.722ms
[5.644s][info][gc,start    ] GC(214) Pause Young (Concurrent Start) (G1 Humongous Allocation)
[5.644s][info][gc,task     ] GC(214) Using 2 workers of 2 for evacuation
[5.647s][info][gc,phases   ] GC(214)   Pre Evacuate Collection Set: 0.63ms
[5.647s][info][gc,phases   ] GC(214)   Merge Heap Roots: 0.17ms
[5.647s][info][gc,phases   ] GC(214)   Evacuate Collection Set: 0.95ms
[5.647s][info][gc,phases   ] GC(214)   Post Evacuate Collection Set: 0.83ms
[5.647s][info][gc,phases   ] GC(214)   Other: 0.21ms
[5.647s][info][gc,heap     ] GC(214) Eden regions: 1->0(92)
[5.647s][info][gc,heap     ] GC(214) Survivor regions: 1->1(5)
[5.647s][info][gc,heap     ] GC(214) Old regions: 5->5
[5.647s][info][gc,heap     ] GC(214) Humongous regions: 244->144
[5.647s][info][gc,metaspace] GC(214) Metaspace: 364K(576K)->364K(576K) NonClass: 343K(448K)->343K(448K) Class: 21K(128K)->21K(128K)
[5.647s][info][gc          ] GC(214) Pause Young (Concurrent Start) (G1 Humongous Allocation) 248M->148M(256M) 3.264ms
[5.647s][info][gc,cpu      ] GC(214) User=0.00s Sys=0.00s Real=0.01s
[5.647s][info][gc          ] GC(215) Concurrent Mark Cycle
[5.647s][info][gc,marking  ] GC(215) Concurrent Scan Root Regions
[5.649s][info][gc,marking  ] GC(215) Concurrent Scan Root Regions 1.652ms
[5.649s][info][gc,marking  ] GC(215) Concurrent Mark
[5.649s][info][gc,marking  ] GC(215) Concurrent Mark From Roots
[5.649s][info][gc,task     ] GC(215) Using 1 workers of 1 for marking
[5.659s][info][gc,marking  ] GC(215) Concurrent Mark From Roots 9.327ms
[5.659s][info][gc,marking  ] GC(215) Concurrent Preclean
[5.659s][info][gc,marking  ] GC(215) Concurrent Preclean 0.041ms
[5.660s][info][gc,start    ] GC(215) Pause Remark
[5.662s][info][gc          ] GC(215) Pause Remark 251M->251M(256M) 1.891ms
[5.662s][info][gc,cpu      ] GC(215) User=0.00s Sys=0.00s Real=0.00s
[5.662s][info][gc,marking  ] GC(215) Concurrent Mark 12.493ms
[5.662s][info][gc,marking  ] GC(215) Concurrent Rebuild Remembered Sets and Scrub Regions
[5.663s][info][gc,marking  ] GC(215) Concurrent Rebuild Remembered Sets and Scrub Regions 1.617ms
[5.663s][info][gc,start    ] GC(215) Pause Cleanup
[5.664s][info][gc          ] GC(215) Pause Cleanup 251M->251M(256M) 0.186ms
[5.664s][info][gc,cpu      ] GC(215) User=0.00s Sys=0.00s Real=0.00s
[5.664s][info][gc,marking  ] GC(215) Concurrent Clear Claimed Marks
[5.664s][info][gc,marking  ] GC(215) Concurrent Clear Claimed Marks 0.019ms
[5.664s][info][gc,marking  ] GC(215) Concurrent Cleanup for Next Mark
[5.664s][info][gc,marking  ] GC(215) Concurrent Cleanup for Next Mark 0.326ms
[5.664s][info][gc          ] GC(215) Concurrent Mark Cycle 16.627ms
[5.753s][info][gc,start    ] GC(216) Pause Young (Concurrent Start) (G1 Humongous Allocation)
[5.754s][info][gc,task     ] GC(216) Using 2 workers of 2 for evacuation
[5.757s][info][gc,phases   ] GC(216)   Pre Evacuate Collection Set: 0.91ms
[5.757s][info][gc,phases   ] GC(216)   Merge Heap Roots: 0.38ms
[5.757s][info][gc,phases   ] GC(216)   Evacuate Collection Set: 1.11ms
[5.757s][info][gc,phases   ] GC(216)   Post Evacuate Collection Set: 0.66ms
[5.757s][info][gc,phases   ] GC(216)   Other: 0.22ms
[5.757s][info][gc,heap     ] GC(216) Eden regions: 1->0(89)
[5.757s][info][gc,heap     ] GC(216) Survivor regions: 1->1(2)
[5.757s][info][gc,heap     ] GC(216) Old regions: 5->5
[5.757s][info][gc,heap     ] GC(216) Humongous regions: 247->147
[5.757s][info][gc,metaspace] GC(216) Metaspace: 364K(576K)->364K(576K) NonClass: 343K(448K)->343K(448K) Class: 21K(128K)->21K(128K)
[5.757s][info][gc          ] GC(216) Pause Young (Concurrent Start) (G1 Humongous Allocation) 251M->151M(256M) 3.799ms
[5.757s][info][gc,cpu      ] GC(216) User=0.01s Sys=0.00s Real=0.01s
[5.757s][info][gc          ] GC(217) Concurrent Mark Cycle
[5.757s][info][gc,marking  ] GC(217) Concurrent Scan Root Regions
[5.759s][info][gc,marking  ] GC(217) Concurrent Scan Root Regions 1.707ms
[5.759s][info][gc,marking  ] GC(217) Concurrent Mark
[5.759s][info][gc,marking  ] GC(217) Concurrent Mark From Roots
[5.759s][info][gc,task     ] GC(217) Using 1 workers of 1 for marking
[5.763s][info][gc,start    ] GC(218) Pause Young (Normal) (G1 Humongous Allocation)
[5.763s][info][gc,task     ] GC(218) Using 2 workers of 2 for evacuation
[5.766s][info][gc,phases   ] GC(218)   Pre Evacuate Collection Set: 0.98ms
[5.766s][info][gc,phases   ] GC(218)   Merge Heap Roots: 0.21ms
[5.766s][info][gc,phases   ] GC(218)   Evacuate Collection Set: 0.91ms
[5.766s][info][gc,phases   ] GC(218)   Post Evacuate Collection Set: 1.17ms
[5.766s][info][gc,phases   ] GC(218)   Other: 0.13ms
[5.767s][info][gc,heap     ] GC(218) Eden regions: 1->0(87)
[5.767s][info][gc,heap     ] GC(218) Survivor regions: 1->0(0)
[5.767s][info][gc,heap     ] GC(218) Old regions: 5->5
[5.767s][info][gc,heap     ] GC(218) Humongous regions: 249->150
[5.767s][info][gc,metaspace] GC(218) Metaspace: 364K(576K)->364K(576K) NonClass: 343K(448K)->343K(448K) Class: 21K(128K)->21K(128K)
[5.767s][info][gc          ] GC(218) Pause Young (Normal) (G1 Humongous Allocation) 253M->154M(256M) 3.920ms
[5.767s][info][gc,cpu      ] GC(218) User=0.01s Sys=0.00s Real=0.01s
[5.775s][info][gc,marking  ] GC(217) Concurrent Mark From Roots 16.316ms
[5.775s][info][gc,marking  ] GC(217) Concurrent Preclean
[5.775s][info][gc,marking  ] GC(217) Concurrent Preclean 0.046ms
[5.775s][info][gc,start    ] GC(217) Pause Remark
[5.777s][info][gc          ] GC(217) Pause Remark 155M->155M(256M) 1.798ms
[5.777s][info][gc,cpu      ] GC(217) User=0.00s Sys=0.00s Real=0.01s
[5.777s][info][gc,marking  ] GC(217) Concurrent Mark 18.517ms
[5.777s][info][gc,marking  ] GC(217) Concurrent Rebuild Remembered Sets and Scrub Regions
[5.779s][info][gc,marking  ] GC(217) Concurrent Rebuild Remembered Sets and Scrub Regions 1.619ms
[5.779s][info][gc,start    ] GC(217) Pause Cleanup
[5.779s][info][gc          ] GC(217) Pause Cleanup 155M->155M(256M) 0.176ms
[5.779s][info][gc,cpu      ] GC(217) User=0.00s Sys=0.00s Real=0.00s
[5.779s][info][gc,marking  ] GC(217) Concurrent Clear Claimed Marks
[5.779s][info][gc,marking  ] GC(217) Concurrent Clear Claimed Marks 0.015ms
[5.779s][info][gc,marking  ] GC(217) Concurrent Cleanup for Next Mark
[5.780s][info][gc,marking  ] GC(217) Concurrent Cleanup for Next Mark 0.663ms
[5.780s][info][gc          ] GC(217) Concurrent Mark Cycle 23.082ms
[5.874s][info][gc,start    ] GC(219) Pause Young (Concurrent Start) (G1 Humongous Allocation)
[5.875s][info][gc,task     ] GC(219) Using 2 workers of 2 for evacuation
[5.879s][info][gc,phases   ] GC(219)   Pre Evacuate Collection Set: 0.89ms
[5.879s][info][gc,phases   ] GC(219)   Merge Heap Roots: 0.31ms
[5.879s][info][gc,phases   ] GC(219)   Evacuate Collection Set: 0.65ms
[5.879s][info][gc,phases   ] GC(219)   Post Evacuate Collection Set: 1.93ms
[5.879s][info][gc,phases   ] GC(219)   Other: 0.41ms
[5.879s][info][gc,heap     ] GC(219) Eden regions: 0->0(87)
[5.879s][info][gc,heap     ] GC(219) Survivor regions: 0->0(11)
[5.879s][info][gc,heap     ] GC(219) Old regions: 5->5
[5.879s][info][gc,heap     ] GC(219) Humongous regions: 151->150
[5.879s][info][gc,metaspace] GC(219) Metaspace: 364K(576K)->364K(576K) NonClass: 343K(448K)->343K(448K) Class: 21K(128K)->21K(128K)
[5.879s][info][gc          ] GC(219) Pause Young (Concurrent Start) (G1 Humongous Allocation) 155M->154M(256M) 4.476ms
[5.879s][info][gc,cpu      ] GC(219) User=0.00s Sys=0.00s Real=0.01s
[5.880s][info][gc          ] GC(220) Concurrent Mark Cycle
[5.880s][info][gc,marking  ] GC(220) Concurrent Scan Root Regions
[5.880s][info][gc,marking  ] GC(220) Concurrent Scan Root Regions 0.040ms
[5.880s][info][gc,marking  ] GC(220) Concurrent Mark
[5.880s][info][gc,marking  ] GC(220) Concurrent Mark From Roots
[5.880s][info][gc,task     ] GC(220) Using 1 workers of 1 for marking
[5.887s][info][gc,start    ] GC(221) Pause Young (Normal) (G1 Humongous Allocation)
[5.887s][info][gc,task     ] GC(221) Using 2 workers of 2 for evacuation
[5.887s][info][gc,marking  ] GC(220) Concurrent Mark From Roots 7.103ms
[5.887s][info][gc,marking  ] GC(220) Concurrent Preclean
[5.888s][info][gc,phases   ] GC(221)   Pre Evacuate Collection Set: 0.17ms
[5.888s][info][gc,phases   ] GC(221)   Merge Heap Roots: 0.03ms
[5.888s][info][gc,phases   ] GC(221)   Evacuate Collection Set: 0.10ms
[5.888s][info][gc,phases   ] GC(221)   Post Evacuate Collection Set: 0.29ms
[5.888s][info][gc,phases   ] GC(221)   Other: 0.11ms
[5.888s][info][gc,heap     ] GC(221) Eden regions: 1->0(84)
[5.888s][info][gc,heap     ] GC(221) Survivor regions: 0->0(0)
[5.888s][info][gc,heap     ] GC(221) Old regions: 5->5
[5.888s][info][gc,heap     ] GC(221) Humongous regions: 250->153
[5.888s][info][gc,metaspace] GC(221) Metaspace: 364K(576K)->364K(576K) NonClass: 343K(448K)->343K(448K) Class: 21K(128K)->21K(128K)
[5.888s][info][gc          ] GC(221) Pause Young (Normal) (G1 Humongous Allocation) 254M->157M(256M) 0.911ms
[5.888s][info][gc,cpu      ] GC(221) User=0.00s Sys=0.00s Real=0.00s
[5.888s][info][gc,marking  ] GC(220) Concurrent Preclean 0.860ms
[5.888s][info][gc,start    ] GC(220) Pause Remark
[5.890s][info][gc          ] GC(220) Pause Remark 160M->160M(256M) 1.839ms
[5.890s][info][gc,cpu      ] GC(220) User=0.00s Sys=0.00s Real=0.00s
[5.890s][info][gc,marking  ] GC(220) Concurrent Mark 10.192ms
[5.890s][info][gc,marking  ] GC(220) Concurrent Rebuild Remembered Sets and Scrub Regions
[5.892s][info][gc,marking  ] GC(220) Concurrent Rebuild Remembered Sets and Scrub Regions 2.419ms
[5.893s][info][gc,start    ] GC(220) Pause Cleanup
[5.893s][info][gc          ] GC(220) Pause Cleanup 160M->160M(256M) 0.235ms
[5.893s][info][gc,cpu      ] GC(220) User=0.00s Sys=0.00s Real=0.00s
[5.893s][info][gc,marking  ] GC(220) Concurrent Clear Claimed Marks
[5.893s][info][gc,marking  ] GC(220) Concurrent Clear Claimed Marks 0.013ms
[5.893s][info][gc,marking  ] GC(220) Concurrent Cleanup for Next Mark
[5.893s][info][gc,marking  ] GC(220) Concurrent Cleanup for Next Mark 0.419ms
[5.893s][info][gc          ] GC(220) Concurrent Mark Cycle 13.832ms
[5.990s][info][gc,heap,exit] Heap
[5.990s][info][gc,heap,exit]  garbage-first heap   total 262144K, used 165175K [0x00000000f0000000, 0x0000000100000000)
[5.990s][info][gc,heap,exit]   region size 1024K, 1 young (1024K), 0 survivors (0K)
[5.990s][info][gc,heap,exit]  Metaspace       used 365K, committed 576K, reserved 1114112K
[5.990s][info][gc,heap,exit]   class space    used 21K, committed 128K, reserved 1048576K
